<?xml version="1.0" encoding="ISO-8859-1" ?>
<link_info>
   <banner>MSP430 Linker PC v21.6.1.LTS</banner>
   <copyright>Copyright (c) 2003-2018 Texas Instruments Incorporated</copyright>
   <link_time>0x659bf3e8</link_time>
   <link_errors>0x0</link_errors>
   <output_file>DHX_V5.out</output_file>
   <entry_point>
      <name>_c_int00_noargs</name>
      <address>0xe222</address>
   </entry_point>
   <input_file_list>
      <input_file id="fl-2">
         <path>.\</path>
         <kind>object</kind>
         <file>main.obj</file>
         <name>main.obj</name>
      </input_file>
      <input_file id="fl-3">
         <path>.\driverlib\MSP430FR2xx_4xx\</path>
         <kind>object</kind>
         <file>adc.obj</file>
         <name>adc.obj</name>
      </input_file>
      <input_file id="fl-4">
         <path>.\driverlib\MSP430FR2xx_4xx\</path>
         <kind>object</kind>
         <file>crc.obj</file>
         <name>crc.obj</name>
      </input_file>
      <input_file id="fl-5">
         <path>.\driverlib\MSP430FR2xx_4xx\</path>
         <kind>object</kind>
         <file>cs.obj</file>
         <name>cs.obj</name>
      </input_file>
      <input_file id="fl-6">
         <path>.\driverlib\MSP430FR2xx_4xx\</path>
         <kind>object</kind>
         <file>ecomp.obj</file>
         <name>ecomp.obj</name>
      </input_file>
      <input_file id="fl-7">
         <path>.\driverlib\MSP430FR2xx_4xx\</path>
         <kind>object</kind>
         <file>eusci_a_spi.obj</file>
         <name>eusci_a_spi.obj</name>
      </input_file>
      <input_file id="fl-8">
         <path>.\driverlib\MSP430FR2xx_4xx\</path>
         <kind>object</kind>
         <file>eusci_a_uart.obj</file>
         <name>eusci_a_uart.obj</name>
      </input_file>
      <input_file id="fl-9">
         <path>.\driverlib\MSP430FR2xx_4xx\</path>
         <kind>object</kind>
         <file>eusci_b_i2c.obj</file>
         <name>eusci_b_i2c.obj</name>
      </input_file>
      <input_file id="fl-a">
         <path>.\driverlib\MSP430FR2xx_4xx\</path>
         <kind>object</kind>
         <file>eusci_b_spi.obj</file>
         <name>eusci_b_spi.obj</name>
      </input_file>
      <input_file id="fl-b">
         <path>.\driverlib\MSP430FR2xx_4xx\</path>
         <kind>object</kind>
         <file>framctl.obj</file>
         <name>framctl.obj</name>
      </input_file>
      <input_file id="fl-c">
         <path>.\driverlib\MSP430FR2xx_4xx\</path>
         <kind>object</kind>
         <file>gpio.obj</file>
         <name>gpio.obj</name>
      </input_file>
      <input_file id="fl-d">
         <path>.\driverlib\MSP430FR2xx_4xx\</path>
         <kind>object</kind>
         <file>icc.obj</file>
         <name>icc.obj</name>
      </input_file>
      <input_file id="fl-e">
         <path>.\driverlib\MSP430FR2xx_4xx\</path>
         <kind>object</kind>
         <file>lcd_e.obj</file>
         <name>lcd_e.obj</name>
      </input_file>
      <input_file id="fl-f">
         <path>.\driverlib\MSP430FR2xx_4xx\</path>
         <kind>object</kind>
         <file>mpy32.obj</file>
         <name>mpy32.obj</name>
      </input_file>
      <input_file id="fl-10">
         <path>.\driverlib\MSP430FR2xx_4xx\</path>
         <kind>object</kind>
         <file>pmm.obj</file>
         <name>pmm.obj</name>
      </input_file>
      <input_file id="fl-11">
         <path>.\driverlib\MSP430FR2xx_4xx\</path>
         <kind>object</kind>
         <file>rtc.obj</file>
         <name>rtc.obj</name>
      </input_file>
      <input_file id="fl-12">
         <path>.\driverlib\MSP430FR2xx_4xx\</path>
         <kind>object</kind>
         <file>sac.obj</file>
         <name>sac.obj</name>
      </input_file>
      <input_file id="fl-13">
         <path>.\driverlib\MSP430FR2xx_4xx\</path>
         <kind>object</kind>
         <file>sfr.obj</file>
         <name>sfr.obj</name>
      </input_file>
      <input_file id="fl-14">
         <path>.\driverlib\MSP430FR2xx_4xx\</path>
         <kind>object</kind>
         <file>sysctl.obj</file>
         <name>sysctl.obj</name>
      </input_file>
      <input_file id="fl-15">
         <path>.\driverlib\MSP430FR2xx_4xx\</path>
         <kind>object</kind>
         <file>tia.obj</file>
         <name>tia.obj</name>
      </input_file>
      <input_file id="fl-16">
         <path>.\driverlib\MSP430FR2xx_4xx\</path>
         <kind>object</kind>
         <file>timer_a.obj</file>
         <name>timer_a.obj</name>
      </input_file>
      <input_file id="fl-17">
         <path>.\driverlib\MSP430FR2xx_4xx\</path>
         <kind>object</kind>
         <file>timer_b.obj</file>
         <name>timer_b.obj</name>
      </input_file>
      <input_file id="fl-18">
         <path>.\driverlib\MSP430FR2xx_4xx\</path>
         <kind>object</kind>
         <file>tlv.obj</file>
         <name>tlv.obj</name>
      </input_file>
      <input_file id="fl-19">
         <path>.\driverlib\MSP430FR2xx_4xx\</path>
         <kind>object</kind>
         <file>wdt_a.obj</file>
         <name>wdt_a.obj</name>
      </input_file>
      <input_file id="fl-1e">
         <kind>object</kind>
         <file>&lt;internal&gt;</file>
         <name>&lt;internal&gt;</name>
      </input_file>
      <input_file id="fl-34">
         <path>D:\Program Files\ti\ccs1240\ccs\tools\compiler\ti-cgt-msp430_21.6.1.LTS\lib\</path>
         <kind>archive</kind>
         <file>rts430_eabi.lib</file>
         <name>div16s.asm.obj</name>
      </input_file>
      <input_file id="fl-35">
         <path>D:\Program Files\ti\ccs1240\ccs\tools\compiler\ti-cgt-msp430_21.6.1.LTS\lib\</path>
         <kind>archive</kind>
         <file>rts430_eabi.lib</file>
         <name>div16u.asm.obj</name>
      </input_file>
      <input_file id="fl-36">
         <path>D:\Program Files\ti\ccs1240\ccs\tools\compiler\ti-cgt-msp430_21.6.1.LTS\lib\</path>
         <kind>archive</kind>
         <file>rts430_eabi.lib</file>
         <name>div32s.asm.obj</name>
      </input_file>
      <input_file id="fl-37">
         <path>D:\Program Files\ti\ccs1240\ccs\tools\compiler\ti-cgt-msp430_21.6.1.LTS\lib\</path>
         <kind>archive</kind>
         <file>rts430_eabi.lib</file>
         <name>div32u.asm.obj</name>
      </input_file>
      <input_file id="fl-38">
         <path>D:\Program Files\ti\ccs1240\ccs\tools\compiler\ti-cgt-msp430_21.6.1.LTS\lib\</path>
         <kind>archive</kind>
         <file>rts430_eabi.lib</file>
         <name>epilog.asm.obj</name>
      </input_file>
      <input_file id="fl-39">
         <path>D:\Program Files\ti\ccs1240\ccs\tools\compiler\ti-cgt-msp430_21.6.1.LTS\lib\</path>
         <kind>archive</kind>
         <file>rts430_eabi.lib</file>
         <name>int41.asm.obj</name>
      </input_file>
      <input_file id="fl-3a">
         <path>D:\Program Files\ti\ccs1240\ccs\tools\compiler\ti-cgt-msp430_21.6.1.LTS\lib\</path>
         <kind>archive</kind>
         <file>rts430_eabi.lib</file>
         <name>int42.asm.obj</name>
      </input_file>
      <input_file id="fl-3b">
         <path>D:\Program Files\ti\ccs1240\ccs\tools\compiler\ti-cgt-msp430_21.6.1.LTS\lib\</path>
         <kind>archive</kind>
         <file>rts430_eabi.lib</file>
         <name>int43.asm.obj</name>
      </input_file>
      <input_file id="fl-3c">
         <path>D:\Program Files\ti\ccs1240\ccs\tools\compiler\ti-cgt-msp430_21.6.1.LTS\lib\</path>
         <kind>archive</kind>
         <file>rts430_eabi.lib</file>
         <name>int45.asm.obj</name>
      </input_file>
      <input_file id="fl-3d">
         <path>D:\Program Files\ti\ccs1240\ccs\tools\compiler\ti-cgt-msp430_21.6.1.LTS\lib\</path>
         <kind>archive</kind>
         <file>rts430_eabi.lib</file>
         <name>int47.asm.obj</name>
      </input_file>
      <input_file id="fl-3e">
         <path>D:\Program Files\ti\ccs1240\ccs\tools\compiler\ti-cgt-msp430_21.6.1.LTS\lib\</path>
         <kind>archive</kind>
         <file>rts430_eabi.lib</file>
         <name>int48.asm.obj</name>
      </input_file>
      <input_file id="fl-3f">
         <path>D:\Program Files\ti\ccs1240\ccs\tools\compiler\ti-cgt-msp430_21.6.1.LTS\lib\</path>
         <kind>archive</kind>
         <file>rts430_eabi.lib</file>
         <name>int49.asm.obj</name>
      </input_file>
      <input_file id="fl-40">
         <path>D:\Program Files\ti\ccs1240\ccs\tools\compiler\ti-cgt-msp430_21.6.1.LTS\lib\</path>
         <kind>archive</kind>
         <file>rts430_eabi.lib</file>
         <name>int50.asm.obj</name>
      </input_file>
      <input_file id="fl-41">
         <path>D:\Program Files\ti\ccs1240\ccs\tools\compiler\ti-cgt-msp430_21.6.1.LTS\lib\</path>
         <kind>archive</kind>
         <file>rts430_eabi.lib</file>
         <name>int51.asm.obj</name>
      </input_file>
      <input_file id="fl-42">
         <path>D:\Program Files\ti\ccs1240\ccs\tools\compiler\ti-cgt-msp430_21.6.1.LTS\lib\</path>
         <kind>archive</kind>
         <file>rts430_eabi.lib</file>
         <name>int52.asm.obj</name>
      </input_file>
      <input_file id="fl-43">
         <path>D:\Program Files\ti\ccs1240\ccs\tools\compiler\ti-cgt-msp430_21.6.1.LTS\lib\</path>
         <kind>archive</kind>
         <file>rts430_eabi.lib</file>
         <name>int53.asm.obj</name>
      </input_file>
      <input_file id="fl-44">
         <path>D:\Program Files\ti\ccs1240\ccs\tools\compiler\ti-cgt-msp430_21.6.1.LTS\lib\</path>
         <kind>archive</kind>
         <file>rts430_eabi.lib</file>
         <name>int55.asm.obj</name>
      </input_file>
      <input_file id="fl-45">
         <path>D:\Program Files\ti\ccs1240\ccs\tools\compiler\ti-cgt-msp430_21.6.1.LTS\lib\</path>
         <kind>archive</kind>
         <file>rts430_eabi.lib</file>
         <name>int56.asm.obj</name>
      </input_file>
      <input_file id="fl-46">
         <path>D:\Program Files\ti\ccs1240\ccs\tools\compiler\ti-cgt-msp430_21.6.1.LTS\lib\</path>
         <kind>archive</kind>
         <file>rts430_eabi.lib</file>
         <name>int57.asm.obj</name>
      </input_file>
      <input_file id="fl-47">
         <path>D:\Program Files\ti\ccs1240\ccs\tools\compiler\ti-cgt-msp430_21.6.1.LTS\lib\</path>
         <kind>archive</kind>
         <file>rts430_eabi.lib</file>
         <name>int58.asm.obj</name>
      </input_file>
      <input_file id="fl-48">
         <path>D:\Program Files\ti\ccs1240\ccs\tools\compiler\ti-cgt-msp430_21.6.1.LTS\lib\</path>
         <kind>archive</kind>
         <file>rts430_eabi.lib</file>
         <name>isr_trap.asm.obj</name>
      </input_file>
      <input_file id="fl-49">
         <path>D:\Program Files\ti\ccs1240\ccs\tools\compiler\ti-cgt-msp430_21.6.1.LTS\lib\</path>
         <kind>archive</kind>
         <file>rts430_eabi.lib</file>
         <name>lsl16.asm.obj</name>
      </input_file>
      <input_file id="fl-4a">
         <path>D:\Program Files\ti\ccs1240\ccs\tools\compiler\ti-cgt-msp430_21.6.1.LTS\lib\</path>
         <kind>archive</kind>
         <file>rts430_eabi.lib</file>
         <name>lsr16.asm.obj</name>
      </input_file>
      <input_file id="fl-4b">
         <path>D:\Program Files\ti\ccs1240\ccs\tools\compiler\ti-cgt-msp430_21.6.1.LTS\lib\</path>
         <kind>archive</kind>
         <file>rts430_eabi.lib</file>
         <name>lsr32.asm.obj</name>
      </input_file>
      <input_file id="fl-4c">
         <path>D:\Program Files\ti\ccs1240\ccs\tools\compiler\ti-cgt-msp430_21.6.1.LTS\lib\</path>
         <kind>archive</kind>
         <file>rts430_eabi.lib</file>
         <name>mult16.asm.obj</name>
      </input_file>
      <input_file id="fl-4d">
         <path>D:\Program Files\ti\ccs1240\ccs\tools\compiler\ti-cgt-msp430_21.6.1.LTS\lib\</path>
         <kind>archive</kind>
         <file>rts430_eabi.lib</file>
         <name>mult16_f5hw.asm.obj</name>
      </input_file>
      <input_file id="fl-4e">
         <path>D:\Program Files\ti\ccs1240\ccs\tools\compiler\ti-cgt-msp430_21.6.1.LTS\lib\</path>
         <kind>archive</kind>
         <file>rts430_eabi.lib</file>
         <name>mult1632_f5hw.asm.obj</name>
      </input_file>
      <input_file id="fl-4f">
         <path>D:\Program Files\ti\ccs1240\ccs\tools\compiler\ti-cgt-msp430_21.6.1.LTS\lib\</path>
         <kind>archive</kind>
         <file>rts430_eabi.lib</file>
         <name>mult32.asm.obj</name>
      </input_file>
      <input_file id="fl-50">
         <path>D:\Program Files\ti\ccs1240\ccs\tools\compiler\ti-cgt-msp430_21.6.1.LTS\lib\</path>
         <kind>archive</kind>
         <file>rts430_eabi.lib</file>
         <name>mult32_f5hw.asm.obj</name>
      </input_file>
      <input_file id="fl-51">
         <path>D:\Program Files\ti\ccs1240\ccs\tools\compiler\ti-cgt-msp430_21.6.1.LTS\lib\</path>
         <kind>archive</kind>
         <file>rts430_eabi.lib</file>
         <name>mult3264_f5hw.asm.obj</name>
      </input_file>
      <input_file id="fl-52">
         <path>D:\Program Files\ti\ccs1240\ccs\tools\compiler\ti-cgt-msp430_21.6.1.LTS\lib\</path>
         <kind>archive</kind>
         <file>rts430_eabi.lib</file>
         <name>mult64_f5hw.asm.obj</name>
      </input_file>
      <input_file id="fl-53">
         <path>D:\Program Files\ti\ccs1240\ccs\tools\compiler\ti-cgt-msp430_21.6.1.LTS\lib\</path>
         <kind>archive</kind>
         <file>rts430_eabi.lib</file>
         <name>boot.c.obj</name>
      </input_file>
      <input_file id="fl-54">
         <path>D:\Program Files\ti\ccs1240\ccs\tools\compiler\ti-cgt-msp430_21.6.1.LTS\lib\</path>
         <kind>archive</kind>
         <file>rts430_eabi.lib</file>
         <name>autoinit.c.obj</name>
      </input_file>
      <input_file id="fl-55">
         <path>D:\Program Files\ti\ccs1240\ccs\tools\compiler\ti-cgt-msp430_21.6.1.LTS\lib\</path>
         <kind>archive</kind>
         <file>rts430_eabi.lib</file>
         <name>copy_zero_init.c.obj</name>
      </input_file>
      <input_file id="fl-56">
         <path>D:\Program Files\ti\ccs1240\ccs\tools\compiler\ti-cgt-msp430_21.6.1.LTS\lib\</path>
         <kind>archive</kind>
         <file>rts430_eabi.lib</file>
         <name>cpy_tbl.c.obj</name>
      </input_file>
      <input_file id="fl-57">
         <path>D:\Program Files\ti\ccs1240\ccs\tools\compiler\ti-cgt-msp430_21.6.1.LTS\lib\</path>
         <kind>archive</kind>
         <file>rts430_eabi.lib</file>
         <name>mpu_init.c.obj</name>
      </input_file>
      <input_file id="fl-58">
         <path>D:\Program Files\ti\ccs1240\ccs\tools\compiler\ti-cgt-msp430_21.6.1.LTS\lib\</path>
         <kind>archive</kind>
         <file>rts430_eabi.lib</file>
         <name>pre_init.c.obj</name>
      </input_file>
      <input_file id="fl-59">
         <path>D:\Program Files\ti\ccs1240\ccs\tools\compiler\ti-cgt-msp430_21.6.1.LTS\lib\</path>
         <kind>archive</kind>
         <file>rts430_eabi.lib</file>
         <name>startup.c.obj</name>
      </input_file>
      <input_file id="fl-5a">
         <path>D:\Program Files\ti\ccs1240\ccs\tools\compiler\ti-cgt-msp430_21.6.1.LTS\lib\</path>
         <kind>archive</kind>
         <file>rts430_eabi.lib</file>
         <name>copy_decompress_none.c.obj</name>
      </input_file>
      <input_file id="fl-5b">
         <path>D:\Program Files\ti\ccs1240\ccs\tools\compiler\ti-cgt-msp430_21.6.1.LTS\lib\</path>
         <kind>archive</kind>
         <file>rts430_eabi.lib</file>
         <name>copy_decompress_lzss.c.obj</name>
      </input_file>
      <input_file id="fl-5c">
         <path>D:\Program Files\ti\ccs1240\ccs\tools\compiler\ti-cgt-msp430_21.6.1.LTS\lib\</path>
         <kind>archive</kind>
         <file>rts430_eabi.lib</file>
         <name>exit.c.obj</name>
      </input_file>
      <input_file id="fl-5d">
         <path>D:\Program Files\ti\ccs1240\ccs\tools\compiler\ti-cgt-msp430_21.6.1.LTS\lib\</path>
         <kind>archive</kind>
         <file>rts430_eabi.lib</file>
         <name>_lock.c.obj</name>
      </input_file>
      <input_file id="fl-5e">
         <path>D:\Program Files\ti\ccs1240\ccs\tools\compiler\ti-cgt-msp430_21.6.1.LTS\lib\</path>
         <kind>archive</kind>
         <file>rts430_eabi.lib</file>
         <name>args_main.c.obj</name>
      </input_file>
      <input_file id="fl-5f">
         <path>D:\Program Files\ti\ccs1240\ccs\tools\compiler\ti-cgt-msp430_21.6.1.LTS\lib\</path>
         <kind>archive</kind>
         <file>rts430_eabi.lib</file>
         <name>atol.c.obj</name>
      </input_file>
      <input_file id="fl-60">
         <path>D:\Program Files\ti\ccs1240\ccs\tools\compiler\ti-cgt-msp430_21.6.1.LTS\lib\</path>
         <kind>archive</kind>
         <file>rts430_eabi.lib</file>
         <name>ctype.c.obj</name>
      </input_file>
      <input_file id="fl-61">
         <path>D:\Program Files\ti\ccs1240\ccs\tools\compiler\ti-cgt-msp430_21.6.1.LTS\lib\</path>
         <kind>archive</kind>
         <file>rts430_eabi.lib</file>
         <name>memcpy.c.obj</name>
      </input_file>
      <input_file id="fl-62">
         <path>D:\Program Files\ti\ccs1240\ccs\tools\compiler\ti-cgt-msp430_21.6.1.LTS\lib\</path>
         <kind>archive</kind>
         <file>rts430_eabi.lib</file>
         <name>strncpy.c.obj</name>
      </input_file>
      <input_file id="fl-63">
         <path>D:\Program Files\ti\ccs1240\ccs\tools\compiler\ti-cgt-msp430_21.6.1.LTS\lib\</path>
         <kind>archive</kind>
         <file>rts430_eabi.lib</file>
         <name>exit_gvars.c.obj</name>
      </input_file>
   </input_file_list>
   <object_component_list>
      <object_component id="oc-6e9">
         <name>.cinit..data.load</name>
         <load_address>0xc400</load_address>
         <run_address>0xc400</run_address>
         <size>0x1b</size>
      </object_component>
      <object_component id="oc-6e6">
         <name>__TI_handler_table</name>
         <load_address>0xc41c</load_address>
         <run_address>0xc41c</run_address>
         <size>0x6</size>
      </object_component>
      <object_component id="oc-6e8">
         <name>.cinit..bss.load</name>
         <load_address>0xc422</load_address>
         <run_address>0xc422</run_address>
         <size>0x4</size>
      </object_component>
      <object_component id="oc-6e7">
         <name>__TI_cinit_table</name>
         <load_address>0xc426</load_address>
         <run_address>0xc426</run_address>
         <size>0x8</size>
      </object_component>
      <object_component id="oc-67e">
         <name>.binit</name>
         <load_address>0xc42e</load_address>
         <run_address>0xc42e</run_address>
         <size>0x0</size>
      </object_component>
      <object_component id="oc-423">
         <name>.const:.string</name>
         <load_address>0xc42e</load_address>
         <run_address>0xc42e</run_address>
         <size>0x1a2</size>
         <input_file_ref idref="fl-2"/>
      </object_component>
      <object_component id="oc-484">
         <name>.const:.string:_ctypes_</name>
         <load_address>0xc5d0</load_address>
         <run_address>0xc5d0</run_address>
         <size>0x101</size>
         <input_file_ref idref="fl-60"/>
      </object_component>
      <object_component id="oc-4d3">
         <name>.const:GPIO_PORT_TO_BASE</name>
         <load_address>0xc6d2</load_address>
         <run_address>0xc6d2</run_address>
         <size>0x1c</size>
         <input_file_ref idref="fl-c"/>
      </object_component>
      <object_component id="oc-592">
         <name>.const:$P$T2$3</name>
         <load_address>0xc6ee</load_address>
         <run_address>0xc6ee</run_address>
         <size>0x12</size>
         <input_file_ref idref="fl-2"/>
      </object_component>
      <object_component id="oc-54d">
         <name>.const:$P$T0$1</name>
         <load_address>0xc700</load_address>
         <run_address>0xc700</run_address>
         <size>0x10</size>
         <input_file_ref idref="fl-2"/>
      </object_component>
      <object_component id="oc-5ce">
         <name>.const:$P$T3$4</name>
         <load_address>0xc710</load_address>
         <run_address>0xc710</run_address>
         <size>0xe</size>
         <input_file_ref idref="fl-2"/>
      </object_component>
      <object_component id="oc-56a">
         <name>.const:$P$T1$2</name>
         <load_address>0xc71e</load_address>
         <run_address>0xc71e</run_address>
         <size>0xc</size>
         <input_file_ref idref="fl-2"/>
      </object_component>
      <object_component id="oc-3cc">
         <name>.text:action</name>
         <load_address>0xc72a</load_address>
         <run_address>0xc72a</run_address>
         <size>0x35a</size>
         <input_file_ref idref="fl-2"/>
      </object_component>
      <object_component id="oc-365">
         <name>.text:main</name>
         <load_address>0xca84</load_address>
         <run_address>0xca84</run_address>
         <size>0x2d2</size>
         <input_file_ref idref="fl-2"/>
      </object_component>
      <object_component id="oc-32e">
         <name>.text:cmdLine</name>
         <load_address>0xcd56</load_address>
         <run_address>0xcd56</run_address>
         <size>0x2bc</size>
         <input_file_ref idref="fl-2"/>
      </object_component>
      <object_component id="oc-29b">
         <name>.text:TIMER1_A0_ISR</name>
         <load_address>0xd012</load_address>
         <run_address>0xd012</run_address>
         <size>0x242</size>
         <input_file_ref idref="fl-2"/>
      </object_component>
      <object_component id="oc-52c">
         <name>.text:CS_initClockSignal</name>
         <load_address>0xd254</load_address>
         <run_address>0xd254</run_address>
         <size>0xd2</size>
         <input_file_ref idref="fl-5"/>
      </object_component>
      <object_component id="oc-609">
         <name>.text:CS_initFLL</name>
         <load_address>0xd326</load_address>
         <run_address>0xd326</run_address>
         <size>0xc6</size>
         <input_file_ref idref="fl-5"/>
      </object_component>
      <object_component id="oc-411">
         <name>.text:sendData</name>
         <load_address>0xd3ec</load_address>
         <run_address>0xd3ec</run_address>
         <size>0xb8</size>
         <input_file_ref idref="fl-2"/>
      </object_component>
      <object_component id="oc-61d">
         <name>.text:privateCSComputeCLKFrequency</name>
         <load_address>0xd4a4</load_address>
         <run_address>0xd4a4</run_address>
         <size>0xb2</size>
         <input_file_ref idref="fl-5"/>
      </object_component>
      <object_component id="oc-48e">
         <name>.text:SPI_masterSendMultipleByte</name>
         <load_address>0xd556</load_address>
         <run_address>0xd556</run_address>
         <size>0xa8</size>
         <input_file_ref idref="fl-2"/>
      </object_component>
      <object_component id="oc-28f">
         <name>.text:USCIB0_ISR</name>
         <load_address>0xd5fe</load_address>
         <run_address>0xd5fe</run_address>
         <size>0xa4</size>
         <input_file_ref idref="fl-2"/>
      </object_component>
      <object_component id="oc-550">
         <name>.text:EUSCI_A_UART_init</name>
         <load_address>0xd6a2</load_address>
         <run_address>0xd6a2</run_address>
         <size>0x96</size>
         <input_file_ref idref="fl-8"/>
      </object_component>
      <object_component id="oc-665">
         <name>.text:privateCSSourceClockFromDCO</name>
         <load_address>0xd738</load_address>
         <run_address>0xd738</run_address>
         <size>0x90</size>
         <input_file_ref idref="fl-5"/>
      </object_component>
      <object_component id="oc-3ff">
         <name>.text:initHardware</name>
         <load_address>0xd7c8</load_address>
         <run_address>0xd7c8</run_address>
         <size>0x88</size>
         <input_file_ref idref="fl-2"/>
      </object_component>
      <object_component id="oc-4b4">
         <name>.text:initI2C</name>
         <load_address>0xd850</load_address>
         <run_address>0xd850</run_address>
         <size>0x80</size>
         <input_file_ref idref="fl-2"/>
      </object_component>
      <object_component id="oc-68">
         <name>.text:decompress:lzss:__TI_decompress_lzss</name>
         <load_address>0xd8d0</load_address>
         <run_address>0xd8d0</run_address>
         <size>0x7c</size>
         <input_file_ref idref="fl-5b"/>
      </object_component>
      <object_component id="oc-655">
         <name>.text:privateDCORange</name>
         <load_address>0xd94c</load_address>
         <run_address>0xd94c</run_address>
         <size>0x7c</size>
         <input_file_ref idref="fl-5"/>
      </object_component>
      <object_component id="oc-295">
         <name>.text:USCI_A0_ISR</name>
         <load_address>0xd9c8</load_address>
         <run_address>0xd9c8</run_address>
         <size>0x6e</size>
         <input_file_ref idref="fl-2"/>
      </object_component>
      <object_component id="oc-4a8">
         <name>.text:initURAT</name>
         <load_address>0xda36</load_address>
         <run_address>0xda36</run_address>
         <size>0x6a</size>
         <input_file_ref idref="fl-2"/>
      </object_component>
      <object_component id="oc-3c6">
         <name>.text:atol</name>
         <load_address>0xdaa0</load_address>
         <run_address>0xdaa0</run_address>
         <size>0x68</size>
         <input_file_ref idref="fl-5f"/>
      </object_component>
      <object_component id="oc-49c">
         <name>.text:initGPIO</name>
         <load_address>0xdb08</load_address>
         <run_address>0xdb08</run_address>
         <size>0x68</size>
         <input_file_ref idref="fl-2"/>
      </object_component>
      <object_component id="oc-4ba">
         <name>.text:initSPI</name>
         <load_address>0xdb70</load_address>
         <run_address>0xdb70</run_address>
         <size>0x68</size>
         <input_file_ref idref="fl-2"/>
      </object_component>
      <object_component id="oc-5d1">
         <name>.text:Timer_A_initUpMode</name>
         <load_address>0xdbd8</load_address>
         <run_address>0xdbd8</run_address>
         <size>0x60</size>
         <input_file_ref idref="fl-16"/>
      </object_component>
      <object_component id="oc-346">
         <name>.text:l_lsr_const</name>
         <load_address>0xdc38</load_address>
         <run_address>0xdc38</run_address>
         <size>0x5c</size>
         <input_file_ref idref="fl-4b"/>
      </object_component>
      <object_component id="oc-462">
         <name>.text:__TI_auto_init_nobinit_nopinit_hold_wdt:__TI_auto_init_nobinit_nopinit_hold_wdt</name>
         <load_address>0xdc94</load_address>
         <run_address>0xdc94</run_address>
         <size>0x58</size>
         <input_file_ref idref="fl-54"/>
      </object_component>
      <object_component id="oc-4c6">
         <name>.text:initADC</name>
         <load_address>0xdcec</load_address>
         <run_address>0xdcec</run_address>
         <size>0x58</size>
         <input_file_ref idref="fl-2"/>
      </object_component>
      <object_component id="oc-34b">
         <name>.text</name>
         <load_address>0xdd44</load_address>
         <run_address>0xdd44</run_address>
         <size>0x58</size>
         <input_file_ref idref="fl-37"/>
      </object_component>
      <object_component id="oc-595">
         <name>.text:EUSCI_A_SPI_initMaster</name>
         <load_address>0xdd9c</load_address>
         <run_address>0xdd9c</run_address>
         <size>0x56</size>
         <input_file_ref idref="fl-7"/>
      </object_component>
      <object_component id="oc-4cc">
         <name>.text:initTimer</name>
         <load_address>0xddf2</load_address>
         <run_address>0xddf2</run_address>
         <size>0x50</size>
         <input_file_ref idref="fl-2"/>
      </object_component>
      <object_component id="oc-268">
         <name>.text</name>
         <load_address>0xde42</load_address>
         <run_address>0xde42</run_address>
         <size>0x4c</size>
         <input_file_ref idref="fl-4a"/>
      </object_component>
      <object_component id="oc-573">
         <name>.text:EUSCI_B_I2C_initMaster</name>
         <load_address>0xde8e</load_address>
         <run_address>0xde8e</run_address>
         <size>0x4a</size>
         <input_file_ref idref="fl-9"/>
      </object_component>
      <object_component id="oc-424">
         <name>.text:sendResponse</name>
         <load_address>0xded8</load_address>
         <run_address>0xded8</run_address>
         <size>0x48</size>
         <input_file_ref idref="fl-2"/>
      </object_component>
      <object_component id="oc-53f">
         <name>.text:GPIO_setAsPeripheralModuleFunctionInputPin</name>
         <load_address>0xdf20</load_address>
         <run_address>0xdf20</run_address>
         <size>0x40</size>
         <input_file_ref idref="fl-c"/>
      </object_component>
      <object_component id="oc-545">
         <name>.text:GPIO_setAsPeripheralModuleFunctionOutputPin</name>
         <load_address>0xdf60</load_address>
         <run_address>0xdf60</run_address>
         <size>0x40</size>
         <input_file_ref idref="fl-c"/>
      </object_component>
      <object_component id="oc-660">
         <name>.text</name>
         <load_address>0xdfa0</load_address>
         <run_address>0xdfa0</run_address>
         <size>0x40</size>
         <input_file_ref idref="fl-36"/>
      </object_component>
      <object_component id="oc-532">
         <name>.text:CS_initFLLSettle</name>
         <load_address>0xdfe0</load_address>
         <run_address>0xdfe0</run_address>
         <size>0x3a</size>
         <input_file_ref idref="fl-5"/>
      </object_component>
      <object_component id="oc-496">
         <name>.text:initClockTo16MHz</name>
         <load_address>0xe01a</load_address>
         <run_address>0xe01a</run_address>
         <size>0x36</size>
         <input_file_ref idref="fl-2"/>
      </object_component>
      <object_component id="oc-5a3">
         <name>.text:ADC_init</name>
         <load_address>0xe050</load_address>
         <run_address>0xe050</run_address>
         <size>0x34</size>
         <input_file_ref idref="fl-3"/>
      </object_component>
      <object_component id="oc-340">
         <name>.text:getADCValue</name>
         <load_address>0xe084</load_address>
         <run_address>0xe084</run_address>
         <size>0x34</size>
         <input_file_ref idref="fl-2"/>
      </object_component>
      <object_component id="oc-33a">
         <name>.text:ADC_configureMemory</name>
         <load_address>0xe0b8</load_address>
         <run_address>0xe0b8</run_address>
         <size>0x30</size>
         <input_file_ref idref="fl-3"/>
      </object_component>
      <object_component id="oc-65b">
         <name>.text</name>
         <load_address>0xe0e8</load_address>
         <run_address>0xe0e8</run_address>
         <size>0x2c</size>
         <input_file_ref idref="fl-34"/>
      </object_component>
      <object_component id="oc-263">
         <name>.text</name>
         <load_address>0xe114</load_address>
         <run_address>0xe114</run_address>
         <size>0x2c</size>
         <input_file_ref idref="fl-49"/>
      </object_component>
      <object_component id="oc-3c0">
         <name>.text:strncpy</name>
         <load_address>0xe140</load_address>
         <run_address>0xe140</run_address>
         <size>0x2c</size>
         <input_file_ref idref="fl-62"/>
      </object_component>
      <object_component id="oc-56d">
         <name>.text:CS_getSMCLK</name>
         <load_address>0xe16c</load_address>
         <run_address>0xe16c</run_address>
         <size>0x20</size>
         <input_file_ref idref="fl-5"/>
      </object_component>
      <object_component id="oc-47f">
         <name>.text</name>
         <load_address>0xe18c</load_address>
         <run_address>0xe18c</run_address>
         <size>0x20</size>
         <input_file_ref idref="fl-50"/>
      </object_component>
      <object_component id="oc-3e6">
         <name>.text:ADC_disableConversions</name>
         <load_address>0xe1ac</load_address>
         <run_address>0xe1ac</run_address>
         <size>0x1e</size>
         <input_file_ref idref="fl-3"/>
      </object_component>
      <object_component id="oc-539">
         <name>.text:GPIO_setAsOutputPin</name>
         <load_address>0xe1ca</load_address>
         <run_address>0xe1ca</run_address>
         <size>0x1e</size>
         <input_file_ref idref="fl-c"/>
      </object_component>
      <object_component id="oc-437">
         <name>.text:send_Buffer</name>
         <load_address>0xe1e8</load_address>
         <run_address>0xe1e8</run_address>
         <size>0x1e</size>
         <input_file_ref idref="fl-2"/>
      </object_component>
      <object_component id="oc-3ef">
         <name>.text:WriteRegisterToDAC</name>
         <load_address>0xe206</load_address>
         <run_address>0xe206</run_address>
         <size>0x1c</size>
         <input_file_ref idref="fl-2"/>
      </object_component>
      <object_component id="oc-2b3">
         <name>.text:_c_int00_noargs</name>
         <load_address>0xe222</load_address>
         <run_address>0xe222</run_address>
         <size>0x1c</size>
         <input_file_ref idref="fl-53"/>
      </object_component>
      <object_component id="oc-4ae">
         <name>.text:send_buf</name>
         <load_address>0xe23e</load_address>
         <run_address>0xe23e</run_address>
         <size>0x1c</size>
         <input_file_ref idref="fl-2"/>
      </object_component>
      <object_component id="oc-562">
         <name>.text:EUSCI_A_UART_enableInterrupt</name>
         <load_address>0xe25a</load_address>
         <run_address>0xe25a</run_address>
         <size>0x1a</size>
         <input_file_ref idref="fl-8"/>
      </object_component>
      <object_component id="oc-41d">
         <name>.text:setTimer</name>
         <load_address>0xe274</load_address>
         <run_address>0xe274</run_address>
         <size>0x1a</size>
         <input_file_ref idref="fl-2"/>
      </object_component>
      <object_component id="oc-3d4">
         <name>.text:ADC_startConversion</name>
         <load_address>0xe28e</load_address>
         <run_address>0xe28e</run_address>
         <size>0x16</size>
         <input_file_ref idref="fl-3"/>
      </object_component>
      <object_component id="oc-40b">
         <name>.text:GPIO_setOutputHighOnPin</name>
         <load_address>0xe2a4</load_address>
         <run_address>0xe2a4</run_address>
         <size>0x16</size>
         <input_file_ref idref="fl-c"/>
      </object_component>
      <object_component id="oc-405">
         <name>.text:GPIO_setOutputLowOnPin</name>
         <load_address>0xe2ba</load_address>
         <run_address>0xe2ba</run_address>
         <size>0x16</size>
         <input_file_ref idref="fl-c"/>
      </object_component>
      <object_component id="oc-3f9">
         <name>.text:WDT_A_hold</name>
         <load_address>0xe2d0</load_address>
         <run_address>0xe2d0</run_address>
         <size>0x16</size>
         <input_file_ref idref="fl-19"/>
      </object_component>
      <object_component id="oc-675">
         <name>.text</name>
         <load_address>0xe2e6</load_address>
         <run_address>0xe2e6</run_address>
         <size>0x16</size>
         <input_file_ref idref="fl-35"/>
      </object_component>
      <object_component id="oc-350">
         <name>.text:setDAC</name>
         <load_address>0xe2fc</load_address>
         <run_address>0xe2fc</run_address>
         <size>0x16</size>
         <input_file_ref idref="fl-2"/>
      </object_component>
      <object_component id="oc-5af">
         <name>.text:ADC_setupSamplingTimer</name>
         <load_address>0xe312</load_address>
         <run_address>0xe312</run_address>
         <size>0x14</size>
         <input_file_ref idref="fl-3"/>
      </object_component>
      <object_component id="oc-4e9">
         <name>.text:EUSCI_A_UART_transmitData</name>
         <load_address>0xe326</load_address>
         <run_address>0xe326</run_address>
         <size>0x14</size>
         <input_file_ref idref="fl-8"/>
      </object_component>
      <object_component id="oc-309">
         <name>.text:EUSCI_B_I2C_masterReceiveSingle</name>
         <load_address>0xe33a</load_address>
         <run_address>0xe33a</run_address>
         <size>0x14</size>
         <input_file_ref idref="fl-9"/>
      </object_component>
      <object_component id="oc-303">
         <name>.text:EUSCI_B_I2C_masterSendMultiByteNext</name>
         <load_address>0xe34e</load_address>
         <run_address>0xe34e</run_address>
         <size>0x14</size>
         <input_file_ref idref="fl-9"/>
      </object_component>
      <object_component id="oc-2a1">
         <name>.text:decompress:ZI:__TI_zero_init_nomemset:__TI_zero_init_nomemset</name>
         <load_address>0xe362</load_address>
         <run_address>0xe362</run_address>
         <size>0x14</size>
         <input_file_ref idref="fl-55"/>
      </object_component>
      <object_component id="oc-4da">
         <name>.text</name>
         <load_address>0xe376</load_address>
         <run_address>0xe376</run_address>
         <size>0x14</size>
         <input_file_ref idref="fl-4d"/>
      </object_component>
      <object_component id="oc-2fa">
         <name>.text:EUSCI_B_I2C_masterSendMultiByteStop</name>
         <load_address>0xe38a</load_address>
         <run_address>0xe38a</run_address>
         <size>0x12</size>
         <input_file_ref idref="fl-9"/>
      </object_component>
      <object_component id="oc-6e">
         <name>.text:decompress:none:__TI_decompress_none</name>
         <load_address>0xe39c</load_address>
         <run_address>0xe39c</run_address>
         <size>0x12</size>
         <input_file_ref idref="fl-5a"/>
      </object_component>
      <object_component id="oc-27d">
         <name>.text:memcpy</name>
         <load_address>0xe3ae</load_address>
         <run_address>0xe3ae</run_address>
         <size>0x12</size>
         <input_file_ref idref="fl-61"/>
      </object_component>
      <object_component id="oc-5c1">
         <name>.text:PMM_enableInternalReference</name>
         <load_address>0xe3c0</load_address>
         <run_address>0xe3c0</run_address>
         <size>0x10</size>
         <input_file_ref idref="fl-10"/>
      </object_component>
      <object_component id="oc-26d">
         <name>.text</name>
         <load_address>0xe3d0</load_address>
         <run_address>0xe3d0</run_address>
         <size>0x10</size>
         <input_file_ref idref="fl-38"/>
      </object_component>
      <object_component id="oc-4c0">
         <name>.text:initDAC</name>
         <load_address>0xe3e0</load_address>
         <run_address>0xe3e0</run_address>
         <size>0xe</size>
         <input_file_ref idref="fl-2"/>
      </object_component>
      <object_component id="oc-318">
         <name>.text:EUSCI_B_I2C_masterReceiveStart</name>
         <load_address>0xe3ee</load_address>
         <run_address>0xe3ee</run_address>
         <size>0xc</size>
         <input_file_ref idref="fl-9"/>
      </object_component>
      <object_component id="oc-42b">
         <name>.text:EUSCI_B_I2C_setMode</name>
         <load_address>0xe3fa</load_address>
         <run_address>0xe3fa</run_address>
         <size>0xc</size>
         <input_file_ref idref="fl-9"/>
      </object_component>
      <object_component id="oc-417">
         <name>.text:Timer_A_startCounter</name>
         <load_address>0xe406</load_address>
         <run_address>0xe406</run_address>
         <size>0xc</size>
         <input_file_ref idref="fl-16"/>
      </object_component>
      <object_component id="oc-5c7">
         <name>.text:PMM_getVariableReferenceVoltageStatus</name>
         <load_address>0xe412</load_address>
         <run_address>0xe412</run_address>
         <size>0xa</size>
         <input_file_ref idref="fl-10"/>
      </object_component>
      <object_component id="oc-5a9">
         <name>.text:ADC_enable</name>
         <load_address>0xe41c</load_address>
         <run_address>0xe41c</run_address>
         <size>0x8</size>
         <input_file_ref idref="fl-3"/>
      </object_component>
      <object_component id="oc-3da">
         <name>.text:ADC_getInterruptStatus</name>
         <load_address>0xe424</load_address>
         <run_address>0xe424</run_address>
         <size>0x8</size>
         <input_file_ref idref="fl-3"/>
      </object_component>
      <object_component id="oc-431">
         <name>.text:EUSCI_B_I2C_masterIsStopSent</name>
         <load_address>0xe42c</load_address>
         <run_address>0xe42c</run_address>
         <size>0x8</size>
         <input_file_ref idref="fl-9"/>
      </object_component>
      <object_component id="oc-579">
         <name>.text:EUSCI_B_I2C_setSlaveAddress</name>
         <load_address>0xe434</load_address>
         <run_address>0xe434</run_address>
         <size>0x8</size>
         <input_file_ref idref="fl-9"/>
      </object_component>
      <object_component id="oc-4df">
         <name>.text:Timer_A_setCompareValue</name>
         <load_address>0xe43c</load_address>
         <run_address>0xe43c</run_address>
         <size>0x8</size>
         <input_file_ref idref="fl-16"/>
      </object_component>
      <object_component id="oc-28a">
         <name>.text:_isr:__TI_ISR_TRAP</name>
         <load_address>0xe444</load_address>
         <run_address>0xe444</run_address>
         <size>0x8</size>
         <input_file_ref idref="fl-48"/>
      </object_component>
      <object_component id="oc-5b5">
         <name>.text:ADC_clearInterrupt</name>
         <load_address>0xe44c</load_address>
         <run_address>0xe44c</run_address>
         <size>0x6</size>
         <input_file_ref idref="fl-3"/>
      </object_component>
      <object_component id="oc-5bb">
         <name>.text:ADC_enableInterrupt</name>
         <load_address>0xe452</load_address>
         <run_address>0xe452</run_address>
         <size>0x6</size>
         <input_file_ref idref="fl-3"/>
      </object_component>
      <object_component id="oc-3e0">
         <name>.text:ADC_getResults</name>
         <load_address>0xe458</load_address>
         <run_address>0xe458</run_address>
         <size>0x6</size>
         <input_file_ref idref="fl-3"/>
      </object_component>
      <object_component id="oc-59b">
         <name>.text:EUSCI_A_SPI_enable</name>
         <load_address>0xe45e</load_address>
         <run_address>0xe45e</run_address>
         <size>0x6</size>
         <input_file_ref idref="fl-7"/>
      </object_component>
      <object_component id="oc-55c">
         <name>.text:EUSCI_A_UART_clearInterrupt</name>
         <load_address>0xe464</load_address>
         <run_address>0xe464</run_address>
         <size>0x6</size>
         <input_file_ref idref="fl-8"/>
      </object_component>
      <object_component id="oc-556">
         <name>.text:EUSCI_A_UART_enable</name>
         <load_address>0xe46a</load_address>
         <run_address>0xe46a</run_address>
         <size>0x6</size>
         <input_file_ref idref="fl-8"/>
      </object_component>
      <object_component id="oc-585">
         <name>.text:EUSCI_B_I2C_clearInterrupt</name>
         <load_address>0xe470</load_address>
         <run_address>0xe470</run_address>
         <size>0x6</size>
         <input_file_ref idref="fl-9"/>
      </object_component>
      <object_component id="oc-57f">
         <name>.text:EUSCI_B_I2C_enable</name>
         <load_address>0xe476</load_address>
         <run_address>0xe476</run_address>
         <size>0x6</size>
         <input_file_ref idref="fl-9"/>
      </object_component>
      <object_component id="oc-58b">
         <name>.text:EUSCI_B_I2C_enableInterrupt</name>
         <load_address>0xe47c</load_address>
         <run_address>0xe47c</run_address>
         <size>0x6</size>
         <input_file_ref idref="fl-9"/>
      </object_component>
      <object_component id="oc-312">
         <name>.text:EUSCI_B_I2C_masterReceiveMultiByteStop</name>
         <load_address>0xe482</load_address>
         <run_address>0xe482</run_address>
         <size>0x6</size>
         <input_file_ref idref="fl-9"/>
      </object_component>
      <object_component id="oc-31e">
         <name>.text:EUSCI_B_I2C_masterSendStart</name>
         <load_address>0xe488</load_address>
         <run_address>0xe488</run_address>
         <size>0x6</size>
         <input_file_ref idref="fl-9"/>
      </object_component>
      <object_component id="oc-4a2">
         <name>.text:PMM_unlockLPM5</name>
         <load_address>0xe48e</load_address>
         <run_address>0xe48e</run_address>
         <size>0x6</size>
         <input_file_ref idref="fl-10"/>
      </object_component>
      <object_component id="oc-43e">
         <name>.text:abort</name>
         <load_address>0xe494</load_address>
         <run_address>0xe494</run_address>
         <size>0x6</size>
         <input_file_ref idref="fl-5c"/>
      </object_component>
      <object_component id="oc-35f">
         <name>.text:_system_pre_init</name>
         <load_address>0xe49a</load_address>
         <run_address>0xe49a</run_address>
         <size>0x4</size>
         <input_file_ref idref="fl-58"/>
      </object_component>
      <object_component id="oc-502">
         <name>.text:_system_post_cinit</name>
         <load_address>0xe49e</load_address>
         <run_address>0xe49e</run_address>
         <size>0x2</size>
         <input_file_ref idref="fl-59"/>
      </object_component>
      <object_component id="oc-32d">
         <name>.common:dataRX</name>
         <uninitialized>true</uninitialized>
         <run_address>0x2000</run_address>
         <size>0x78</size>
      </object_component>
      <object_component id="oc-32a">
         <name>.common:RXData</name>
         <uninitialized>true</uninitialized>
         <run_address>0x208c</run_address>
         <size>0x1</size>
      </object_component>
      <object_component id="oc-42a">
         <name>.common:dataTX</name>
         <uninitialized>true</uninitialized>
         <run_address>0x2078</run_address>
         <size>0x14</size>
      </object_component>
      <object_component id="oc-2f7">
         <name>.data</name>
         <load_address>0x208e</load_address>
         <run_address>0x208e</run_address>
         <size>0x54</size>
         <input_file_ref idref="fl-2"/>
      </object_component>
      <object_component id="oc-300">
         <name>.data:NFCWriteData</name>
         <load_address>0x20f6</load_address>
         <run_address>0x20f6</run_address>
         <size>0x11</size>
         <input_file_ref idref="fl-2"/>
      </object_component>
      <object_component id="oc-30f">
         <name>.data:NFCReadData</name>
         <load_address>0x20e2</load_address>
         <run_address>0x20e2</run_address>
         <size>0x14</size>
         <input_file_ref idref="fl-2"/>
      </object_component>
      <object_component id="oc-652">
         <name>.data</name>
         <load_address>0x2108</load_address>
         <run_address>0x2108</run_address>
         <size>0x4</size>
         <input_file_ref idref="fl-5"/>
      </object_component>
      <object_component id="oc-25f">
         <name>.stack</name>
         <uninitialized>true</uninitialized>
         <run_address>0x2f60</run_address>
         <size>0x2</size>
         <input_file_ref idref="fl-53"/>
      </object_component>
      <object_component id="oc-6ea">
         <name>.stack</name>
         <uninitialized>true</uninitialized>
         <run_address>0x2f60</run_address>
         <size>0x0</size>
      </object_component>
      <object_component id="oc-74">
         <name>.int41</name>
         <load_address>0xffda</load_address>
         <run_address>0xffda</run_address>
         <size>0x2</size>
         <input_file_ref idref="fl-39"/>
      </object_component>
      <object_component id="oc-75">
         <name>.int42</name>
         <load_address>0xffdc</load_address>
         <run_address>0xffdc</run_address>
         <size>0x2</size>
         <input_file_ref idref="fl-3a"/>
      </object_component>
      <object_component id="oc-76">
         <name>.int43</name>
         <load_address>0xffde</load_address>
         <run_address>0xffde</run_address>
         <size>0x2</size>
         <input_file_ref idref="fl-3b"/>
      </object_component>
      <object_component id="oc-77">
         <name>.int44</name>
         <load_address>0xffe0</load_address>
         <run_address>0xffe0</run_address>
         <size>0x2</size>
         <input_file_ref idref="fl-2"/>
      </object_component>
      <object_component id="oc-78">
         <name>.int45</name>
         <load_address>0xffe2</load_address>
         <run_address>0xffe2</run_address>
         <size>0x2</size>
         <input_file_ref idref="fl-3c"/>
      </object_component>
      <object_component id="oc-79">
         <name>.int46</name>
         <load_address>0xffe4</load_address>
         <run_address>0xffe4</run_address>
         <size>0x2</size>
         <input_file_ref idref="fl-2"/>
      </object_component>
      <object_component id="oc-7a">
         <name>.int47</name>
         <load_address>0xffe6</load_address>
         <run_address>0xffe6</run_address>
         <size>0x2</size>
         <input_file_ref idref="fl-3d"/>
      </object_component>
      <object_component id="oc-7b">
         <name>.int48</name>
         <load_address>0xffe8</load_address>
         <run_address>0xffe8</run_address>
         <size>0x2</size>
         <input_file_ref idref="fl-3e"/>
      </object_component>
      <object_component id="oc-7c">
         <name>.int49</name>
         <load_address>0xffea</load_address>
         <run_address>0xffea</run_address>
         <size>0x2</size>
         <input_file_ref idref="fl-3f"/>
      </object_component>
      <object_component id="oc-7d">
         <name>.int50</name>
         <load_address>0xffec</load_address>
         <run_address>0xffec</run_address>
         <size>0x2</size>
         <input_file_ref idref="fl-40"/>
      </object_component>
      <object_component id="oc-7e">
         <name>.int51</name>
         <load_address>0xffee</load_address>
         <run_address>0xffee</run_address>
         <size>0x2</size>
         <input_file_ref idref="fl-41"/>
      </object_component>
      <object_component id="oc-7f">
         <name>.int52</name>
         <load_address>0xfff0</load_address>
         <run_address>0xfff0</run_address>
         <size>0x2</size>
         <input_file_ref idref="fl-42"/>
      </object_component>
      <object_component id="oc-80">
         <name>.int53</name>
         <load_address>0xfff2</load_address>
         <run_address>0xfff2</run_address>
         <size>0x2</size>
         <input_file_ref idref="fl-43"/>
      </object_component>
      <object_component id="oc-81">
         <name>.int54</name>
         <load_address>0xfff4</load_address>
         <run_address>0xfff4</run_address>
         <size>0x2</size>
         <input_file_ref idref="fl-2"/>
      </object_component>
      <object_component id="oc-82">
         <name>.int55</name>
         <load_address>0xfff6</load_address>
         <run_address>0xfff6</run_address>
         <size>0x2</size>
         <input_file_ref idref="fl-44"/>
      </object_component>
      <object_component id="oc-83">
         <name>.int56</name>
         <load_address>0xfff8</load_address>
         <run_address>0xfff8</run_address>
         <size>0x2</size>
         <input_file_ref idref="fl-45"/>
      </object_component>
      <object_component id="oc-84">
         <name>.int57</name>
         <load_address>0xfffa</load_address>
         <run_address>0xfffa</run_address>
         <size>0x2</size>
         <input_file_ref idref="fl-46"/>
      </object_component>
      <object_component id="oc-85">
         <name>.int58</name>
         <load_address>0xfffc</load_address>
         <run_address>0xfffc</run_address>
         <size>0x2</size>
         <input_file_ref idref="fl-47"/>
      </object_component>
      <object_component id="oc-262">
         <name>.reset</name>
         <load_address>0xfffe</load_address>
         <run_address>0xfffe</run_address>
         <size>0x2</size>
         <input_file_ref idref="fl-53"/>
      </object_component>
      <object_component id="oc-32b">
         <name>.debug_info</name>
         <load_address>0x0</load_address>
         <run_address>0x0</run_address>
         <size>0x1199</size>
         <input_file_ref idref="fl-2"/>
      </object_component>
      <object_component id="oc-2f8">
         <name>.debug_info</name>
         <load_address>0x1199</load_address>
         <run_address>0x1199</run_address>
         <size>0x68a</size>
         <input_file_ref idref="fl-2"/>
      </object_component>
      <object_component id="oc-301">
         <name>.debug_info</name>
         <load_address>0x1823</load_address>
         <run_address>0x1823</run_address>
         <size>0xc8</size>
         <input_file_ref idref="fl-2"/>
      </object_component>
      <object_component id="oc-310">
         <name>.debug_info</name>
         <load_address>0x18eb</load_address>
         <run_address>0x18eb</run_address>
         <size>0xc6</size>
         <input_file_ref idref="fl-2"/>
      </object_component>
      <object_component id="oc-54e">
         <name>.debug_info</name>
         <load_address>0x19b1</load_address>
         <run_address>0x19b1</run_address>
         <size>0xbe</size>
         <input_file_ref idref="fl-2"/>
      </object_component>
      <object_component id="oc-56b">
         <name>.debug_info</name>
         <load_address>0x1a6f</load_address>
         <run_address>0x1a6f</run_address>
         <size>0xbe</size>
         <input_file_ref idref="fl-2"/>
      </object_component>
      <object_component id="oc-593">
         <name>.debug_info</name>
         <load_address>0x1b2d</load_address>
         <run_address>0x1b2d</run_address>
         <size>0xbe</size>
         <input_file_ref idref="fl-2"/>
      </object_component>
      <object_component id="oc-5cf">
         <name>.debug_info</name>
         <load_address>0x1beb</load_address>
         <run_address>0x1beb</run_address>
         <size>0xbe</size>
         <input_file_ref idref="fl-2"/>
      </object_component>
      <object_component id="oc-41e">
         <name>.debug_info</name>
         <load_address>0x1ca9</load_address>
         <run_address>0x1ca9</run_address>
         <size>0x11f</size>
         <input_file_ref idref="fl-2"/>
      </object_component>
      <object_component id="oc-48f">
         <name>.debug_info</name>
         <load_address>0x1dc8</load_address>
         <run_address>0x1dc8</run_address>
         <size>0x232</size>
         <input_file_ref idref="fl-2"/>
      </object_component>
      <object_component id="oc-3f0">
         <name>.debug_info</name>
         <load_address>0x1ffa</load_address>
         <run_address>0x1ffa</run_address>
         <size>0x182</size>
         <input_file_ref idref="fl-2"/>
      </object_component>
      <object_component id="oc-351">
         <name>.debug_info</name>
         <load_address>0x217c</load_address>
         <run_address>0x217c</run_address>
         <size>0x189</size>
         <input_file_ref idref="fl-2"/>
      </object_component>
      <object_component id="oc-4af">
         <name>.debug_info</name>
         <load_address>0x2305</load_address>
         <run_address>0x2305</run_address>
         <size>0x12b</size>
         <input_file_ref idref="fl-2"/>
      </object_component>
      <object_component id="oc-438">
         <name>.debug_info</name>
         <load_address>0x2430</load_address>
         <run_address>0x2430</run_address>
         <size>0x14f</size>
         <input_file_ref idref="fl-2"/>
      </object_component>
      <object_component id="oc-425">
         <name>.debug_info</name>
         <load_address>0x257f</load_address>
         <run_address>0x257f</run_address>
         <size>0x138</size>
         <input_file_ref idref="fl-2"/>
      </object_component>
      <object_component id="oc-412">
         <name>.debug_info</name>
         <load_address>0x26b7</load_address>
         <run_address>0x26b7</run_address>
         <size>0xff</size>
         <input_file_ref idref="fl-2"/>
      </object_component>
      <object_component id="oc-497">
         <name>.debug_info</name>
         <load_address>0x27b6</load_address>
         <run_address>0x27b6</run_address>
         <size>0x178</size>
         <input_file_ref idref="fl-2"/>
      </object_component>
      <object_component id="oc-49d">
         <name>.debug_info</name>
         <load_address>0x292e</load_address>
         <run_address>0x292e</run_address>
         <size>0x26d</size>
         <input_file_ref idref="fl-2"/>
      </object_component>
      <object_component id="oc-4a9">
         <name>.debug_info</name>
         <load_address>0x2b9b</load_address>
         <run_address>0x2b9b</run_address>
         <size>0x185</size>
         <input_file_ref idref="fl-2"/>
      </object_component>
      <object_component id="oc-4b5">
         <name>.debug_info</name>
         <load_address>0x2d20</load_address>
         <run_address>0x2d20</run_address>
         <size>0x1c1</size>
         <input_file_ref idref="fl-2"/>
      </object_component>
      <object_component id="oc-4bb">
         <name>.debug_info</name>
         <load_address>0x2ee1</load_address>
         <run_address>0x2ee1</run_address>
         <size>0x154</size>
         <input_file_ref idref="fl-2"/>
      </object_component>
      <object_component id="oc-4c1">
         <name>.debug_info</name>
         <load_address>0x3035</load_address>
         <run_address>0x3035</run_address>
         <size>0x104</size>
         <input_file_ref idref="fl-2"/>
      </object_component>
      <object_component id="oc-4c7">
         <name>.debug_info</name>
         <load_address>0x3139</load_address>
         <run_address>0x3139</run_address>
         <size>0x1c3</size>
         <input_file_ref idref="fl-2"/>
      </object_component>
      <object_component id="oc-4cd">
         <name>.debug_info</name>
         <load_address>0x32fc</load_address>
         <run_address>0x32fc</run_address>
         <size>0x149</size>
         <input_file_ref idref="fl-2"/>
      </object_component>
      <object_component id="oc-400">
         <name>.debug_info</name>
         <load_address>0x3445</load_address>
         <run_address>0x3445</run_address>
         <size>0x20a</size>
         <input_file_ref idref="fl-2"/>
      </object_component>
      <object_component id="oc-366">
         <name>.debug_info</name>
         <load_address>0x364f</load_address>
         <run_address>0x364f</run_address>
         <size>0x54c</size>
         <input_file_ref idref="fl-2"/>
      </object_component>
      <object_component id="oc-341">
         <name>.debug_info</name>
         <load_address>0x3b9b</load_address>
         <run_address>0x3b9b</run_address>
         <size>0x175</size>
         <input_file_ref idref="fl-2"/>
      </object_component>
      <object_component id="oc-3cd">
         <name>.debug_info</name>
         <load_address>0x3d10</load_address>
         <run_address>0x3d10</run_address>
         <size>0x33f</size>
         <input_file_ref idref="fl-2"/>
      </object_component>
      <object_component id="oc-32f">
         <name>.debug_info</name>
         <load_address>0x404f</load_address>
         <run_address>0x404f</run_address>
         <size>0x220</size>
         <input_file_ref idref="fl-2"/>
      </object_component>
      <object_component id="oc-296">
         <name>.debug_info</name>
         <load_address>0x426f</load_address>
         <run_address>0x426f</run_address>
         <size>0x10d</size>
         <input_file_ref idref="fl-2"/>
      </object_component>
      <object_component id="oc-290">
         <name>.debug_info</name>
         <load_address>0x437c</load_address>
         <run_address>0x437c</run_address>
         <size>0x21a</size>
         <input_file_ref idref="fl-2"/>
      </object_component>
      <object_component id="oc-29c">
         <name>.debug_info</name>
         <load_address>0x4596</load_address>
         <run_address>0x4596</run_address>
         <size>0x1cb</size>
         <input_file_ref idref="fl-2"/>
      </object_component>
      <object_component id="oc-3b6">
         <name>.debug_info</name>
         <load_address>0x4761</load_address>
         <run_address>0x4761</run_address>
         <size>0x26b</size>
         <input_file_ref idref="fl-2"/>
      </object_component>
      <object_component id="oc-64b">
         <name>.debug_info</name>
         <load_address>0x49cc</load_address>
         <run_address>0x49cc</run_address>
         <size>0x76</size>
         <input_file_ref idref="fl-2"/>
      </object_component>
      <object_component id="oc-39d">
         <name>.debug_info</name>
         <load_address>0x4a42</load_address>
         <run_address>0x4a42</run_address>
         <size>0x174</size>
         <input_file_ref idref="fl-2"/>
      </object_component>
      <object_component id="oc-3a2">
         <name>.debug_info</name>
         <load_address>0x4bb6</load_address>
         <run_address>0x4bb6</run_address>
         <size>0xee</size>
         <input_file_ref idref="fl-2"/>
      </object_component>
      <object_component id="oc-3a7">
         <name>.debug_info</name>
         <load_address>0x4ca4</load_address>
         <run_address>0x4ca4</run_address>
         <size>0xf5</size>
         <input_file_ref idref="fl-2"/>
      </object_component>
      <object_component id="oc-3ac">
         <name>.debug_info</name>
         <load_address>0x4d99</load_address>
         <run_address>0x4d99</run_address>
         <size>0x38c</size>
         <input_file_ref idref="fl-2"/>
      </object_component>
      <object_component id="oc-335">
         <name>.debug_info</name>
         <load_address>0x5125</load_address>
         <run_address>0x5125</run_address>
         <size>0x8b</size>
         <input_file_ref idref="fl-2"/>
      </object_component>
      <object_component id="oc-396">
         <name>.debug_info</name>
         <load_address>0x51b0</load_address>
         <run_address>0x51b0</run_address>
         <size>0x282</size>
         <input_file_ref idref="fl-2"/>
      </object_component>
      <object_component id="oc-3b1">
         <name>.debug_info</name>
         <load_address>0x5432</load_address>
         <run_address>0x5432</run_address>
         <size>0xef</size>
         <input_file_ref idref="fl-2"/>
      </object_component>
      <object_component id="oc-325">
         <name>.debug_info</name>
         <load_address>0x5521</load_address>
         <run_address>0x5521</run_address>
         <size>0xbb</size>
         <input_file_ref idref="fl-2"/>
      </object_component>
      <object_component id="oc-2ea">
         <name>.debug_info</name>
         <load_address>0x55dc</load_address>
         <run_address>0x55dc</run_address>
         <size>0x2c</size>
         <input_file_ref idref="fl-2"/>
      </object_component>
      <object_component id="oc-3bb">
         <name>.debug_info</name>
         <load_address>0x5608</load_address>
         <run_address>0x5608</run_address>
         <size>0x35</size>
         <input_file_ref idref="fl-2"/>
      </object_component>
      <object_component id="oc-3d6">
         <name>.debug_info</name>
         <load_address>0x563d</load_address>
         <run_address>0x563d</run_address>
         <size>0x20b</size>
         <input_file_ref idref="fl-3"/>
      </object_component>
      <object_component id="oc-5b1">
         <name>.debug_info</name>
         <load_address>0x5848</load_address>
         <run_address>0x5848</run_address>
         <size>0x228</size>
         <input_file_ref idref="fl-3"/>
      </object_component>
      <object_component id="oc-5a4">
         <name>.debug_info</name>
         <load_address>0x5a70</load_address>
         <run_address>0x5a70</run_address>
         <size>0x2a5</size>
         <input_file_ref idref="fl-3"/>
      </object_component>
      <object_component id="oc-3e1">
         <name>.debug_info</name>
         <load_address>0x5d15</load_address>
         <run_address>0x5d15</run_address>
         <size>0x183</size>
         <input_file_ref idref="fl-3"/>
      </object_component>
      <object_component id="oc-3db">
         <name>.debug_info</name>
         <load_address>0x5e98</load_address>
         <run_address>0x5e98</run_address>
         <size>0x1e9</size>
         <input_file_ref idref="fl-3"/>
      </object_component>
      <object_component id="oc-5bc">
         <name>.debug_info</name>
         <load_address>0x6081</load_address>
         <run_address>0x6081</run_address>
         <size>0x1cf</size>
         <input_file_ref idref="fl-3"/>
      </object_component>
      <object_component id="oc-5aa">
         <name>.debug_info</name>
         <load_address>0x6250</load_address>
         <run_address>0x6250</run_address>
         <size>0x177</size>
         <input_file_ref idref="fl-3"/>
      </object_component>
      <object_component id="oc-3e7">
         <name>.debug_info</name>
         <load_address>0x63c7</load_address>
         <run_address>0x63c7</run_address>
         <size>0x1bd</size>
         <input_file_ref idref="fl-3"/>
      </object_component>
      <object_component id="oc-33b">
         <name>.debug_info</name>
         <load_address>0x6584</load_address>
         <run_address>0x6584</run_address>
         <size>0x307</size>
         <input_file_ref idref="fl-3"/>
      </object_component>
      <object_component id="oc-5b6">
         <name>.debug_info</name>
         <load_address>0x688b</load_address>
         <run_address>0x688b</run_address>
         <size>0x1dd</size>
         <input_file_ref idref="fl-3"/>
      </object_component>
      <object_component id="oc-278">
         <name>.debug_info</name>
         <load_address>0x6a68</load_address>
         <run_address>0x6a68</run_address>
         <size>0x84</size>
         <input_file_ref idref="fl-4"/>
      </object_component>
      <object_component id="oc-610">
         <name>.debug_info</name>
         <load_address>0x6aec</load_address>
         <run_address>0x6aec</run_address>
         <size>0x1b8</size>
         <input_file_ref idref="fl-5"/>
      </object_component>
      <object_component id="oc-653">
         <name>.debug_info</name>
         <load_address>0x6ca4</load_address>
         <run_address>0x6ca4</run_address>
         <size>0xf7</size>
         <input_file_ref idref="fl-5"/>
      </object_component>
      <object_component id="oc-60b">
         <name>.debug_info</name>
         <load_address>0x6d9b</load_address>
         <run_address>0x6d9b</run_address>
         <size>0x1e1</size>
         <input_file_ref idref="fl-5"/>
      </object_component>
      <object_component id="oc-534">
         <name>.debug_info</name>
         <load_address>0x6f7c</load_address>
         <run_address>0x6f7c</run_address>
         <size>0x1d0</size>
         <input_file_ref idref="fl-5"/>
      </object_component>
      <object_component id="oc-52e">
         <name>.debug_info</name>
         <load_address>0x714c</load_address>
         <run_address>0x714c</run_address>
         <size>0x27c</size>
         <input_file_ref idref="fl-5"/>
      </object_component>
      <object_component id="oc-657">
         <name>.debug_info</name>
         <load_address>0x73c8</load_address>
         <run_address>0x73c8</run_address>
         <size>0x152</size>
         <input_file_ref idref="fl-5"/>
      </object_component>
      <object_component id="oc-667">
         <name>.debug_info</name>
         <load_address>0x751a</load_address>
         <run_address>0x751a</run_address>
         <size>0x23f</size>
         <input_file_ref idref="fl-5"/>
      </object_component>
      <object_component id="oc-61f">
         <name>.debug_info</name>
         <load_address>0x7759</load_address>
         <run_address>0x7759</run_address>
         <size>0x2ea</size>
         <input_file_ref idref="fl-5"/>
      </object_component>
      <object_component id="oc-56f">
         <name>.debug_info</name>
         <load_address>0x7a43</load_address>
         <run_address>0x7a43</run_address>
         <size>0x197</size>
         <input_file_ref idref="fl-5"/>
      </object_component>
      <object_component id="oc-62d">
         <name>.debug_info</name>
         <load_address>0x7bda</load_address>
         <run_address>0x7bda</run_address>
         <size>0x15e</size>
         <input_file_ref idref="fl-7"/>
      </object_component>
      <object_component id="oc-598">
         <name>.debug_info</name>
         <load_address>0x7d38</load_address>
         <run_address>0x7d38</run_address>
         <size>0x1e2</size>
         <input_file_ref idref="fl-7"/>
      </object_component>
      <object_component id="oc-59d">
         <name>.debug_info</name>
         <load_address>0x7f1a</load_address>
         <run_address>0x7f1a</run_address>
         <size>0x19f</size>
         <input_file_ref idref="fl-7"/>
      </object_component>
      <object_component id="oc-617">
         <name>.debug_info</name>
         <load_address>0x80b9</load_address>
         <run_address>0x80b9</run_address>
         <size>0x153</size>
         <input_file_ref idref="fl-8"/>
      </object_component>
      <object_component id="oc-4eb">
         <name>.debug_info</name>
         <load_address>0x820c</load_address>
         <run_address>0x820c</run_address>
         <size>0x1f2</size>
         <input_file_ref idref="fl-8"/>
      </object_component>
      <object_component id="oc-552">
         <name>.debug_info</name>
         <load_address>0x83fe</load_address>
         <run_address>0x83fe</run_address>
         <size>0x20b</size>
         <input_file_ref idref="fl-8"/>
      </object_component>
      <object_component id="oc-564">
         <name>.debug_info</name>
         <load_address>0x8609</load_address>
         <run_address>0x8609</run_address>
         <size>0x1ef</size>
         <input_file_ref idref="fl-8"/>
      </object_component>
      <object_component id="oc-558">
         <name>.debug_info</name>
         <load_address>0x87f8</load_address>
         <run_address>0x87f8</run_address>
         <size>0x1a4</size>
         <input_file_ref idref="fl-8"/>
      </object_component>
      <object_component id="oc-55f">
         <name>.debug_info</name>
         <load_address>0x899c</load_address>
         <run_address>0x899c</run_address>
         <size>0x1d6</size>
         <input_file_ref idref="fl-8"/>
      </object_component>
      <object_component id="oc-625">
         <name>.debug_info</name>
         <load_address>0x8b72</load_address>
         <run_address>0x8b72</run_address>
         <size>0x15e</size>
         <input_file_ref idref="fl-9"/>
      </object_component>
      <object_component id="oc-57a">
         <name>.debug_info</name>
         <load_address>0x8cd0</load_address>
         <run_address>0x8cd0</run_address>
         <size>0x1f3</size>
         <input_file_ref idref="fl-9"/>
      </object_component>
      <object_component id="oc-42c">
         <name>.debug_info</name>
         <load_address>0x8ec3</load_address>
         <run_address>0x8ec3</run_address>
         <size>0x1c3</size>
         <input_file_ref idref="fl-9"/>
      </object_component>
      <object_component id="oc-31f">
         <name>.debug_info</name>
         <load_address>0x9086</load_address>
         <run_address>0x9086</run_address>
         <size>0x1b4</size>
         <input_file_ref idref="fl-9"/>
      </object_component>
      <object_component id="oc-2fb">
         <name>.debug_info</name>
         <load_address>0x923a</load_address>
         <run_address>0x923a</run_address>
         <size>0x1c4</size>
         <input_file_ref idref="fl-9"/>
      </object_component>
      <object_component id="oc-304">
         <name>.debug_info</name>
         <load_address>0x93fe</load_address>
         <run_address>0x93fe</run_address>
         <size>0x1ee</size>
         <input_file_ref idref="fl-9"/>
      </object_component>
      <object_component id="oc-319">
         <name>.debug_info</name>
         <load_address>0x95ec</load_address>
         <run_address>0x95ec</run_address>
         <size>0x1ba</size>
         <input_file_ref idref="fl-9"/>
      </object_component>
      <object_component id="oc-30a">
         <name>.debug_info</name>
         <load_address>0x97a6</load_address>
         <run_address>0x97a6</run_address>
         <size>0x1c0</size>
         <input_file_ref idref="fl-9"/>
      </object_component>
      <object_component id="oc-313">
         <name>.debug_info</name>
         <load_address>0x9966</load_address>
         <run_address>0x9966</run_address>
         <size>0x1ca</size>
         <input_file_ref idref="fl-9"/>
      </object_component>
      <object_component id="oc-432">
         <name>.debug_info</name>
         <load_address>0x9b30</load_address>
         <run_address>0x9b30</run_address>
         <size>0x1b7</size>
         <input_file_ref idref="fl-9"/>
      </object_component>
      <object_component id="oc-575">
         <name>.debug_info</name>
         <load_address>0x9ce7</load_address>
         <run_address>0x9ce7</run_address>
         <size>0x207</size>
         <input_file_ref idref="fl-9"/>
      </object_component>
      <object_component id="oc-58c">
         <name>.debug_info</name>
         <load_address>0x9eee</load_address>
         <run_address>0x9eee</run_address>
         <size>0x1d3</size>
         <input_file_ref idref="fl-9"/>
      </object_component>
      <object_component id="oc-580">
         <name>.debug_info</name>
         <load_address>0xa0c1</load_address>
         <run_address>0xa0c1</run_address>
         <size>0x19f</size>
         <input_file_ref idref="fl-9"/>
      </object_component>
      <object_component id="oc-586">
         <name>.debug_info</name>
         <load_address>0xa260</load_address>
         <run_address>0xa260</run_address>
         <size>0x1d1</size>
         <input_file_ref idref="fl-9"/>
      </object_component>
      <object_component id="oc-5da">
         <name>.debug_info</name>
         <load_address>0xa431</load_address>
         <run_address>0xa431</run_address>
         <size>0x158</size>
         <input_file_ref idref="fl-c"/>
      </object_component>
      <object_component id="oc-4d4">
         <name>.debug_info</name>
         <load_address>0xa589</load_address>
         <run_address>0xa589</run_address>
         <size>0xeb</size>
         <input_file_ref idref="fl-c"/>
      </object_component>
      <object_component id="oc-406">
         <name>.debug_info</name>
         <load_address>0xa674</load_address>
         <run_address>0xa674</run_address>
         <size>0x1fa</size>
         <input_file_ref idref="fl-c"/>
      </object_component>
      <object_component id="oc-40c">
         <name>.debug_info</name>
         <load_address>0xa86e</load_address>
         <run_address>0xa86e</run_address>
         <size>0x1fa</size>
         <input_file_ref idref="fl-c"/>
      </object_component>
      <object_component id="oc-546">
         <name>.debug_info</name>
         <load_address>0xaa68</load_address>
         <run_address>0xaa68</run_address>
         <size>0x243</size>
         <input_file_ref idref="fl-c"/>
      </object_component>
      <object_component id="oc-540">
         <name>.debug_info</name>
         <load_address>0xacab</load_address>
         <run_address>0xacab</run_address>
         <size>0x241</size>
         <input_file_ref idref="fl-c"/>
      </object_component>
      <object_component id="oc-53a">
         <name>.debug_info</name>
         <load_address>0xaeec</load_address>
         <run_address>0xaeec</run_address>
         <size>0x1f1</size>
         <input_file_ref idref="fl-c"/>
      </object_component>
      <object_component id="oc-4a3">
         <name>.debug_info</name>
         <load_address>0xb0dd</load_address>
         <run_address>0xb0dd</run_address>
         <size>0x141</size>
         <input_file_ref idref="fl-10"/>
      </object_component>
      <object_component id="oc-5c8">
         <name>.debug_info</name>
         <load_address>0xb21e</load_address>
         <run_address>0xb21e</run_address>
         <size>0x173</size>
         <input_file_ref idref="fl-10"/>
      </object_component>
      <object_component id="oc-5c2">
         <name>.debug_info</name>
         <load_address>0xb391</load_address>
         <run_address>0xb391</run_address>
         <size>0x15b</size>
         <input_file_ref idref="fl-10"/>
      </object_component>
      <object_component id="oc-639">
         <name>.debug_info</name>
         <load_address>0xb4ec</load_address>
         <run_address>0xb4ec</run_address>
         <size>0x16c</size>
         <input_file_ref idref="fl-16"/>
      </object_component>
      <object_component id="oc-418">
         <name>.debug_info</name>
         <load_address>0xb658</load_address>
         <run_address>0xb658</run_address>
         <size>0x1cd</size>
         <input_file_ref idref="fl-16"/>
      </object_component>
      <object_component id="oc-4e0">
         <name>.debug_info</name>
         <load_address>0xb825</load_address>
         <run_address>0xb825</run_address>
         <size>0x211</size>
         <input_file_ref idref="fl-16"/>
      </object_component>
      <object_component id="oc-5d2">
         <name>.debug_info</name>
         <load_address>0xba36</load_address>
         <run_address>0xba36</run_address>
         <size>0x1b9</size>
         <input_file_ref idref="fl-16"/>
      </object_component>
      <object_component id="oc-3fa">
         <name>.debug_info</name>
         <load_address>0xbbef</load_address>
         <run_address>0xbbef</run_address>
         <size>0x19e</size>
         <input_file_ref idref="fl-19"/>
      </object_component>
      <object_component id="oc-65d">
         <name>.debug_info</name>
         <load_address>0xbd8d</load_address>
         <run_address>0xbd8d</run_address>
         <size>0x135</size>
         <input_file_ref idref="fl-34"/>
      </object_component>
      <object_component id="oc-678">
         <name>.debug_info</name>
         <load_address>0xbec2</load_address>
         <run_address>0xbec2</run_address>
         <size>0x121</size>
         <input_file_ref idref="fl-35"/>
      </object_component>
      <object_component id="oc-661">
         <name>.debug_info</name>
         <load_address>0xbfe3</load_address>
         <run_address>0xbfe3</run_address>
         <size>0x138</size>
         <input_file_ref idref="fl-36"/>
      </object_component>
      <object_component id="oc-34e">
         <name>.debug_info</name>
         <load_address>0xc11b</load_address>
         <run_address>0xc11b</run_address>
         <size>0x123</size>
         <input_file_ref idref="fl-37"/>
      </object_component>
      <object_component id="oc-270">
         <name>.debug_info</name>
         <load_address>0xc23e</load_address>
         <run_address>0xc23e</run_address>
         <size>0x12e</size>
         <input_file_ref idref="fl-38"/>
      </object_component>
      <object_component id="oc-28d">
         <name>.debug_info</name>
         <load_address>0xc36c</load_address>
         <run_address>0xc36c</run_address>
         <size>0x10f</size>
         <input_file_ref idref="fl-48"/>
      </object_component>
      <object_component id="oc-265">
         <name>.debug_info</name>
         <load_address>0xc47b</load_address>
         <run_address>0xc47b</run_address>
         <size>0x120</size>
         <input_file_ref idref="fl-49"/>
      </object_component>
      <object_component id="oc-26b">
         <name>.debug_info</name>
         <load_address>0xc59b</load_address>
         <run_address>0xc59b</run_address>
[...]
         <name>EUSCI_A_UART_enable</name>
         <value>0xe46a</value>
         <object_component_ref idref="oc-556"/>
      </symbol>
      <symbol id="sm-55f">
         <name>EUSCI_A_UART_clearInterrupt</name>
         <value>0xe464</value>
         <object_component_ref idref="oc-55c"/>
      </symbol>
      <symbol id="sm-560">
         <name>EUSCI_A_UART_transmitData</name>
         <value>0xe326</value>
         <object_component_ref idref="oc-4e9"/>
      </symbol>
      <symbol id="sm-5c6">
         <name>EUSCI_B_I2C_initMaster</name>
         <value>0xde8e</value>
         <object_component_ref idref="oc-573"/>
      </symbol>
      <symbol id="sm-5c7">
         <name>EUSCI_B_I2C_clearInterrupt</name>
         <value>0xe470</value>
         <object_component_ref idref="oc-585"/>
      </symbol>
      <symbol id="sm-5c8">
         <name>EUSCI_B_I2C_setSlaveAddress</name>
         <value>0xe434</value>
         <object_component_ref idref="oc-579"/>
      </symbol>
      <symbol id="sm-5c9">
         <name>EUSCI_B_I2C_setMode</name>
         <value>0xe3fa</value>
         <object_component_ref idref="oc-42b"/>
      </symbol>
      <symbol id="sm-5ca">
         <name>EUSCI_B_I2C_masterSendMultiByteStop</name>
         <value>0xe38a</value>
         <object_component_ref idref="oc-2fa"/>
      </symbol>
      <symbol id="sm-5cb">
         <name>EUSCI_B_I2C_masterSendMultiByteNext</name>
         <value>0xe34e</value>
         <object_component_ref idref="oc-303"/>
      </symbol>
      <symbol id="sm-5cc">
         <name>EUSCI_B_I2C_masterSendStart</name>
         <value>0xe488</value>
         <object_component_ref idref="oc-31e"/>
      </symbol>
      <symbol id="sm-5cd">
         <name>EUSCI_B_I2C_masterIsStopSent</name>
         <value>0xe42c</value>
         <object_component_ref idref="oc-431"/>
      </symbol>
      <symbol id="sm-5ce">
         <name>EUSCI_B_I2C_masterReceiveStart</name>
         <value>0xe3ee</value>
         <object_component_ref idref="oc-318"/>
      </symbol>
      <symbol id="sm-5cf">
         <name>EUSCI_B_I2C_masterReceiveSingle</name>
         <value>0xe33a</value>
         <object_component_ref idref="oc-309"/>
      </symbol>
      <symbol id="sm-5d0">
         <name>EUSCI_B_I2C_enableInterrupt</name>
         <value>0xe47c</value>
         <object_component_ref idref="oc-58b"/>
      </symbol>
      <symbol id="sm-5d1">
         <name>EUSCI_B_I2C_enable</name>
         <value>0xe476</value>
         <object_component_ref idref="oc-57f"/>
      </symbol>
      <symbol id="sm-5d2">
         <name>EUSCI_B_I2C_masterReceiveMultiByteStop</name>
         <value>0xe482</value>
         <object_component_ref idref="oc-312"/>
      </symbol>
      <symbol id="sm-60d">
         <name>GPIO_setOutputHighOnPin</name>
         <value>0xe2a4</value>
         <object_component_ref idref="oc-40b"/>
      </symbol>
      <symbol id="sm-60e">
         <name>GPIO_setAsOutputPin</name>
         <value>0xe1ca</value>
         <object_component_ref idref="oc-539"/>
      </symbol>
      <symbol id="sm-60f">
         <name>GPIO_setOutputLowOnPin</name>
         <value>0xe2ba</value>
         <object_component_ref idref="oc-405"/>
      </symbol>
      <symbol id="sm-610">
         <name>GPIO_setAsPeripheralModuleFunctionOutputPin</name>
         <value>0xdf60</value>
         <object_component_ref idref="oc-545"/>
      </symbol>
      <symbol id="sm-611">
         <name>GPIO_setAsPeripheralModuleFunctionInputPin</name>
         <value>0xdf20</value>
         <object_component_ref idref="oc-53f"/>
      </symbol>
      <symbol id="sm-62b">
         <name>PMM_enableInternalReference</name>
         <value>0xe3c0</value>
         <object_component_ref idref="oc-5c1"/>
      </symbol>
      <symbol id="sm-62c">
         <name>PMM_unlockLPM5</name>
         <value>0xe48e</value>
         <object_component_ref idref="oc-4a2"/>
      </symbol>
      <symbol id="sm-62d">
         <name>PMM_getVariableReferenceVoltageStatus</name>
         <value>0xe412</value>
         <object_component_ref idref="oc-5c7"/>
      </symbol>
      <symbol id="sm-64f">
         <name>Timer_A_setCompareValue</name>
         <value>0xe43c</value>
         <object_component_ref idref="oc-4df"/>
      </symbol>
      <symbol id="sm-650">
         <name>Timer_A_initUpMode</name>
         <value>0xdbd8</value>
         <object_component_ref idref="oc-5d1"/>
      </symbol>
      <symbol id="sm-651">
         <name>Timer_A_startCounter</name>
         <value>0xe406</value>
         <object_component_ref idref="oc-417"/>
      </symbol>
      <symbol id="sm-65c">
         <name>WDT_A_hold</name>
         <value>0xe2d0</value>
         <object_component_ref idref="oc-3f9"/>
      </symbol>
      <symbol id="sm-668">
         <name>__mspabi_remi</name>
         <value>0xe0e8</value>
         <object_component_ref idref="oc-65b"/>
      </symbol>
      <symbol id="sm-669">
         <name>__mspabi_divi</name>
         <value>0xe0e8</value>
         <object_component_ref idref="oc-65b"/>
      </symbol>
      <symbol id="sm-673">
         <name>__mspabi_remu</name>
         <value>0xe2e6</value>
         <object_component_ref idref="oc-675"/>
      </symbol>
      <symbol id="sm-674">
         <name>__mspabi_divu</name>
         <value>0xe2e6</value>
         <object_component_ref idref="oc-675"/>
      </symbol>
      <symbol id="sm-680">
         <name>__mspabi_remli</name>
         <value>0xdfa0</value>
         <object_component_ref idref="oc-660"/>
      </symbol>
      <symbol id="sm-681">
         <name>__mspabi_divli</name>
         <value>0xdfa0</value>
         <object_component_ref idref="oc-660"/>
      </symbol>
      <symbol id="sm-68f">
         <name>__mspabi_remul</name>
         <value>0xdd44</value>
         <object_component_ref idref="oc-34b"/>
      </symbol>
      <symbol id="sm-690">
         <name>__mspabi_divul</name>
         <value>0xdd44</value>
         <object_component_ref idref="oc-34b"/>
      </symbol>
      <symbol id="sm-699">
         <name>__mspabi_func_epilog_2</name>
         <value>0xe3da</value>
         <object_component_ref idref="oc-26d"/>
      </symbol>
      <symbol id="sm-69a">
         <name>__mspabi_func_epilog_3</name>
         <value>0xe3d8</value>
         <object_component_ref idref="oc-26d"/>
      </symbol>
      <symbol id="sm-69b">
         <name>__mspabi_func_epilog_1</name>
         <value>0xe3dc</value>
         <object_component_ref idref="oc-26d"/>
      </symbol>
      <symbol id="sm-69c">
         <name>__mspabi_func_epilog_6</name>
         <value>0xe3d2</value>
         <object_component_ref idref="oc-26d"/>
      </symbol>
      <symbol id="sm-69d">
         <name>__mspabi_func_epilog_7</name>
         <value>0xe3d0</value>
         <object_component_ref idref="oc-26d"/>
      </symbol>
      <symbol id="sm-69e">
         <name>__mspabi_func_epilog_4</name>
         <value>0xe3d6</value>
         <object_component_ref idref="oc-26d"/>
      </symbol>
      <symbol id="sm-69f">
         <name>__mspabi_func_epilog_5</name>
         <value>0xe3d4</value>
         <object_component_ref idref="oc-26d"/>
      </symbol>
      <symbol id="sm-6a2">
         <name>__TI_int41</name>
         <value>0xffda</value>
         <object_component_ref idref="oc-74"/>
      </symbol>
      <symbol id="sm-6a5">
         <name>__TI_int42</name>
         <value>0xffdc</value>
         <object_component_ref idref="oc-75"/>
      </symbol>
      <symbol id="sm-6a8">
         <name>__TI_int43</name>
         <value>0xffde</value>
         <object_component_ref idref="oc-76"/>
      </symbol>
      <symbol id="sm-6ab">
         <name>__TI_int45</name>
         <value>0xffe2</value>
         <object_component_ref idref="oc-78"/>
      </symbol>
      <symbol id="sm-6ae">
         <name>__TI_int47</name>
         <value>0xffe6</value>
         <object_component_ref idref="oc-7a"/>
      </symbol>
      <symbol id="sm-6b1">
         <name>__TI_int48</name>
         <value>0xffe8</value>
         <object_component_ref idref="oc-7b"/>
      </symbol>
      <symbol id="sm-6b4">
         <name>__TI_int49</name>
         <value>0xffea</value>
         <object_component_ref idref="oc-7c"/>
      </symbol>
      <symbol id="sm-6b7">
         <name>__TI_int50</name>
         <value>0xffec</value>
         <object_component_ref idref="oc-7d"/>
      </symbol>
      <symbol id="sm-6ba">
         <name>__TI_int51</name>
         <value>0xffee</value>
         <object_component_ref idref="oc-7e"/>
      </symbol>
      <symbol id="sm-6bd">
         <name>__TI_int52</name>
         <value>0xfff0</value>
         <object_component_ref idref="oc-7f"/>
      </symbol>
      <symbol id="sm-6c0">
         <name>__TI_int53</name>
         <value>0xfff2</value>
         <object_component_ref idref="oc-80"/>
      </symbol>
      <symbol id="sm-6c3">
         <name>__TI_int55</name>
         <value>0xfff6</value>
         <object_component_ref idref="oc-82"/>
      </symbol>
      <symbol id="sm-6c6">
         <name>__TI_int56</name>
         <value>0xfff8</value>
         <object_component_ref idref="oc-83"/>
      </symbol>
      <symbol id="sm-6c9">
         <name>__TI_int57</name>
         <value>0xfffa</value>
         <object_component_ref idref="oc-84"/>
      </symbol>
      <symbol id="sm-6cc">
         <name>__TI_int58</name>
         <value>0xfffc</value>
         <object_component_ref idref="oc-85"/>
      </symbol>
      <symbol id="sm-6d4">
         <name>__TI_ISR_TRAP</name>
         <value>0xe444</value>
         <object_component_ref idref="oc-28a"/>
      </symbol>
      <symbol id="sm-6dc">
         <name>__mspabi_slli</name>
         <value>0xe114</value>
         <object_component_ref idref="oc-263"/>
      </symbol>
      <symbol id="sm-6dd">
         <name>__mspabi_slli_9</name>
         <value>0xe12c</value>
         <object_component_ref idref="oc-263"/>
      </symbol>
      <symbol id="sm-6de">
         <name>__mspabi_slli_8</name>
         <value>0xe12e</value>
         <object_component_ref idref="oc-263"/>
      </symbol>
      <symbol id="sm-6df">
         <name>__mspabi_slli_7</name>
         <value>0xe130</value>
         <object_component_ref idref="oc-263"/>
      </symbol>
      <symbol id="sm-6e0">
         <name>__mspabi_slli_6</name>
         <value>0xe132</value>
         <object_component_ref idref="oc-263"/>
      </symbol>
      <symbol id="sm-6e1">
         <name>__mspabi_slli_5</name>
         <value>0xe134</value>
         <object_component_ref idref="oc-263"/>
      </symbol>
      <symbol id="sm-6e2">
         <name>__mspabi_slli_4</name>
         <value>0xe136</value>
         <object_component_ref idref="oc-263"/>
      </symbol>
      <symbol id="sm-6e3">
         <name>__mspabi_slli_3</name>
         <value>0xe138</value>
         <object_component_ref idref="oc-263"/>
      </symbol>
      <symbol id="sm-6e4">
         <name>__mspabi_slli_2</name>
         <value>0xe13a</value>
         <object_component_ref idref="oc-263"/>
      </symbol>
      <symbol id="sm-6e5">
         <name>__mspabi_slli_1</name>
         <value>0xe13c</value>
         <object_component_ref idref="oc-263"/>
      </symbol>
      <symbol id="sm-6e6">
         <name>__mspabi_slli_15</name>
         <value>0xe120</value>
         <object_component_ref idref="oc-263"/>
      </symbol>
      <symbol id="sm-6e7">
         <name>__mspabi_slli_14</name>
         <value>0xe122</value>
         <object_component_ref idref="oc-263"/>
      </symbol>
      <symbol id="sm-6e8">
         <name>__mspabi_slli_13</name>
         <value>0xe124</value>
         <object_component_ref idref="oc-263"/>
      </symbol>
      <symbol id="sm-6e9">
         <name>__mspabi_slli_12</name>
         <value>0xe126</value>
         <object_component_ref idref="oc-263"/>
      </symbol>
      <symbol id="sm-6ea">
         <name>__mspabi_slli_11</name>
         <value>0xe128</value>
         <object_component_ref idref="oc-263"/>
      </symbol>
      <symbol id="sm-6eb">
         <name>__mspabi_slli_10</name>
         <value>0xe12a</value>
         <object_component_ref idref="oc-263"/>
      </symbol>
      <symbol id="sm-6f3">
         <name>__mspabi_srli_8</name>
         <value>0xde6c</value>
         <object_component_ref idref="oc-268"/>
      </symbol>
      <symbol id="sm-6f4">
         <name>__mspabi_srli_9</name>
         <value>0xde68</value>
         <object_component_ref idref="oc-268"/>
      </symbol>
      <symbol id="sm-6f5">
         <name>__mspabi_srli_6</name>
         <value>0xde74</value>
         <object_component_ref idref="oc-268"/>
      </symbol>
      <symbol id="sm-6f6">
         <name>__mspabi_srli_7</name>
         <value>0xde70</value>
         <object_component_ref idref="oc-268"/>
      </symbol>
      <symbol id="sm-6f7">
         <name>__mspabi_srli_4</name>
         <value>0xde7c</value>
         <object_component_ref idref="oc-268"/>
      </symbol>
      <symbol id="sm-6f8">
         <name>__mspabi_srli_5</name>
         <value>0xde78</value>
         <object_component_ref idref="oc-268"/>
      </symbol>
      <symbol id="sm-6f9">
         <name>__mspabi_srli_2</name>
         <value>0xde84</value>
         <object_component_ref idref="oc-268"/>
      </symbol>
      <symbol id="sm-6fa">
         <name>__mspabi_srli_3</name>
         <value>0xde80</value>
         <object_component_ref idref="oc-268"/>
      </symbol>
      <symbol id="sm-6fb">
         <name>__mspabi_srli_1</name>
         <value>0xde88</value>
         <object_component_ref idref="oc-268"/>
      </symbol>
      <symbol id="sm-6fc">
         <name>__mspabi_srli</name>
         <value>0xde42</value>
         <object_component_ref idref="oc-268"/>
      </symbol>
      <symbol id="sm-6fd">
         <name>__mspabi_srli_15</name>
         <value>0xde50</value>
         <object_component_ref idref="oc-268"/>
      </symbol>
      <symbol id="sm-6fe">
         <name>__mspabi_srli_14</name>
         <value>0xde54</value>
         <object_component_ref idref="oc-268"/>
      </symbol>
      <symbol id="sm-6ff">
         <name>__mspabi_srli_13</name>
         <value>0xde58</value>
         <object_component_ref idref="oc-268"/>
      </symbol>
      <symbol id="sm-700">
         <name>__mspabi_srli_12</name>
         <value>0xde5c</value>
         <object_component_ref idref="oc-268"/>
      </symbol>
      <symbol id="sm-701">
         <name>__mspabi_srli_11</name>
         <value>0xde60</value>
         <object_component_ref idref="oc-268"/>
      </symbol>
      <symbol id="sm-702">
         <name>__mspabi_srli_10</name>
         <value>0xde64</value>
         <object_component_ref idref="oc-268"/>
      </symbol>
      <symbol id="sm-70a">
         <name>__mspabi_srll_8</name>
         <value>0xdc62</value>
         <object_component_ref idref="oc-346"/>
      </symbol>
      <symbol id="sm-70b">
         <name>__mspabi_srll_9</name>
         <value>0xdc5c</value>
         <object_component_ref idref="oc-346"/>
      </symbol>
      <symbol id="sm-70c">
         <name>__mspabi_srll_6</name>
         <value>0xdc6e</value>
         <object_component_ref idref="oc-346"/>
      </symbol>
      <symbol id="sm-70d">
         <name>__mspabi_srll_7</name>
         <value>0xdc68</value>
         <object_component_ref idref="oc-346"/>
      </symbol>
      <symbol id="sm-70e">
         <name>__mspabi_srll_4</name>
         <value>0xdc7a</value>
         <object_component_ref idref="oc-346"/>
      </symbol>
      <symbol id="sm-70f">
         <name>__mspabi_srll_5</name>
         <value>0xdc74</value>
         <object_component_ref idref="oc-346"/>
      </symbol>
      <symbol id="sm-710">
         <name>__mspabi_srll_2</name>
         <value>0xdc86</value>
         <object_component_ref idref="oc-346"/>
      </symbol>
      <symbol id="sm-711">
         <name>__mspabi_srll_3</name>
         <value>0xdc80</value>
         <object_component_ref idref="oc-346"/>
      </symbol>
      <symbol id="sm-712">
         <name>__mspabi_srll_1</name>
         <value>0xdc8c</value>
         <object_component_ref idref="oc-346"/>
      </symbol>
      <symbol id="sm-713">
         <name>__mspabi_srll_15</name>
         <value>0xdc38</value>
         <object_component_ref idref="oc-346"/>
      </symbol>
      <symbol id="sm-714">
         <name>__mspabi_srll_14</name>
         <value>0xdc3e</value>
         <object_component_ref idref="oc-346"/>
      </symbol>
      <symbol id="sm-715">
         <name>__mspabi_srll_13</name>
         <value>0xdc44</value>
         <object_component_ref idref="oc-346"/>
      </symbol>
      <symbol id="sm-716">
         <name>__mspabi_srll_12</name>
         <value>0xdc4a</value>
         <object_component_ref idref="oc-346"/>
      </symbol>
      <symbol id="sm-717">
         <name>__mspabi_srll_11</name>
         <value>0xdc50</value>
         <object_component_ref idref="oc-346"/>
      </symbol>
      <symbol id="sm-718">
         <name>__mspabi_srll_10</name>
         <value>0xdc56</value>
         <object_component_ref idref="oc-346"/>
      </symbol>
      <symbol id="sm-721">
         <name>__mspabi_mpyi_f5hw</name>
         <value>0xe376</value>
         <object_component_ref idref="oc-4da"/>
      </symbol>
      <symbol id="sm-72b">
         <name>__mspabi_mpyl_f5hw</name>
         <value>0xe18c</value>
         <object_component_ref idref="oc-47f"/>
      </symbol>
      <symbol id="sm-73d">
         <name>_stack</name>
         <value>0x2f60</value>
         <object_component_ref idref="oc-25f"/>
      </symbol>
      <symbol id="sm-73e">
         <name>_c_int00_noargs</name>
         <value>0xe222</value>
         <object_component_ref idref="oc-2b3"/>
      </symbol>
      <symbol id="sm-73f">
         <name>_reset_vector</name>
         <value>0xfffe</value>
         <object_component_ref idref="oc-262"/>
      </symbol>
      <symbol id="sm-761">
         <name>__TI_auto_init_nobinit_nopinit_hold_wdt</name>
         <value>0xdc94</value>
         <object_component_ref idref="oc-462"/>
      </symbol>
      <symbol id="sm-774">
         <name>__TI_zero_init_nomemset</name>
         <value>0xe362</value>
         <object_component_ref idref="oc-2a1"/>
      </symbol>
      <symbol id="sm-77f">
         <name>_system_pre_init</name>
         <value>0xe49a</value>
         <object_component_ref idref="oc-35f"/>
      </symbol>
      <symbol id="sm-788">
         <name>_system_post_cinit</name>
         <value>0xe49e</value>
         <object_component_ref idref="oc-502"/>
      </symbol>
      <symbol id="sm-79e">
         <name>__TI_decompress_none</name>
         <value>0xe39c</value>
         <object_component_ref idref="oc-6e"/>
      </symbol>
      <symbol id="sm-7c1">
         <name>__TI_decompress_lzss</name>
         <value>0xd8d0</value>
         <object_component_ref idref="oc-68"/>
      </symbol>
      <symbol id="sm-7cb">
         <name>C$$EXIT</name>
         <value>0xe494</value>
         <object_component_ref idref="oc-43e"/>
      </symbol>
      <symbol id="sm-7cc">
         <name>abort</name>
         <value>0xe494</value>
         <object_component_ref idref="oc-43e"/>
      </symbol>
      <symbol id="sm-7e1">
         <name>atol</name>
         <value>0xdaa0</value>
         <object_component_ref idref="oc-3c6"/>
      </symbol>
      <symbol id="sm-7eb">
         <name>_ctypes_</name>
         <value>0xc5d0</value>
         <object_component_ref idref="oc-484"/>
      </symbol>
      <symbol id="sm-7f9">
         <name>memcpy</name>
         <value>0xe3ae</value>
         <object_component_ref idref="oc-27d"/>
      </symbol>
      <symbol id="sm-809">
         <name>strncpy</name>
         <value>0xe140</value>
         <object_component_ref idref="oc-3c0"/>
      </symbol>
   </symbol_table>
   <title>Link successful</title>
</link_info>
