<?xml version="1.0" encoding="ISO-8859-1" ?>
<link_info>
   <banner>MSP430 Linker PC v21.6.1.LTS</banner>
   <copyright>Copyright (c) 2003-2018 Texas Instruments Incorporated</copyright>
   <link_time>0x65518002</link_time>
   <link_errors>0x0</link_errors>
   <output_file>DHX_V2_1.out</output_file>
   <entry_point>
      <name>_c_int00_noargs</name>
      <address>0xe12a</address>
   </entry_point>
   <input_file_list>
      <input_file id="fl-2">
         <path>.\</path>
         <kind>object</kind>
         <file>main.obj</file>
         <name>main.obj</name>
      </input_file>
      <input_file id="fl-3">
         <path>.\driverlib\MSP430FR2xx_4xx\</path>
         <kind>object</kind>
         <file>adc.obj</file>
         <name>adc.obj</name>
      </input_file>
      <input_file id="fl-4">
         <path>.\driverlib\MSP430FR2xx_4xx\</path>
         <kind>object</kind>
         <file>crc.obj</file>
         <name>crc.obj</name>
      </input_file>
      <input_file id="fl-5">
         <path>.\driverlib\MSP430FR2xx_4xx\</path>
         <kind>object</kind>
         <file>cs.obj</file>
         <name>cs.obj</name>
      </input_file>
      <input_file id="fl-6">
         <path>.\driverlib\MSP430FR2xx_4xx\</path>
         <kind>object</kind>
         <file>ecomp.obj</file>
         <name>ecomp.obj</name>
      </input_file>
      <input_file id="fl-7">
         <path>.\driverlib\MSP430FR2xx_4xx\</path>
         <kind>object</kind>
         <file>eusci_a_spi.obj</file>
         <name>eusci_a_spi.obj</name>
      </input_file>
      <input_file id="fl-8">
         <path>.\driverlib\MSP430FR2xx_4xx\</path>
         <kind>object</kind>
         <file>eusci_a_uart.obj</file>
         <name>eusci_a_uart.obj</name>
      </input_file>
      <input_file id="fl-9">
         <path>.\driverlib\MSP430FR2xx_4xx\</path>
         <kind>object</kind>
         <file>eusci_b_i2c.obj</file>
         <name>eusci_b_i2c.obj</name>
      </input_file>
      <input_file id="fl-a">
         <path>.\driverlib\MSP430FR2xx_4xx\</path>
         <kind>object</kind>
         <file>eusci_b_spi.obj</file>
         <name>eusci_b_spi.obj</name>
      </input_file>
      <input_file id="fl-b">
         <path>.\driverlib\MSP430FR2xx_4xx\</path>
         <kind>object</kind>
         <file>framctl.obj</file>
         <name>framctl.obj</name>
      </input_file>
      <input_file id="fl-c">
         <path>.\driverlib\MSP430FR2xx_4xx\</path>
         <kind>object</kind>
         <file>gpio.obj</file>
         <name>gpio.obj</name>
      </input_file>
      <input_file id="fl-d">
         <path>.\driverlib\MSP430FR2xx_4xx\</path>
         <kind>object</kind>
         <file>icc.obj</file>
         <name>icc.obj</name>
      </input_file>
      <input_file id="fl-e">
         <path>.\driverlib\MSP430FR2xx_4xx\</path>
         <kind>object</kind>
         <file>lcd_e.obj</file>
         <name>lcd_e.obj</name>
      </input_file>
      <input_file id="fl-f">
         <path>.\driverlib\MSP430FR2xx_4xx\</path>
         <kind>object</kind>
         <file>mpy32.obj</file>
         <name>mpy32.obj</name>
      </input_file>
      <input_file id="fl-10">
         <path>.\driverlib\MSP430FR2xx_4xx\</path>
         <kind>object</kind>
         <file>pmm.obj</file>
         <name>pmm.obj</name>
      </input_file>
      <input_file id="fl-11">
         <path>.\driverlib\MSP430FR2xx_4xx\</path>
         <kind>object</kind>
         <file>rtc.obj</file>
         <name>rtc.obj</name>
      </input_file>
      <input_file id="fl-12">
         <path>.\driverlib\MSP430FR2xx_4xx\</path>
         <kind>object</kind>
         <file>sac.obj</file>
         <name>sac.obj</name>
      </input_file>
      <input_file id="fl-13">
         <path>.\driverlib\MSP430FR2xx_4xx\</path>
         <kind>object</kind>
         <file>sfr.obj</file>
         <name>sfr.obj</name>
      </input_file>
      <input_file id="fl-14">
         <path>.\driverlib\MSP430FR2xx_4xx\</path>
         <kind>object</kind>
         <file>sysctl.obj</file>
         <name>sysctl.obj</name>
      </input_file>
      <input_file id="fl-15">
         <path>.\driverlib\MSP430FR2xx_4xx\</path>
         <kind>object</kind>
         <file>tia.obj</file>
         <name>tia.obj</name>
      </input_file>
      <input_file id="fl-16">
         <path>.\driverlib\MSP430FR2xx_4xx\</path>
         <kind>object</kind>
         <file>timer_a.obj</file>
         <name>timer_a.obj</name>
      </input_file>
      <input_file id="fl-17">
         <path>.\driverlib\MSP430FR2xx_4xx\</path>
         <kind>object</kind>
         <file>timer_b.obj</file>
         <name>timer_b.obj</name>
      </input_file>
      <input_file id="fl-18">
         <path>.\driverlib\MSP430FR2xx_4xx\</path>
         <kind>object</kind>
         <file>tlv.obj</file>
         <name>tlv.obj</name>
      </input_file>
      <input_file id="fl-19">
         <path>.\driverlib\MSP430FR2xx_4xx\</path>
         <kind>object</kind>
         <file>wdt_a.obj</file>
         <name>wdt_a.obj</name>
      </input_file>
      <input_file id="fl-1e">
         <kind>object</kind>
         <file>&lt;internal&gt;</file>
         <name>&lt;internal&gt;</name>
      </input_file>
      <input_file id="fl-34">
         <path>D:\Program Files\ti\ccs1240\ccs\tools\compiler\ti-cgt-msp430_21.6.1.LTS\lib\</path>
         <kind>archive</kind>
         <file>rts430_eabi.lib</file>
         <name>div16s.asm.obj</name>
      </input_file>
      <input_file id="fl-35">
         <path>D:\Program Files\ti\ccs1240\ccs\tools\compiler\ti-cgt-msp430_21.6.1.LTS\lib\</path>
         <kind>archive</kind>
         <file>rts430_eabi.lib</file>
         <name>div16u.asm.obj</name>
      </input_file>
      <input_file id="fl-36">
         <path>D:\Program Files\ti\ccs1240\ccs\tools\compiler\ti-cgt-msp430_21.6.1.LTS\lib\</path>
         <kind>archive</kind>
         <file>rts430_eabi.lib</file>
         <name>div32s.asm.obj</name>
      </input_file>
      <input_file id="fl-37">
         <path>D:\Program Files\ti\ccs1240\ccs\tools\compiler\ti-cgt-msp430_21.6.1.LTS\lib\</path>
         <kind>archive</kind>
         <file>rts430_eabi.lib</file>
         <name>div32u.asm.obj</name>
      </input_file>
      <input_file id="fl-38">
         <path>D:\Program Files\ti\ccs1240\ccs\tools\compiler\ti-cgt-msp430_21.6.1.LTS\lib\</path>
         <kind>archive</kind>
         <file>rts430_eabi.lib</file>
         <name>epilog.asm.obj</name>
      </input_file>
      <input_file id="fl-39">
         <path>D:\Program Files\ti\ccs1240\ccs\tools\compiler\ti-cgt-msp430_21.6.1.LTS\lib\</path>
         <kind>archive</kind>
         <file>rts430_eabi.lib</file>
         <name>int41.asm.obj</name>
      </input_file>
      <input_file id="fl-3a">
         <path>D:\Program Files\ti\ccs1240\ccs\tools\compiler\ti-cgt-msp430_21.6.1.LTS\lib\</path>
         <kind>archive</kind>
         <file>rts430_eabi.lib</file>
         <name>int42.asm.obj</name>
      </input_file>
      <input_file id="fl-3b">
         <path>D:\Program Files\ti\ccs1240\ccs\tools\compiler\ti-cgt-msp430_21.6.1.LTS\lib\</path>
         <kind>archive</kind>
         <file>rts430_eabi.lib</file>
         <name>int43.asm.obj</name>
      </input_file>
      <input_file id="fl-3c">
         <path>D:\Program Files\ti\ccs1240\ccs\tools\compiler\ti-cgt-msp430_21.6.1.LTS\lib\</path>
         <kind>archive</kind>
         <file>rts430_eabi.lib</file>
         <name>int45.asm.obj</name>
      </input_file>
      <input_file id="fl-3d">
         <path>D:\Program Files\ti\ccs1240\ccs\tools\compiler\ti-cgt-msp430_21.6.1.LTS\lib\</path>
         <kind>archive</kind>
         <file>rts430_eabi.lib</file>
         <name>int47.asm.obj</name>
      </input_file>
      <input_file id="fl-3e">
         <path>D:\Program Files\ti\ccs1240\ccs\tools\compiler\ti-cgt-msp430_21.6.1.LTS\lib\</path>
         <kind>archive</kind>
         <file>rts430_eabi.lib</file>
         <name>int48.asm.obj</name>
      </input_file>
      <input_file id="fl-3f">
         <path>D:\Program Files\ti\ccs1240\ccs\tools\compiler\ti-cgt-msp430_21.6.1.LTS\lib\</path>
         <kind>archive</kind>
         <file>rts430_eabi.lib</file>
         <name>int49.asm.obj</name>
      </input_file>
      <input_file id="fl-40">
         <path>D:\Program Files\ti\ccs1240\ccs\tools\compiler\ti-cgt-msp430_21.6.1.LTS\lib\</path>
         <kind>archive</kind>
         <file>rts430_eabi.lib</file>
         <name>int50.asm.obj</name>
      </input_file>
      <input_file id="fl-41">
         <path>D:\Program Files\ti\ccs1240\ccs\tools\compiler\ti-cgt-msp430_21.6.1.LTS\lib\</path>
         <kind>archive</kind>
         <file>rts430_eabi.lib</file>
         <name>int51.asm.obj</name>
      </input_file>
      <input_file id="fl-42">
         <path>D:\Program Files\ti\ccs1240\ccs\tools\compiler\ti-cgt-msp430_21.6.1.LTS\lib\</path>
         <kind>archive</kind>
         <file>rts430_eabi.lib</file>
         <name>int52.asm.obj</name>
      </input_file>
      <input_file id="fl-43">
         <path>D:\Program Files\ti\ccs1240\ccs\tools\compiler\ti-cgt-msp430_21.6.1.LTS\lib\</path>
         <kind>archive</kind>
         <file>rts430_eabi.lib</file>
         <name>int53.asm.obj</name>
      </input_file>
      <input_file id="fl-44">
         <path>D:\Program Files\ti\ccs1240\ccs\tools\compiler\ti-cgt-msp430_21.6.1.LTS\lib\</path>
         <kind>archive</kind>
         <file>rts430_eabi.lib</file>
         <name>int55.asm.obj</name>
      </input_file>
      <input_file id="fl-45">
         <path>D:\Program Files\ti\ccs1240\ccs\tools\compiler\ti-cgt-msp430_21.6.1.LTS\lib\</path>
         <kind>archive</kind>
         <file>rts430_eabi.lib</file>
         <name>int56.asm.obj</name>
      </input_file>
      <input_file id="fl-46">
         <path>D:\Program Files\ti\ccs1240\ccs\tools\compiler\ti-cgt-msp430_21.6.1.LTS\lib\</path>
         <kind>archive</kind>
         <file>rts430_eabi.lib</file>
         <name>int57.asm.obj</name>
      </input_file>
      <input_file id="fl-47">
         <path>D:\Program Files\ti\ccs1240\ccs\tools\compiler\ti-cgt-msp430_21.6.1.LTS\lib\</path>
         <kind>archive</kind>
         <file>rts430_eabi.lib</file>
         <name>int58.asm.obj</name>
      </input_file>
      <input_file id="fl-48">
         <path>D:\Program Files\ti\ccs1240\ccs\tools\compiler\ti-cgt-msp430_21.6.1.LTS\lib\</path>
         <kind>archive</kind>
         <file>rts430_eabi.lib</file>
         <name>isr_trap.asm.obj</name>
      </input_file>
      <input_file id="fl-49">
         <path>D:\Program Files\ti\ccs1240\ccs\tools\compiler\ti-cgt-msp430_21.6.1.LTS\lib\</path>
         <kind>archive</kind>
         <file>rts430_eabi.lib</file>
         <name>lsl16.asm.obj</name>
      </input_file>
      <input_file id="fl-4a">
         <path>D:\Program Files\ti\ccs1240\ccs\tools\compiler\ti-cgt-msp430_21.6.1.LTS\lib\</path>
         <kind>archive</kind>
         <file>rts430_eabi.lib</file>
         <name>lsr16.asm.obj</name>
      </input_file>
      <input_file id="fl-4b">
         <path>D:\Program Files\ti\ccs1240\ccs\tools\compiler\ti-cgt-msp430_21.6.1.LTS\lib\</path>
         <kind>archive</kind>
         <file>rts430_eabi.lib</file>
         <name>mult16.asm.obj</name>
      </input_file>
      <input_file id="fl-4c">
         <path>D:\Program Files\ti\ccs1240\ccs\tools\compiler\ti-cgt-msp430_21.6.1.LTS\lib\</path>
         <kind>archive</kind>
         <file>rts430_eabi.lib</file>
         <name>mult16_f5hw.asm.obj</name>
      </input_file>
      <input_file id="fl-4d">
         <path>D:\Program Files\ti\ccs1240\ccs\tools\compiler\ti-cgt-msp430_21.6.1.LTS\lib\</path>
         <kind>archive</kind>
         <file>rts430_eabi.lib</file>
         <name>mult1632_f5hw.asm.obj</name>
      </input_file>
      <input_file id="fl-4e">
         <path>D:\Program Files\ti\ccs1240\ccs\tools\compiler\ti-cgt-msp430_21.6.1.LTS\lib\</path>
         <kind>archive</kind>
         <file>rts430_eabi.lib</file>
         <name>mult32.asm.obj</name>
      </input_file>
      <input_file id="fl-4f">
         <path>D:\Program Files\ti\ccs1240\ccs\tools\compiler\ti-cgt-msp430_21.6.1.LTS\lib\</path>
         <kind>archive</kind>
         <file>rts430_eabi.lib</file>
         <name>mult32_f5hw.asm.obj</name>
      </input_file>
      <input_file id="fl-50">
         <path>D:\Program Files\ti\ccs1240\ccs\tools\compiler\ti-cgt-msp430_21.6.1.LTS\lib\</path>
         <kind>archive</kind>
         <file>rts430_eabi.lib</file>
         <name>mult3264_f5hw.asm.obj</name>
      </input_file>
      <input_file id="fl-51">
         <path>D:\Program Files\ti\ccs1240\ccs\tools\compiler\ti-cgt-msp430_21.6.1.LTS\lib\</path>
         <kind>archive</kind>
         <file>rts430_eabi.lib</file>
         <name>mult64_f5hw.asm.obj</name>
      </input_file>
      <input_file id="fl-52">
         <path>D:\Program Files\ti\ccs1240\ccs\tools\compiler\ti-cgt-msp430_21.6.1.LTS\lib\</path>
         <kind>archive</kind>
         <file>rts430_eabi.lib</file>
         <name>boot.c.obj</name>
      </input_file>
      <input_file id="fl-53">
         <path>D:\Program Files\ti\ccs1240\ccs\tools\compiler\ti-cgt-msp430_21.6.1.LTS\lib\</path>
         <kind>archive</kind>
         <file>rts430_eabi.lib</file>
         <name>autoinit.c.obj</name>
      </input_file>
      <input_file id="fl-54">
         <path>D:\Program Files\ti\ccs1240\ccs\tools\compiler\ti-cgt-msp430_21.6.1.LTS\lib\</path>
         <kind>archive</kind>
         <file>rts430_eabi.lib</file>
         <name>copy_zero_init.c.obj</name>
      </input_file>
      <input_file id="fl-55">
         <path>D:\Program Files\ti\ccs1240\ccs\tools\compiler\ti-cgt-msp430_21.6.1.LTS\lib\</path>
         <kind>archive</kind>
         <file>rts430_eabi.lib</file>
         <name>cpy_tbl.c.obj</name>
      </input_file>
      <input_file id="fl-56">
         <path>D:\Program Files\ti\ccs1240\ccs\tools\compiler\ti-cgt-msp430_21.6.1.LTS\lib\</path>
         <kind>archive</kind>
         <file>rts430_eabi.lib</file>
         <name>mpu_init.c.obj</name>
      </input_file>
      <input_file id="fl-57">
         <path>D:\Program Files\ti\ccs1240\ccs\tools\compiler\ti-cgt-msp430_21.6.1.LTS\lib\</path>
         <kind>archive</kind>
         <file>rts430_eabi.lib</file>
         <name>pre_init.c.obj</name>
      </input_file>
      <input_file id="fl-58">
         <path>D:\Program Files\ti\ccs1240\ccs\tools\compiler\ti-cgt-msp430_21.6.1.LTS\lib\</path>
         <kind>archive</kind>
         <file>rts430_eabi.lib</file>
         <name>startup.c.obj</name>
      </input_file>
      <input_file id="fl-59">
         <path>D:\Program Files\ti\ccs1240\ccs\tools\compiler\ti-cgt-msp430_21.6.1.LTS\lib\</path>
         <kind>archive</kind>
         <file>rts430_eabi.lib</file>
         <name>copy_decompress_none.c.obj</name>
      </input_file>
      <input_file id="fl-5a">
         <path>D:\Program Files\ti\ccs1240\ccs\tools\compiler\ti-cgt-msp430_21.6.1.LTS\lib\</path>
         <kind>archive</kind>
         <file>rts430_eabi.lib</file>
         <name>copy_decompress_lzss.c.obj</name>
      </input_file>
      <input_file id="fl-5b">
         <path>D:\Program Files\ti\ccs1240\ccs\tools\compiler\ti-cgt-msp430_21.6.1.LTS\lib\</path>
         <kind>archive</kind>
         <file>rts430_eabi.lib</file>
         <name>exit.c.obj</name>
      </input_file>
      <input_file id="fl-5c">
         <path>D:\Program Files\ti\ccs1240\ccs\tools\compiler\ti-cgt-msp430_21.6.1.LTS\lib\</path>
         <kind>archive</kind>
         <file>rts430_eabi.lib</file>
         <name>_lock.c.obj</name>
      </input_file>
      <input_file id="fl-5d">
         <path>D:\Program Files\ti\ccs1240\ccs\tools\compiler\ti-cgt-msp430_21.6.1.LTS\lib\</path>
         <kind>archive</kind>
         <file>rts430_eabi.lib</file>
         <name>args_main.c.obj</name>
      </input_file>
      <input_file id="fl-5e">
         <path>D:\Program Files\ti\ccs1240\ccs\tools\compiler\ti-cgt-msp430_21.6.1.LTS\lib\</path>
         <kind>archive</kind>
         <file>rts430_eabi.lib</file>
         <name>atol.c.obj</name>
      </input_file>
      <input_file id="fl-5f">
         <path>D:\Program Files\ti\ccs1240\ccs\tools\compiler\ti-cgt-msp430_21.6.1.LTS\lib\</path>
         <kind>archive</kind>
         <file>rts430_eabi.lib</file>
         <name>ctype.c.obj</name>
      </input_file>
      <input_file id="fl-60">
         <path>D:\Program Files\ti\ccs1240\ccs\tools\compiler\ti-cgt-msp430_21.6.1.LTS\lib\</path>
         <kind>archive</kind>
         <file>rts430_eabi.lib</file>
         <name>memcpy.c.obj</name>
      </input_file>
      <input_file id="fl-61">
         <path>D:\Program Files\ti\ccs1240\ccs\tools\compiler\ti-cgt-msp430_21.6.1.LTS\lib\</path>
         <kind>archive</kind>
         <file>rts430_eabi.lib</file>
         <name>strncpy.c.obj</name>
      </input_file>
      <input_file id="fl-62">
         <path>D:\Program Files\ti\ccs1240\ccs\tools\compiler\ti-cgt-msp430_21.6.1.LTS\lib\</path>
         <kind>archive</kind>
         <file>rts430_eabi.lib</file>
         <name>exit_gvars.c.obj</name>
      </input_file>
   </input_file_list>
   <object_component_list>
      <object_component id="oc-6e3">
         <name>.cinit..data.load</name>
         <load_address>0xc400</load_address>
         <run_address>0xc400</run_address>
         <size>0x1c</size>
      </object_component>
      <object_component id="oc-6e0">
         <name>__TI_handler_table</name>
         <load_address>0xc41c</load_address>
         <run_address>0xc41c</run_address>
         <size>0x6</size>
      </object_component>
      <object_component id="oc-6e2">
         <name>.cinit..bss.load</name>
         <load_address>0xc422</load_address>
         <run_address>0xc422</run_address>
         <size>0x4</size>
      </object_component>
      <object_component id="oc-6e1">
         <name>__TI_cinit_table</name>
         <load_address>0xc426</load_address>
         <run_address>0xc426</run_address>
         <size>0x8</size>
      </object_component>
      <object_component id="oc-678">
         <name>.binit</name>
         <load_address>0xc42e</load_address>
         <run_address>0xc42e</run_address>
         <size>0x0</size>
      </object_component>
      <object_component id="oc-40a">
         <name>.const:.string</name>
         <load_address>0xc42e</load_address>
         <run_address>0xc42e</run_address>
         <size>0x1a2</size>
         <input_file_ref idref="fl-2"/>
      </object_component>
      <object_component id="oc-477">
         <name>.const:.string:_ctypes_</name>
         <load_address>0xc5d0</load_address>
         <run_address>0xc5d0</run_address>
         <size>0x101</size>
         <input_file_ref idref="fl-5f"/>
      </object_component>
      <object_component id="oc-4c6">
         <name>.const:GPIO_PORT_TO_BASE</name>
         <load_address>0xc6d2</load_address>
         <run_address>0xc6d2</run_address>
         <size>0x1c</size>
         <input_file_ref idref="fl-c"/>
      </object_component>
      <object_component id="oc-585">
         <name>.const:$P$T2$3</name>
         <load_address>0xc6ee</load_address>
         <run_address>0xc6ee</run_address>
         <size>0x12</size>
         <input_file_ref idref="fl-2"/>
      </object_component>
      <object_component id="oc-540">
         <name>.const:$P$T0$1</name>
         <load_address>0xc700</load_address>
         <run_address>0xc700</run_address>
         <size>0x10</size>
         <input_file_ref idref="fl-2"/>
      </object_component>
      <object_component id="oc-5c7">
         <name>.const:$P$T3$4</name>
         <load_address>0xc710</load_address>
         <run_address>0xc710</run_address>
         <size>0xe</size>
         <input_file_ref idref="fl-2"/>
      </object_component>
      <object_component id="oc-55d">
         <name>.const:$P$T1$2</name>
         <load_address>0xc71e</load_address>
         <run_address>0xc71e</run_address>
         <size>0xc</size>
         <input_file_ref idref="fl-2"/>
      </object_component>
      <object_component id="oc-3c1">
         <name>.text:action</name>
         <load_address>0xc72a</load_address>
         <run_address>0xc72a</run_address>
         <size>0x396</size>
         <input_file_ref idref="fl-2"/>
      </object_component>
      <object_component id="oc-32e">
         <name>.text:cmdLine</name>
         <load_address>0xcac0</load_address>
         <run_address>0xcac0</run_address>
         <size>0x2bc</size>
         <input_file_ref idref="fl-2"/>
      </object_component>
      <object_component id="oc-29b">
         <name>.text:TIMER1_A0_ISR</name>
         <load_address>0xcd7c</load_address>
         <run_address>0xcd7c</run_address>
         <size>0x234</size>
         <input_file_ref idref="fl-2"/>
      </object_component>
      <object_component id="oc-35a">
         <name>.text:main</name>
         <load_address>0xcfb0</load_address>
         <run_address>0xcfb0</run_address>
         <size>0x20e</size>
         <input_file_ref idref="fl-2"/>
      </object_component>
      <object_component id="oc-51f">
         <name>.text:CS_initClockSignal</name>
         <load_address>0xd1be</load_address>
         <run_address>0xd1be</run_address>
         <size>0xd2</size>
         <input_file_ref idref="fl-5"/>
      </object_component>
      <object_component id="oc-602">
         <name>.text:CS_initFLL</name>
         <load_address>0xd290</load_address>
         <run_address>0xd290</run_address>
         <size>0xc6</size>
         <input_file_ref idref="fl-5"/>
      </object_component>
      <object_component id="oc-412">
         <name>.text:sendData</name>
         <load_address>0xd356</load_address>
         <run_address>0xd356</run_address>
         <size>0xb8</size>
         <input_file_ref idref="fl-2"/>
      </object_component>
      <object_component id="oc-616">
         <name>.text:privateCSComputeCLKFrequency</name>
         <load_address>0xd40e</load_address>
         <run_address>0xd40e</run_address>
         <size>0xb2</size>
         <input_file_ref idref="fl-5"/>
      </object_component>
      <object_component id="oc-481">
         <name>.text:SPI_masterSendMultipleByte</name>
         <load_address>0xd4c0</load_address>
         <run_address>0xd4c0</run_address>
         <size>0xa8</size>
         <input_file_ref idref="fl-2"/>
      </object_component>
      <object_component id="oc-28f">
         <name>.text:USCIB0_ISR</name>
         <load_address>0xd568</load_address>
         <run_address>0xd568</run_address>
         <size>0xa4</size>
         <input_file_ref idref="fl-2"/>
      </object_component>
      <object_component id="oc-543">
         <name>.text:EUSCI_A_UART_init</name>
         <load_address>0xd60c</load_address>
         <run_address>0xd60c</run_address>
         <size>0x96</size>
         <input_file_ref idref="fl-8"/>
      </object_component>
      <object_component id="oc-65f">
         <name>.text:privateCSSourceClockFromDCO</name>
         <load_address>0xd6a2</load_address>
         <run_address>0xd6a2</run_address>
         <size>0x90</size>
         <input_file_ref idref="fl-5"/>
      </object_component>
      <object_component id="oc-3f2">
         <name>.text:initHardware</name>
         <load_address>0xd732</load_address>
         <run_address>0xd732</run_address>
         <size>0x88</size>
         <input_file_ref idref="fl-2"/>
      </object_component>
      <object_component id="oc-4a7">
         <name>.text:initI2C</name>
         <load_address>0xd7ba</load_address>
         <run_address>0xd7ba</run_address>
         <size>0x80</size>
         <input_file_ref idref="fl-2"/>
      </object_component>
      <object_component id="oc-68">
         <name>.text:decompress:lzss:__TI_decompress_lzss</name>
         <load_address>0xd83a</load_address>
         <run_address>0xd83a</run_address>
         <size>0x7c</size>
         <input_file_ref idref="fl-5a"/>
      </object_component>
      <object_component id="oc-64f">
         <name>.text:privateDCORange</name>
         <load_address>0xd8b6</load_address>
         <run_address>0xd8b6</run_address>
         <size>0x7c</size>
         <input_file_ref idref="fl-5"/>
      </object_component>
      <object_component id="oc-295">
         <name>.text:USCI_A0_ISR</name>
         <load_address>0xd932</load_address>
         <run_address>0xd932</run_address>
         <size>0x6e</size>
         <input_file_ref idref="fl-2"/>
      </object_component>
      <object_component id="oc-49b">
         <name>.text:initURAT</name>
         <load_address>0xd9a0</load_address>
         <run_address>0xd9a0</run_address>
         <size>0x6a</size>
         <input_file_ref idref="fl-2"/>
      </object_component>
      <object_component id="oc-3bb">
         <name>.text:atol</name>
         <load_address>0xda0a</load_address>
         <run_address>0xda0a</run_address>
         <size>0x68</size>
         <input_file_ref idref="fl-5e"/>
      </object_component>
      <object_component id="oc-4ad">
         <name>.text:initSPI</name>
         <load_address>0xda72</load_address>
         <run_address>0xda72</run_address>
         <size>0x68</size>
         <input_file_ref idref="fl-2"/>
      </object_component>
      <object_component id="oc-48f">
         <name>.text:initGPIO</name>
         <load_address>0xdada</load_address>
         <run_address>0xdada</run_address>
         <size>0x62</size>
         <input_file_ref idref="fl-2"/>
      </object_component>
      <object_component id="oc-5ca">
         <name>.text:Timer_A_initUpMode</name>
         <load_address>0xdb3c</load_address>
         <run_address>0xdb3c</run_address>
         <size>0x60</size>
         <input_file_ref idref="fl-16"/>
      </object_component>
      <object_component id="oc-455">
         <name>.text:__TI_auto_init_nobinit_nopinit_hold_wdt:__TI_auto_init_nobinit_nopinit_hold_wdt</name>
         <load_address>0xdb9c</load_address>
         <run_address>0xdb9c</run_address>
         <size>0x58</size>
         <input_file_ref idref="fl-53"/>
      </object_component>
      <object_component id="oc-4b9">
         <name>.text:initADC</name>
         <load_address>0xdbf4</load_address>
         <run_address>0xdbf4</run_address>
         <size>0x58</size>
         <input_file_ref idref="fl-2"/>
      </object_component>
      <object_component id="oc-340">
         <name>.text</name>
         <load_address>0xdc4c</load_address>
         <run_address>0xdc4c</run_address>
         <size>0x58</size>
         <input_file_ref idref="fl-37"/>
      </object_component>
      <object_component id="oc-588">
         <name>.text:EUSCI_A_SPI_initMaster</name>
         <load_address>0xdca4</load_address>
         <run_address>0xdca4</run_address>
         <size>0x56</size>
         <input_file_ref idref="fl-7"/>
      </object_component>
      <object_component id="oc-4bf">
         <name>.text:initTimer</name>
         <load_address>0xdcfa</load_address>
         <run_address>0xdcfa</run_address>
         <size>0x50</size>
         <input_file_ref idref="fl-2"/>
      </object_component>
      <object_component id="oc-268">
         <name>.text</name>
         <load_address>0xdd4a</load_address>
         <run_address>0xdd4a</run_address>
         <size>0x4c</size>
         <input_file_ref idref="fl-4a"/>
      </object_component>
      <object_component id="oc-566">
         <name>.text:EUSCI_B_I2C_initMaster</name>
         <load_address>0xdd96</load_address>
         <run_address>0xdd96</run_address>
         <size>0x4a</size>
         <input_file_ref idref="fl-9"/>
      </object_component>
      <object_component id="oc-40b">
         <name>.text:sendResponse</name>
         <load_address>0xdde0</load_address>
         <run_address>0xdde0</run_address>
         <size>0x48</size>
         <input_file_ref idref="fl-2"/>
      </object_component>
      <object_component id="oc-532">
         <name>.text:GPIO_setAsPeripheralModuleFunctionInputPin</name>
         <load_address>0xde28</load_address>
         <run_address>0xde28</run_address>
         <size>0x40</size>
         <input_file_ref idref="fl-c"/>
      </object_component>
      <object_component id="oc-538">
         <name>.text:GPIO_setAsPeripheralModuleFunctionOutputPin</name>
         <load_address>0xde68</load_address>
         <run_address>0xde68</run_address>
         <size>0x40</size>
         <input_file_ref idref="fl-c"/>
      </object_component>
      <object_component id="oc-65a">
         <name>.text</name>
         <load_address>0xdea8</load_address>
         <run_address>0xdea8</run_address>
         <size>0x40</size>
         <input_file_ref idref="fl-36"/>
      </object_component>
      <object_component id="oc-525">
         <name>.text:CS_initFLLSettle</name>
         <load_address>0xdee8</load_address>
         <run_address>0xdee8</run_address>
         <size>0x3a</size>
         <input_file_ref idref="fl-5"/>
      </object_component>
      <object_component id="oc-489">
         <name>.text:initClockTo16MHz</name>
         <load_address>0xdf22</load_address>
         <run_address>0xdf22</run_address>
         <size>0x36</size>
         <input_file_ref idref="fl-2"/>
      </object_component>
      <object_component id="oc-596">
         <name>.text:ADC_init</name>
         <load_address>0xdf58</load_address>
         <run_address>0xdf58</run_address>
         <size>0x34</size>
         <input_file_ref idref="fl-3"/>
      </object_component>
      <object_component id="oc-33a">
         <name>.text:getADCValue</name>
         <load_address>0xdf8c</load_address>
         <run_address>0xdf8c</run_address>
         <size>0x34</size>
         <input_file_ref idref="fl-2"/>
      </object_component>
      <object_component id="oc-5a8">
         <name>.text:ADC_configureMemory</name>
         <load_address>0xdfc0</load_address>
         <run_address>0xdfc0</run_address>
         <size>0x30</size>
         <input_file_ref idref="fl-3"/>
      </object_component>
      <object_component id="oc-655">
         <name>.text</name>
         <load_address>0xdff0</load_address>
         <run_address>0xdff0</run_address>
         <size>0x2c</size>
         <input_file_ref idref="fl-34"/>
      </object_component>
      <object_component id="oc-263">
         <name>.text</name>
         <load_address>0xe01c</load_address>
         <run_address>0xe01c</run_address>
         <size>0x2c</size>
         <input_file_ref idref="fl-49"/>
      </object_component>
      <object_component id="oc-3b5">
         <name>.text:strncpy</name>
         <load_address>0xe048</load_address>
         <run_address>0xe048</run_address>
         <size>0x2c</size>
         <input_file_ref idref="fl-61"/>
      </object_component>
      <object_component id="oc-560">
         <name>.text:CS_getSMCLK</name>
         <load_address>0xe074</load_address>
         <run_address>0xe074</run_address>
         <size>0x20</size>
         <input_file_ref idref="fl-5"/>
      </object_component>
      <object_component id="oc-472">
         <name>.text</name>
         <load_address>0xe094</load_address>
         <run_address>0xe094</run_address>
         <size>0x20</size>
         <input_file_ref idref="fl-4f"/>
      </object_component>
      <object_component id="oc-3da">
         <name>.text:ADC_disableConversions</name>
         <load_address>0xe0b4</load_address>
         <run_address>0xe0b4</run_address>
         <size>0x1e</size>
         <input_file_ref idref="fl-3"/>
      </object_component>
      <object_component id="oc-52c">
         <name>.text:GPIO_setAsOutputPin</name>
         <load_address>0xe0d2</load_address>
         <run_address>0xe0d2</run_address>
         <size>0x1e</size>
         <input_file_ref idref="fl-c"/>
      </object_component>
      <object_component id="oc-42a">
         <name>.text:send_Buffer</name>
         <load_address>0xe0f0</load_address>
         <run_address>0xe0f0</run_address>
         <size>0x1e</size>
         <input_file_ref idref="fl-2"/>
      </object_component>
      <object_component id="oc-3e2">
         <name>.text:WriteRegisterToDAC</name>
         <load_address>0xe10e</load_address>
         <run_address>0xe10e</run_address>
         <size>0x1c</size>
         <input_file_ref idref="fl-2"/>
      </object_component>
      <object_component id="oc-2b3">
         <name>.text:_c_int00_noargs</name>
         <load_address>0xe12a</load_address>
         <run_address>0xe12a</run_address>
         <size>0x1c</size>
         <input_file_ref idref="fl-52"/>
      </object_component>
      <object_component id="oc-4a1">
         <name>.text:send_buf</name>
         <load_address>0xe146</load_address>
         <run_address>0xe146</run_address>
         <size>0x1c</size>
         <input_file_ref idref="fl-2"/>
      </object_component>
      <object_component id="oc-555">
         <name>.text:EUSCI_A_UART_enableInterrupt</name>
         <load_address>0xe162</load_address>
         <run_address>0xe162</run_address>
         <size>0x1a</size>
         <input_file_ref idref="fl-8"/>
      </object_component>
      <object_component id="oc-404">
         <name>.text:setTimer</name>
         <load_address>0xe17c</load_address>
         <run_address>0xe17c</run_address>
         <size>0x1a</size>
         <input_file_ref idref="fl-2"/>
      </object_component>
      <object_component id="oc-3c8">
         <name>.text:ADC_startConversion</name>
         <load_address>0xe196</load_address>
         <run_address>0xe196</run_address>
         <size>0x16</size>
         <input_file_ref idref="fl-3"/>
      </object_component>
      <object_component id="oc-424">
         <name>.text:GPIO_setOutputHighOnPin</name>
         <load_address>0xe1ac</load_address>
         <run_address>0xe1ac</run_address>
         <size>0x16</size>
         <input_file_ref idref="fl-c"/>
      </object_component>
      <object_component id="oc-3f8">
         <name>.text:GPIO_setOutputLowOnPin</name>
         <load_address>0xe1c2</load_address>
         <run_address>0xe1c2</run_address>
         <size>0x16</size>
         <input_file_ref idref="fl-c"/>
      </object_component>
      <object_component id="oc-3ec">
         <name>.text:WDT_A_hold</name>
         <load_address>0xe1d8</load_address>
         <run_address>0xe1d8</run_address>
         <size>0x16</size>
         <input_file_ref idref="fl-19"/>
      </object_component>
      <object_component id="oc-66f">
         <name>.text</name>
         <load_address>0xe1ee</load_address>
         <run_address>0xe1ee</run_address>
         <size>0x16</size>
         <input_file_ref idref="fl-35"/>
      </object_component>
      <object_component id="oc-345">
         <name>.text:setDAC</name>
         <load_address>0xe204</load_address>
         <run_address>0xe204</run_address>
         <size>0x16</size>
         <input_file_ref idref="fl-2"/>
      </object_component>
      <object_component id="oc-5a2">
         <name>.text:ADC_setupSamplingTimer</name>
         <load_address>0xe21a</load_address>
         <run_address>0xe21a</run_address>
         <size>0x14</size>
         <input_file_ref idref="fl-3"/>
      </object_component>
      <object_component id="oc-4dc">
         <name>.text:EUSCI_A_UART_transmitData</name>
         <load_address>0xe22e</load_address>
         <run_address>0xe22e</run_address>
         <size>0x14</size>
         <input_file_ref idref="fl-8"/>
      </object_component>
      <object_component id="oc-309">
         <name>.text:EUSCI_B_I2C_masterReceiveSingle</name>
         <load_address>0xe242</load_address>
         <run_address>0xe242</run_address>
         <size>0x14</size>
         <input_file_ref idref="fl-9"/>
      </object_component>
      <object_component id="oc-303">
         <name>.text:EUSCI_B_I2C_masterSendMultiByteNext</name>
         <load_address>0xe256</load_address>
         <run_address>0xe256</run_address>
         <size>0x14</size>
         <input_file_ref idref="fl-9"/>
      </object_component>
      <object_component id="oc-2a1">
         <name>.text:decompress:ZI:__TI_zero_init_nomemset:__TI_zero_init_nomemset</name>
         <load_address>0xe26a</load_address>
         <run_address>0xe26a</run_address>
         <size>0x14</size>
         <input_file_ref idref="fl-54"/>
      </object_component>
      <object_component id="oc-4cb">
         <name>.text</name>
         <load_address>0xe27e</load_address>
         <run_address>0xe27e</run_address>
         <size>0x14</size>
         <input_file_ref idref="fl-4c"/>
      </object_component>
      <object_component id="oc-2fa">
         <name>.text:EUSCI_B_I2C_masterSendMultiByteStop</name>
         <load_address>0xe292</load_address>
         <run_address>0xe292</run_address>
         <size>0x12</size>
         <input_file_ref idref="fl-9"/>
      </object_component>
      <object_component id="oc-6e">
         <name>.text:decompress:none:__TI_decompress_none</name>
         <load_address>0xe2a4</load_address>
         <run_address>0xe2a4</run_address>
         <size>0x12</size>
         <input_file_ref idref="fl-59"/>
      </object_component>
      <object_component id="oc-27d">
         <name>.text:memcpy</name>
         <load_address>0xe2b6</load_address>
         <run_address>0xe2b6</run_address>
         <size>0x12</size>
         <input_file_ref idref="fl-60"/>
      </object_component>
      <object_component id="oc-5ba">
         <name>.text:PMM_enableInternalReference</name>
         <load_address>0xe2c8</load_address>
         <run_address>0xe2c8</run_address>
         <size>0x10</size>
         <input_file_ref idref="fl-10"/>
      </object_component>
      <object_component id="oc-26d">
         <name>.text</name>
         <load_address>0xe2d8</load_address>
         <run_address>0xe2d8</run_address>
         <size>0x10</size>
         <input_file_ref idref="fl-38"/>
      </object_component>
      <object_component id="oc-4b3">
         <name>.text:initDAC</name>
         <load_address>0xe2e8</load_address>
         <run_address>0xe2e8</run_address>
         <size>0xe</size>
         <input_file_ref idref="fl-2"/>
      </object_component>
      <object_component id="oc-318">
         <name>.text:EUSCI_B_I2C_masterReceiveStart</name>
         <load_address>0xe2f6</load_address>
         <run_address>0xe2f6</run_address>
         <size>0xc</size>
         <input_file_ref idref="fl-9"/>
      </object_component>
      <object_component id="oc-418">
         <name>.text:EUSCI_B_I2C_setMode</name>
         <load_address>0xe302</load_address>
         <run_address>0xe302</run_address>
         <size>0xc</size>
         <input_file_ref idref="fl-9"/>
      </object_component>
      <object_component id="oc-3fe">
         <name>.text:Timer_A_startCounter</name>
         <load_address>0xe30e</load_address>
         <run_address>0xe30e</run_address>
         <size>0xc</size>
         <input_file_ref idref="fl-16"/>
      </object_component>
      <object_component id="oc-5c0">
         <name>.text:PMM_getVariableReferenceVoltageStatus</name>
         <load_address>0xe31a</load_address>
         <run_address>0xe31a</run_address>
         <size>0xa</size>
         <input_file_ref idref="fl-10"/>
      </object_component>
      <object_component id="oc-59c">
         <name>.text:ADC_enable</name>
         <load_address>0xe324</load_address>
         <run_address>0xe324</run_address>
         <size>0x8</size>
         <input_file_ref idref="fl-3"/>
      </object_component>
      <object_component id="oc-3ce">
         <name>.text:ADC_getInterruptStatus</name>
         <load_address>0xe32c</load_address>
         <run_address>0xe32c</run_address>
         <size>0x8</size>
         <input_file_ref idref="fl-3"/>
      </object_component>
      <object_component id="oc-41e">
         <name>.text:EUSCI_B_I2C_masterIsStopSent</name>
         <load_address>0xe334</load_address>
         <run_address>0xe334</run_address>
         <size>0x8</size>
         <input_file_ref idref="fl-9"/>
      </object_component>
      <object_component id="oc-56c">
         <name>.text:EUSCI_B_I2C_setSlaveAddress</name>
         <load_address>0xe33c</load_address>
         <run_address>0xe33c</run_address>
         <size>0x8</size>
         <input_file_ref idref="fl-9"/>
      </object_component>
      <object_component id="oc-4d0">
         <name>.text:Timer_A_setCompareValue</name>
         <load_address>0xe344</load_address>
         <run_address>0xe344</run_address>
         <size>0x8</size>
         <input_file_ref idref="fl-16"/>
      </object_component>
      <object_component id="oc-28a">
         <name>.text:_isr:__TI_ISR_TRAP</name>
         <load_address>0xe34c</load_address>
         <run_address>0xe34c</run_address>
         <size>0x8</size>
         <input_file_ref idref="fl-48"/>
      </object_component>
      <object_component id="oc-5ae">
         <name>.text:ADC_clearInterrupt</name>
         <load_address>0xe354</load_address>
         <run_address>0xe354</run_address>
         <size>0x6</size>
         <input_file_ref idref="fl-3"/>
      </object_component>
      <object_component id="oc-5b4">
         <name>.text:ADC_enableInterrupt</name>
         <load_address>0xe35a</load_address>
         <run_address>0xe35a</run_address>
         <size>0x6</size>
         <input_file_ref idref="fl-3"/>
      </object_component>
      <object_component id="oc-3d4">
         <name>.text:ADC_getResults</name>
         <load_address>0xe360</load_address>
         <run_address>0xe360</run_address>
         <size>0x6</size>
         <input_file_ref idref="fl-3"/>
      </object_component>
      <object_component id="oc-58e">
         <name>.text:EUSCI_A_SPI_enable</name>
         <load_address>0xe366</load_address>
         <run_address>0xe366</run_address>
         <size>0x6</size>
         <input_file_ref idref="fl-7"/>
      </object_component>
      <object_component id="oc-54f">
         <name>.text:EUSCI_A_UART_clearInterrupt</name>
         <load_address>0xe36c</load_address>
         <run_address>0xe36c</run_address>
         <size>0x6</size>
         <input_file_ref idref="fl-8"/>
      </object_component>
      <object_component id="oc-549">
         <name>.text:EUSCI_A_UART_enable</name>
         <load_address>0xe372</load_address>
         <run_address>0xe372</run_address>
         <size>0x6</size>
         <input_file_ref idref="fl-8"/>
      </object_component>
      <object_component id="oc-578">
         <name>.text:EUSCI_B_I2C_clearInterrupt</name>
         <load_address>0xe378</load_address>
         <run_address>0xe378</run_address>
         <size>0x6</size>
         <input_file_ref idref="fl-9"/>
      </object_component>
      <object_component id="oc-572">
         <name>.text:EUSCI_B_I2C_enable</name>
         <load_address>0xe37e</load_address>
         <run_address>0xe37e</run_address>
         <size>0x6</size>
         <input_file_ref idref="fl-9"/>
      </object_component>
      <object_component id="oc-57e">
         <name>.text:EUSCI_B_I2C_enableInterrupt</name>
         <load_address>0xe384</load_address>
         <run_address>0xe384</run_address>
         <size>0x6</size>
         <input_file_ref idref="fl-9"/>
      </object_component>
      <object_component id="oc-312">
         <name>.text:EUSCI_B_I2C_masterReceiveMultiByteStop</name>
         <load_address>0xe38a</load_address>
         <run_address>0xe38a</run_address>
         <size>0x6</size>
         <input_file_ref idref="fl-9"/>
      </object_component>
      <object_component id="oc-31e">
         <name>.text:EUSCI_B_I2C_masterSendStart</name>
         <load_address>0xe390</load_address>
         <run_address>0xe390</run_address>
         <size>0x6</size>
         <input_file_ref idref="fl-9"/>
      </object_component>
      <object_component id="oc-495">
         <name>.text:PMM_unlockLPM5</name>
         <load_address>0xe396</load_address>
         <run_address>0xe396</run_address>
         <size>0x6</size>
         <input_file_ref idref="fl-10"/>
      </object_component>
      <object_component id="oc-431">
         <name>.text:abort</name>
         <load_address>0xe39c</load_address>
         <run_address>0xe39c</run_address>
         <size>0x6</size>
         <input_file_ref idref="fl-5b"/>
      </object_component>
      <object_component id="oc-354">
         <name>.text:_system_pre_init</name>
         <load_address>0xe3a2</load_address>
         <run_address>0xe3a2</run_address>
         <size>0x4</size>
         <input_file_ref idref="fl-57"/>
      </object_component>
      <object_component id="oc-4f5">
         <name>.text:_system_post_cinit</name>
         <load_address>0xe3a6</load_address>
         <run_address>0xe3a6</run_address>
         <size>0x2</size>
         <input_file_ref idref="fl-58"/>
      </object_component>
      <object_component id="oc-32d">
         <name>.common:dataRX</name>
         <uninitialized>true</uninitialized>
         <run_address>0x2000</run_address>
         <size>0x78</size>
      </object_component>
      <object_component id="oc-32a">
         <name>.common:RXData</name>
         <uninitialized>true</uninitialized>
         <run_address>0x208c</run_address>
         <size>0x1</size>
      </object_component>
      <object_component id="oc-411">
         <name>.common:dataTX</name>
         <uninitialized>true</uninitialized>
         <run_address>0x2078</run_address>
         <size>0x14</size>
      </object_component>
      <object_component id="oc-2f7">
         <name>.data</name>
         <load_address>0x208e</load_address>
         <run_address>0x208e</run_address>
         <size>0x4c</size>
         <input_file_ref idref="fl-2"/>
      </object_component>
      <object_component id="oc-300">
         <name>.data:NFCWriteData</name>
         <load_address>0x20ee</load_address>
         <run_address>0x20ee</run_address>
         <size>0x11</size>
         <input_file_ref idref="fl-2"/>
      </object_component>
      <object_component id="oc-30f">
         <name>.data:NFCReadData</name>
         <load_address>0x20da</load_address>
         <run_address>0x20da</run_address>
         <size>0x14</size>
         <input_file_ref idref="fl-2"/>
      </object_component>
      <object_component id="oc-64c">
         <name>.data</name>
         <load_address>0x2100</load_address>
         <run_address>0x2100</run_address>
         <size>0x4</size>
         <input_file_ref idref="fl-5"/>
      </object_component>
      <object_component id="oc-25f">
         <name>.stack</name>
         <uninitialized>true</uninitialized>
         <run_address>0x2f60</run_address>
         <size>0x2</size>
         <input_file_ref idref="fl-52"/>
      </object_component>
      <object_component id="oc-6e4">
         <name>.stack</name>
         <uninitialized>true</uninitialized>
         <run_address>0x2f60</run_address>
         <size>0x0</size>
      </object_component>
      <object_component id="oc-74">
         <name>.int41</name>
         <load_address>0xffda</load_address>
         <run_address>0xffda</run_address>
         <size>0x2</size>
         <input_file_ref idref="fl-39"/>
      </object_component>
      <object_component id="oc-75">
         <name>.int42</name>
         <load_address>0xffdc</load_address>
         <run_address>0xffdc</run_address>
         <size>0x2</size>
         <input_file_ref idref="fl-3a"/>
      </object_component>
      <object_component id="oc-76">
         <name>.int43</name>
         <load_address>0xffde</load_address>
         <run_address>0xffde</run_address>
         <size>0x2</size>
         <input_file_ref idref="fl-3b"/>
      </object_component>
      <object_component id="oc-77">
         <name>.int44</name>
         <load_address>0xffe0</load_address>
         <run_address>0xffe0</run_address>
         <size>0x2</size>
         <input_file_ref idref="fl-2"/>
      </object_component>
      <object_component id="oc-78">
         <name>.int45</name>
         <load_address>0xffe2</load_address>
         <run_address>0xffe2</run_address>
         <size>0x2</size>
         <input_file_ref idref="fl-3c"/>
      </object_component>
      <object_component id="oc-79">
         <name>.int46</name>
         <load_address>0xffe4</load_address>
         <run_address>0xffe4</run_address>
         <size>0x2</size>
         <input_file_ref idref="fl-2"/>
      </object_component>
      <object_component id="oc-7a">
         <name>.int47</name>
         <load_address>0xffe6</load_address>
         <run_address>0xffe6</run_address>
         <size>0x2</size>
         <input_file_ref idref="fl-3d"/>
      </object_component>
      <object_component id="oc-7b">
         <name>.int48</name>
         <load_address>0xffe8</load_address>
         <run_address>0xffe8</run_address>
         <size>0x2</size>
         <input_file_ref idref="fl-3e"/>
      </object_component>
      <object_component id="oc-7c">
         <name>.int49</name>
         <load_address>0xffea</load_address>
         <run_address>0xffea</run_address>
         <size>0x2</size>
         <input_file_ref idref="fl-3f"/>
      </object_component>
      <object_component id="oc-7d">
         <name>.int50</name>
         <load_address>0xffec</load_address>
         <run_address>0xffec</run_address>
         <size>0x2</size>
         <input_file_ref idref="fl-40"/>
      </object_component>
      <object_component id="oc-7e">
         <name>.int51</name>
         <load_address>0xffee</load_address>
         <run_address>0xffee</run_address>
         <size>0x2</size>
         <input_file_ref idref="fl-41"/>
      </object_component>
      <object_component id="oc-7f">
         <name>.int52</name>
         <load_address>0xfff0</load_address>
         <run_address>0xfff0</run_address>
         <size>0x2</size>
         <input_file_ref idref="fl-42"/>
      </object_component>
      <object_component id="oc-80">
         <name>.int53</name>
         <load_address>0xfff2</load_address>
         <run_address>0xfff2</run_address>
         <size>0x2</size>
         <input_file_ref idref="fl-43"/>
      </object_component>
      <object_component id="oc-81">
         <name>.int54</name>
         <load_address>0xfff4</load_address>
         <run_address>0xfff4</run_address>
         <size>0x2</size>
         <input_file_ref idref="fl-2"/>
      </object_component>
      <object_component id="oc-82">
         <name>.int55</name>
         <load_address>0xfff6</load_address>
         <run_address>0xfff6</run_address>
         <size>0x2</size>
         <input_file_ref idref="fl-44"/>
      </object_component>
      <object_component id="oc-83">
         <name>.int56</name>
         <load_address>0xfff8</load_address>
         <run_address>0xfff8</run_address>
         <size>0x2</size>
         <input_file_ref idref="fl-45"/>
      </object_component>
      <object_component id="oc-84">
         <name>.int57</name>
         <load_address>0xfffa</load_address>
         <run_address>0xfffa</run_address>
         <size>0x2</size>
         <input_file_ref idref="fl-46"/>
      </object_component>
      <object_component id="oc-85">
         <name>.int58</name>
         <load_address>0xfffc</load_address>
         <run_address>0xfffc</run_address>
         <size>0x2</size>
         <input_file_ref idref="fl-47"/>
      </object_component>
      <object_component id="oc-262">
         <name>.reset</name>
         <load_address>0xfffe</load_address>
         <run_address>0xfffe</run_address>
         <size>0x2</size>
         <input_file_ref idref="fl-52"/>
      </object_component>
      <object_component id="oc-32b">
         <name>.debug_info</name>
         <load_address>0x0</load_address>
         <run_address>0x0</run_address>
         <size>0x119b</size>
         <input_file_ref idref="fl-2"/>
      </object_component>
      <object_component id="oc-2f8">
         <name>.debug_info</name>
         <load_address>0x119b</load_address>
         <run_address>0x119b</run_address>
         <size>0x648</size>
         <input_file_ref idref="fl-2"/>
      </object_component>
      <object_component id="oc-301">
         <name>.debug_info</name>
         <load_address>0x17e3</load_address>
         <run_address>0x17e3</run_address>
         <size>0xca</size>
         <input_file_ref idref="fl-2"/>
      </object_component>
      <object_component id="oc-310">
         <name>.debug_info</name>
         <load_address>0x18ad</load_address>
         <run_address>0x18ad</run_address>
         <size>0xc8</size>
         <input_file_ref idref="fl-2"/>
      </object_component>
      <object_component id="oc-541">
         <name>.debug_info</name>
         <load_address>0x1975</load_address>
         <run_address>0x1975</run_address>
         <size>0xc0</size>
         <input_file_ref idref="fl-2"/>
      </object_component>
      <object_component id="oc-55e">
         <name>.debug_info</name>
         <load_address>0x1a35</load_address>
         <run_address>0x1a35</run_address>
         <size>0xc0</size>
         <input_file_ref idref="fl-2"/>
      </object_component>
      <object_component id="oc-586">
         <name>.debug_info</name>
         <load_address>0x1af5</load_address>
         <run_address>0x1af5</run_address>
         <size>0xc0</size>
         <input_file_ref idref="fl-2"/>
      </object_component>
      <object_component id="oc-5c8">
         <name>.debug_info</name>
         <load_address>0x1bb5</load_address>
         <run_address>0x1bb5</run_address>
         <size>0xc0</size>
         <input_file_ref idref="fl-2"/>
      </object_component>
      <object_component id="oc-405">
         <name>.debug_info</name>
         <load_address>0x1c75</load_address>
         <run_address>0x1c75</run_address>
         <size>0x121</size>
         <input_file_ref idref="fl-2"/>
      </object_component>
      <object_component id="oc-482">
         <name>.debug_info</name>
         <load_address>0x1d96</load_address>
         <run_address>0x1d96</run_address>
         <size>0x234</size>
         <input_file_ref idref="fl-2"/>
      </object_component>
      <object_component id="oc-3e3">
         <name>.debug_info</name>
         <load_address>0x1fca</load_address>
         <run_address>0x1fca</run_address>
         <size>0x184</size>
         <input_file_ref idref="fl-2"/>
      </object_component>
      <object_component id="oc-346">
         <name>.debug_info</name>
         <load_address>0x214e</load_address>
         <run_address>0x214e</run_address>
         <size>0x18b</size>
         <input_file_ref idref="fl-2"/>
      </object_component>
      <object_component id="oc-4a2">
         <name>.debug_info</name>
         <load_address>0x22d9</load_address>
         <run_address>0x22d9</run_address>
         <size>0x12d</size>
         <input_file_ref idref="fl-2"/>
      </object_component>
      <object_component id="oc-42b">
         <name>.debug_info</name>
         <load_address>0x2406</load_address>
         <run_address>0x2406</run_address>
         <size>0x151</size>
         <input_file_ref idref="fl-2"/>
      </object_component>
      <object_component id="oc-40c">
         <name>.debug_info</name>
         <load_address>0x2557</load_address>
         <run_address>0x2557</run_address>
         <size>0x13a</size>
         <input_file_ref idref="fl-2"/>
      </object_component>
      <object_component id="oc-413">
         <name>.debug_info</name>
         <load_address>0x2691</load_address>
         <run_address>0x2691</run_address>
         <size>0x101</size>
         <input_file_ref idref="fl-2"/>
      </object_component>
      <object_component id="oc-48a">
         <name>.debug_info</name>
         <load_address>0x2792</load_address>
         <run_address>0x2792</run_address>
         <size>0x17a</size>
         <input_file_ref idref="fl-2"/>
      </object_component>
      <object_component id="oc-490">
         <name>.debug_info</name>
         <load_address>0x290c</load_address>
         <run_address>0x290c</run_address>
         <size>0x26f</size>
         <input_file_ref idref="fl-2"/>
      </object_component>
      <object_component id="oc-49c">
         <name>.debug_info</name>
         <load_address>0x2b7b</load_address>
         <run_address>0x2b7b</run_address>
         <size>0x187</size>
         <input_file_ref idref="fl-2"/>
      </object_component>
      <object_component id="oc-4a8">
         <name>.debug_info</name>
         <load_address>0x2d02</load_address>
         <run_address>0x2d02</run_address>
         <size>0x1c3</size>
         <input_file_ref idref="fl-2"/>
      </object_component>
      <object_component id="oc-4ae">
         <name>.debug_info</name>
         <load_address>0x2ec5</load_address>
         <run_address>0x2ec5</run_address>
         <size>0x156</size>
         <input_file_ref idref="fl-2"/>
      </object_component>
      <object_component id="oc-4b4">
         <name>.debug_info</name>
         <load_address>0x301b</load_address>
         <run_address>0x301b</run_address>
         <size>0x106</size>
         <input_file_ref idref="fl-2"/>
      </object_component>
      <object_component id="oc-4ba">
         <name>.debug_info</name>
         <load_address>0x3121</load_address>
         <run_address>0x3121</run_address>
         <size>0x1c5</size>
         <input_file_ref idref="fl-2"/>
      </object_component>
      <object_component id="oc-4c0">
         <name>.debug_info</name>
         <load_address>0x32e6</load_address>
         <run_address>0x32e6</run_address>
         <size>0x14b</size>
         <input_file_ref idref="fl-2"/>
      </object_component>
      <object_component id="oc-3f3">
         <name>.debug_info</name>
         <load_address>0x3431</load_address>
         <run_address>0x3431</run_address>
         <size>0x20c</size>
         <input_file_ref idref="fl-2"/>
      </object_component>
      <object_component id="oc-35b">
         <name>.debug_info</name>
         <load_address>0x363d</load_address>
         <run_address>0x363d</run_address>
         <size>0x4aa</size>
         <input_file_ref idref="fl-2"/>
      </object_component>
      <object_component id="oc-33b">
         <name>.debug_info</name>
         <load_address>0x3ae7</load_address>
         <run_address>0x3ae7</run_address>
         <size>0x177</size>
         <input_file_ref idref="fl-2"/>
      </object_component>
      <object_component id="oc-3c2">
         <name>.debug_info</name>
         <load_address>0x3c5e</load_address>
         <run_address>0x3c5e</run_address>
         <size>0x341</size>
         <input_file_ref idref="fl-2"/>
      </object_component>
      <object_component id="oc-32f">
         <name>.debug_info</name>
         <load_address>0x3f9f</load_address>
         <run_address>0x3f9f</run_address>
         <size>0x222</size>
         <input_file_ref idref="fl-2"/>
      </object_component>
      <object_component id="oc-296">
         <name>.debug_info</name>
         <load_address>0x41c1</load_address>
         <run_address>0x41c1</run_address>
         <size>0x10f</size>
         <input_file_ref idref="fl-2"/>
      </object_component>
      <object_component id="oc-290">
         <name>.debug_info</name>
         <load_address>0x42d0</load_address>
         <run_address>0x42d0</run_address>
         <size>0x21c</size>
         <input_file_ref idref="fl-2"/>
      </object_component>
      <object_component id="oc-29c">
         <name>.debug_info</name>
         <load_address>0x44ec</load_address>
         <run_address>0x44ec</run_address>
         <size>0x155</size>
         <input_file_ref idref="fl-2"/>
      </object_component>
      <object_component id="oc-3ab">
         <name>.debug_info</name>
         <load_address>0x4641</load_address>
         <run_address>0x4641</run_address>
         <size>0x26b</size>
         <input_file_ref idref="fl-2"/>
      </object_component>
      <object_component id="oc-645">
         <name>.debug_info</name>
         <load_address>0x48ac</load_address>
         <run_address>0x48ac</run_address>
         <size>0x76</size>
         <input_file_ref idref="fl-2"/>
      </object_component>
      <object_component id="oc-392">
         <name>.debug_info</name>
         <load_address>0x4922</load_address>
         <run_address>0x4922</run_address>
         <size>0x174</size>
         <input_file_ref idref="fl-2"/>
      </object_component>
      <object_component id="oc-397">
         <name>.debug_info</name>
         <load_address>0x4a96</load_address>
         <run_address>0x4a96</run_address>
         <size>0xee</size>
         <input_file_ref idref="fl-2"/>
      </object_component>
      <object_component id="oc-39c">
         <name>.debug_info</name>
         <load_address>0x4b84</load_address>
         <run_address>0x4b84</run_address>
         <size>0xf5</size>
         <input_file_ref idref="fl-2"/>
      </object_component>
      <object_component id="oc-3a1">
         <name>.debug_info</name>
         <load_address>0x4c79</load_address>
         <run_address>0x4c79</run_address>
         <size>0x38c</size>
         <input_file_ref idref="fl-2"/>
      </object_component>
      <object_component id="oc-335">
         <name>.debug_info</name>
         <load_address>0x5005</load_address>
         <run_address>0x5005</run_address>
         <size>0x8b</size>
         <input_file_ref idref="fl-2"/>
      </object_component>
      <object_component id="oc-38b">
         <name>.debug_info</name>
         <load_address>0x5090</load_address>
         <run_address>0x5090</run_address>
         <size>0x282</size>
         <input_file_ref idref="fl-2"/>
      </object_component>
      <object_component id="oc-3a6">
         <name>.debug_info</name>
         <load_address>0x5312</load_address>
         <run_address>0x5312</run_address>
         <size>0xef</size>
         <input_file_ref idref="fl-2"/>
      </object_component>
      <object_component id="oc-325">
         <name>.debug_info</name>
         <load_address>0x5401</load_address>
         <run_address>0x5401</run_address>
         <size>0xbb</size>
         <input_file_ref idref="fl-2"/>
      </object_component>
      <object_component id="oc-2ea">
         <name>.debug_info</name>
         <load_address>0x54bc</load_address>
         <run_address>0x54bc</run_address>
         <size>0x2c</size>
         <input_file_ref idref="fl-2"/>
      </object_component>
      <object_component id="oc-3b0">
         <name>.debug_info</name>
         <load_address>0x54e8</load_address>
         <run_address>0x54e8</run_address>
         <size>0x35</size>
         <input_file_ref idref="fl-2"/>
      </object_component>
      <object_component id="oc-3ca">
         <name>.debug_info</name>
         <load_address>0x551d</load_address>
         <run_address>0x551d</run_address>
         <size>0x20d</size>
         <input_file_ref idref="fl-3"/>
      </object_component>
      <object_component id="oc-5a4">
         <name>.debug_info</name>
         <load_address>0x572a</load_address>
         <run_address>0x572a</run_address>
         <size>0x22a</size>
         <input_file_ref idref="fl-3"/>
      </object_component>
      <object_component id="oc-597">
         <name>.debug_info</name>
         <load_address>0x5954</load_address>
         <run_address>0x5954</run_address>
         <size>0x2a7</size>
         <input_file_ref idref="fl-3"/>
      </object_component>
      <object_component id="oc-3d5">
         <name>.debug_info</name>
         <load_address>0x5bfb</load_address>
         <run_address>0x5bfb</run_address>
         <size>0x185</size>
         <input_file_ref idref="fl-3"/>
      </object_component>
      <object_component id="oc-3cf">
         <name>.debug_info</name>
         <load_address>0x5d80</load_address>
         <run_address>0x5d80</run_address>
         <size>0x1eb</size>
         <input_file_ref idref="fl-3"/>
      </object_component>
      <object_component id="oc-5b5">
         <name>.debug_info</name>
         <load_address>0x5f6b</load_address>
         <run_address>0x5f6b</run_address>
         <size>0x1d1</size>
         <input_file_ref idref="fl-3"/>
      </object_component>
      <object_component id="oc-59d">
         <name>.debug_info</name>
         <load_address>0x613c</load_address>
         <run_address>0x613c</run_address>
         <size>0x179</size>
         <input_file_ref idref="fl-3"/>
      </object_component>
      <object_component id="oc-3db">
         <name>.debug_info</name>
         <load_address>0x62b5</load_address>
         <run_address>0x62b5</run_address>
         <size>0x1bf</size>
         <input_file_ref idref="fl-3"/>
      </object_component>
      <object_component id="oc-5a9">
         <name>.debug_info</name>
         <load_address>0x6474</load_address>
         <run_address>0x6474</run_address>
         <size>0x309</size>
         <input_file_ref idref="fl-3"/>
      </object_component>
      <object_component id="oc-5af">
         <name>.debug_info</name>
         <load_address>0x677d</load_address>
         <run_address>0x677d</run_address>
         <size>0x1df</size>
         <input_file_ref idref="fl-3"/>
      </object_component>
      <object_component id="oc-278">
         <name>.debug_info</name>
         <load_address>0x695c</load_address>
         <run_address>0x695c</run_address>
         <size>0x84</size>
         <input_file_ref idref="fl-4"/>
      </object_component>
      <object_component id="oc-609">
         <name>.debug_info</name>
         <load_address>0x69e0</load_address>
         <run_address>0x69e0</run_address>
         <size>0x1ba</size>
         <input_file_ref idref="fl-5"/>
      </object_component>
      <object_component id="oc-64d">
         <name>.debug_info</name>
         <load_address>0x6b9a</load_address>
         <run_address>0x6b9a</run_address>
         <size>0xf9</size>
         <input_file_ref idref="fl-5"/>
      </object_component>
      <object_component id="oc-603">
         <name>.debug_info</name>
         <load_address>0x6c93</load_address>
         <run_address>0x6c93</run_address>
         <size>0x1e3</size>
         <input_file_ref idref="fl-5"/>
      </object_component>
      <object_component id="oc-527">
         <name>.debug_info</name>
         <load_address>0x6e76</load_address>
         <run_address>0x6e76</run_address>
         <size>0x1d2</size>
         <input_file_ref idref="fl-5"/>
      </object_component>
      <object_component id="oc-520">
         <name>.debug_info</name>
         <load_address>0x7048</load_address>
         <run_address>0x7048</run_address>
         <size>0x27e</size>
         <input_file_ref idref="fl-5"/>
      </object_component>
      <object_component id="oc-650">
         <name>.debug_info</name>
         <load_address>0x72c6</load_address>
         <run_address>0x72c6</run_address>
         <size>0x154</size>
         <input_file_ref idref="fl-5"/>
      </object_component>
      <object_component id="oc-660">
         <name>.debug_info</name>
         <load_address>0x741a</load_address>
         <run_address>0x741a</run_address>
         <size>0x241</size>
         <input_file_ref idref="fl-5"/>
      </object_component>
      <object_component id="oc-617">
         <name>.debug_info</name>
         <load_address>0x765b</load_address>
         <run_address>0x765b</run_address>
         <size>0x2ec</size>
         <input_file_ref idref="fl-5"/>
      </object_component>
      <object_component id="oc-561">
         <name>.debug_info</name>
         <load_address>0x7947</load_address>
         <run_address>0x7947</run_address>
         <size>0x199</size>
         <input_file_ref idref="fl-5"/>
      </object_component>
      <object_component id="oc-626">
         <name>.debug_info</name>
         <load_address>0x7ae0</load_address>
         <run_address>0x7ae0</run_address>
         <size>0x160</size>
         <input_file_ref idref="fl-7"/>
      </object_component>
      <object_component id="oc-589">
         <name>.debug_info</name>
         <load_address>0x7c40</load_address>
         <run_address>0x7c40</run_address>
         <size>0x1e4</size>
         <input_file_ref idref="fl-7"/>
      </object_component>
      <object_component id="oc-58f">
         <name>.debug_info</name>
         <load_address>0x7e24</load_address>
         <run_address>0x7e24</run_address>
         <size>0x1a1</size>
         <input_file_ref idref="fl-7"/>
      </object_component>
      <object_component id="oc-610">
         <name>.debug_info</name>
         <load_address>0x7fc5</load_address>
         <run_address>0x7fc5</run_address>
         <size>0x155</size>
         <input_file_ref idref="fl-8"/>
      </object_component>
      <object_component id="oc-4de">
         <name>.debug_info</name>
         <load_address>0x811a</load_address>
         <run_address>0x811a</run_address>
         <size>0x1f4</size>
         <input_file_ref idref="fl-8"/>
      </object_component>
      <object_component id="oc-545">
         <name>.debug_info</name>
         <load_address>0x830e</load_address>
         <run_address>0x830e</run_address>
         <size>0x20d</size>
         <input_file_ref idref="fl-8"/>
      </object_component>
      <object_component id="oc-557">
         <name>.debug_info</name>
         <load_address>0x851b</load_address>
         <run_address>0x851b</run_address>
         <size>0x1f1</size>
         <input_file_ref idref="fl-8"/>
      </object_component>
      <object_component id="oc-54b">
         <name>.debug_info</name>
         <load_address>0x870c</load_address>
         <run_address>0x870c</run_address>
         <size>0x1a6</size>
         <input_file_ref idref="fl-8"/>
      </object_component>
      <object_component id="oc-551">
         <name>.debug_info</name>
         <load_address>0x88b2</load_address>
         <run_address>0x88b2</run_address>
         <size>0x1d8</size>
         <input_file_ref idref="fl-8"/>
      </object_component>
      <object_component id="oc-61e">
         <name>.debug_info</name>
         <load_address>0x8a8a</load_address>
         <run_address>0x8a8a</run_address>
         <size>0x160</size>
         <input_file_ref idref="fl-9"/>
      </object_component>
      <object_component id="oc-56d">
         <name>.debug_info</name>
         <load_address>0x8bea</load_address>
         <run_address>0x8bea</run_address>
         <size>0x1f5</size>
         <input_file_ref idref="fl-9"/>
      </object_component>
      <object_component id="oc-419">
         <name>.debug_info</name>
         <load_address>0x8ddf</load_address>
         <run_address>0x8ddf</run_address>
         <size>0x1c5</size>
         <input_file_ref idref="fl-9"/>
      </object_component>
      <object_component id="oc-31f">
         <name>.debug_info</name>
         <load_address>0x8fa4</load_address>
         <run_address>0x8fa4</run_address>
         <size>0x1b6</size>
         <input_file_ref idref="fl-9"/>
      </object_component>
      <object_component id="oc-2fb">
         <name>.debug_info</name>
         <load_address>0x915a</load_address>
         <run_address>0x915a</run_address>
         <size>0x1c6</size>
         <input_file_ref idref="fl-9"/>
      </object_component>
      <object_component id="oc-304">
         <name>.debug_info</name>
         <load_address>0x9320</load_address>
         <run_address>0x9320</run_address>
         <size>0x1f0</size>
         <input_file_ref idref="fl-9"/>
      </object_component>
      <object_component id="oc-319">
         <name>.debug_info</name>
         <load_address>0x9510</load_address>
         <run_address>0x9510</run_address>
         <size>0x1bc</size>
         <input_file_ref idref="fl-9"/>
      </object_component>
      <object_component id="oc-30a">
         <name>.debug_info</name>
         <load_address>0x96cc</load_address>
         <run_address>0x96cc</run_address>
         <size>0x1c2</size>
         <input_file_ref idref="fl-9"/>
      </object_component>
      <object_component id="oc-313">
         <name>.debug_info</name>
         <load_address>0x988e</load_address>
         <run_address>0x988e</run_address>
         <size>0x1cc</size>
         <input_file_ref idref="fl-9"/>
      </object_component>
      <object_component id="oc-41f">
         <name>.debug_info</name>
         <load_address>0x9a5a</load_address>
         <run_address>0x9a5a</run_address>
         <size>0x1b9</size>
         <input_file_ref idref="fl-9"/>
      </object_component>
      <object_component id="oc-567">
         <name>.debug_info</name>
         <load_address>0x9c13</load_address>
         <run_address>0x9c13</run_address>
         <size>0x209</size>
         <input_file_ref idref="fl-9"/>
      </object_component>
      <object_component id="oc-57f">
         <name>.debug_info</name>
         <load_address>0x9e1c</load_address>
         <run_address>0x9e1c</run_address>
         <size>0x1d5</size>
         <input_file_ref idref="fl-9"/>
      </object_component>
      <object_component id="oc-573">
         <name>.debug_info</name>
         <load_address>0x9ff1</load_address>
         <run_address>0x9ff1</run_address>
         <size>0x1a1</size>
         <input_file_ref idref="fl-9"/>
      </object_component>
      <object_component id="oc-579">
         <name>.debug_info</name>
         <load_address>0xa192</load_address>
         <run_address>0xa192</run_address>
         <size>0x1d3</size>
         <input_file_ref idref="fl-9"/>
      </object_component>
      <object_component id="oc-5d3">
         <name>.debug_info</name>
         <load_address>0xa365</load_address>
         <run_address>0xa365</run_address>
         <size>0x15a</size>
         <input_file_ref idref="fl-c"/>
      </object_component>
      <object_component id="oc-4c7">
         <name>.debug_info</name>
         <load_address>0xa4bf</load_address>
         <run_address>0xa4bf</run_address>
         <size>0xed</size>
         <input_file_ref idref="fl-c"/>
      </object_component>
      <object_component id="oc-3f9">
         <name>.debug_info</name>
         <load_address>0xa5ac</load_address>
         <run_address>0xa5ac</run_address>
         <size>0x1fc</size>
         <input_file_ref idref="fl-c"/>
      </object_component>
      <object_component id="oc-425">
         <name>.debug_info</name>
         <load_address>0xa7a8</load_address>
         <run_address>0xa7a8</run_address>
         <size>0x1fc</size>
         <input_file_ref idref="fl-c"/>
      </object_component>
      <object_component id="oc-539">
         <name>.debug_info</name>
         <load_address>0xa9a4</load_address>
         <run_address>0xa9a4</run_address>
         <size>0x245</size>
         <input_file_ref idref="fl-c"/>
      </object_component>
      <object_component id="oc-533">
         <name>.debug_info</name>
         <load_address>0xabe9</load_address>
         <run_address>0xabe9</run_address>
         <size>0x243</size>
         <input_file_ref idref="fl-c"/>
      </object_component>
      <object_component id="oc-52d">
         <name>.debug_info</name>
         <load_address>0xae2c</load_address>
         <run_address>0xae2c</run_address>
         <size>0x1f3</size>
         <input_file_ref idref="fl-c"/>
      </object_component>
      <object_component id="oc-497">
         <name>.debug_info</name>
         <load_address>0xb01f</load_address>
         <run_address>0xb01f</run_address>
         <size>0x143</size>
         <input_file_ref idref="fl-10"/>
      </object_component>
      <object_component id="oc-5c1">
         <name>.debug_info</name>
         <load_address>0xb162</load_address>
         <run_address>0xb162</run_address>
         <size>0x175</size>
         <input_file_ref idref="fl-10"/>
      </object_component>
      <object_component id="oc-5bb">
         <name>.debug_info</name>
         <load_address>0xb2d7</load_address>
         <run_address>0xb2d7</run_address>
         <size>0x15d</size>
         <input_file_ref idref="fl-10"/>
      </object_component>
      <object_component id="oc-633">
         <name>.debug_info</name>
         <load_address>0xb434</load_address>
         <run_address>0xb434</run_address>
         <size>0x16e</size>
         <input_file_ref idref="fl-16"/>
      </object_component>
      <object_component id="oc-400">
         <name>.debug_info</name>
         <load_address>0xb5a2</load_address>
         <run_address>0xb5a2</run_address>
         <size>0x1cf</size>
         <input_file_ref idref="fl-16"/>
      </object_component>
      <object_component id="oc-4d2">
         <name>.debug_info</name>
         <load_address>0xb771</load_address>
         <run_address>0xb771</run_address>
         <size>0x213</size>
         <input_file_ref idref="fl-16"/>
      </object_component>
      <object_component id="oc-5cc">
         <name>.debug_info</name>
         <load_address>0xb984</load_address>
         <run_address>0xb984</run_address>
         <size>0x1bb</size>
         <input_file_ref idref="fl-16"/>
      </object_component>
      <object_component id="oc-3ee">
         <name>.debug_info</name>
         <load_address>0xbb3f</load_address>
         <run_address>0xbb3f</run_address>
         <size>0x1a0</size>
         <input_file_ref idref="fl-19"/>
      </object_component>
      <object_component id="oc-656">
         <name>.debug_info</name>
         <load_address>0xbcdf</load_address>
         <run_address>0xbcdf</run_address>
         <size>0x135</size>
         <input_file_ref idref="fl-34"/>
      </object_component>
      <object_component id="oc-672">
         <name>.debug_info</name>
         <load_address>0xbe14</load_address>
         <run_address>0xbe14</run_address>
         <size>0x121</size>
         <input_file_ref idref="fl-35"/>
      </object_component>
      <object_component id="oc-65c">
         <name>.debug_info</name>
         <load_address>0xbf35</load_address>
         <run_address>0xbf35</run_address>
         <size>0x138</size>
         <input_file_ref idref="fl-36"/>
      </object_component>
      <object_component id="oc-341">
         <name>.debug_info</name>
         <load_address>0xc06d</load_address>
         <run_address>0xc06d</run_address>
         <size>0x123</size>
         <input_file_ref idref="fl-37"/>
      </object_component>
      <object_component id="oc-270">
         <name>.debug_info</name>
         <load_address>0xc190</load_address>
         <run_address>0xc190</run_address>
         <size>0x12e</size>
         <input_file_ref idref="fl-38"/>
      </object_component>
      <object_component id="oc-28d">
         <name>.debug_info</name>
         <load_address>0xc2be</load_address>
         <run_address>0xc2be</run_address>
         <size>0x10f</size>
         <input_file_ref idref="fl-48"/>
      </object_component>
      <object_component id="oc-265">
         <name>.debug_info</name>
         <load_address>0xc3cd</load_address>
         <run_address>0xc3cd</run_address>
         <size>0x120</size>
         <input_file_ref idref="fl-49"/>
      </object_component>
      <object_component id="oc-26b">
         <name>.debug_info</name>
         <load_address>0xc4ed</load_address>
         <run_address>0xc4ed</run_address>
         <size>0x120</size>
         <input_file_ref idref="fl-4a"/>
      </object_component>
      <object_component id="oc-4cc">
         <name>.debug_info</name>
         <load_address>0xc60d</load_address>
         <run_address>0xc60d</run_address>
         <size>0x125</size>
         <input_file_ref idref="fl-4c"/>
      </object_component>
      <object_component id="oc-475">
         <name>.debug_info</name>
         <load_address>0xc732</load_address>
         <run_address>0xc732</run_address>
[...]
         <name>ADC_enableInterrupt</name>
         <value>0xe35a</value>
         <object_component_ref idref="oc-5b4"/>
      </symbol>
      <symbol id="sm-49f">
         <name>ADC_startConversion</name>
         <value>0xe196</value>
         <object_component_ref idref="oc-3c8"/>
      </symbol>
      <symbol id="sm-4a0">
         <name>ADC_getInterruptStatus</name>
         <value>0xe32c</value>
         <object_component_ref idref="oc-3ce"/>
      </symbol>
      <symbol id="sm-4a1">
         <name>ADC_init</name>
         <value>0xdf58</value>
         <object_component_ref idref="oc-596"/>
      </symbol>
      <symbol id="sm-4a2">
         <name>ADC_getResults</name>
         <value>0xe360</value>
         <object_component_ref idref="oc-3d4"/>
      </symbol>
      <symbol id="sm-4a3">
         <name>ADC_enable</name>
         <value>0xe324</value>
         <object_component_ref idref="oc-59c"/>
      </symbol>
      <symbol id="sm-4a4">
         <name>ADC_clearInterrupt</name>
         <value>0xe354</value>
         <object_component_ref idref="oc-5ae"/>
      </symbol>
      <symbol id="sm-514">
         <name>CS_initFLLSettle</name>
         <value>0xdee8</value>
         <object_component_ref idref="oc-525"/>
      </symbol>
      <symbol id="sm-515">
         <name>CS_initFLL</name>
         <value>0xd290</value>
         <object_component_ref idref="oc-602"/>
      </symbol>
      <symbol id="sm-516">
         <name>CS_getSMCLK</name>
         <value>0xe074</value>
         <object_component_ref idref="oc-560"/>
      </symbol>
      <symbol id="sm-517">
         <name>CS_initClockSignal</name>
         <value>0xd1be</value>
         <object_component_ref idref="oc-51f"/>
      </symbol>
      <symbol id="sm-52b">
         <name>EUSCI_A_SPI_initMaster</name>
         <value>0xdca4</value>
         <object_component_ref idref="oc-588"/>
      </symbol>
      <symbol id="sm-52c">
         <name>EUSCI_A_SPI_enable</name>
         <value>0xe366</value>
         <object_component_ref idref="oc-58e"/>
      </symbol>
      <symbol id="sm-559">
         <name>EUSCI_A_UART_enableInterrupt</name>
         <value>0xe162</value>
         <object_component_ref idref="oc-555"/>
      </symbol>
      <symbol id="sm-55a">
         <name>EUSCI_A_UART_init</name>
         <value>0xd60c</value>
         <object_component_ref idref="oc-543"/>
      </symbol>
      <symbol id="sm-55b">
         <name>EUSCI_A_UART_enable</name>
         <value>0xe372</value>
         <object_component_ref idref="oc-549"/>
      </symbol>
      <symbol id="sm-55c">
         <name>EUSCI_A_UART_clearInterrupt</name>
         <value>0xe36c</value>
         <object_component_ref idref="oc-54f"/>
      </symbol>
      <symbol id="sm-55d">
         <name>EUSCI_A_UART_transmitData</name>
         <value>0xe22e</value>
         <object_component_ref idref="oc-4dc"/>
      </symbol>
      <symbol id="sm-5c3">
         <name>EUSCI_B_I2C_initMaster</name>
         <value>0xdd96</value>
         <object_component_ref idref="oc-566"/>
      </symbol>
      <symbol id="sm-5c4">
         <name>EUSCI_B_I2C_clearInterrupt</name>
         <value>0xe378</value>
         <object_component_ref idref="oc-578"/>
      </symbol>
      <symbol id="sm-5c5">
         <name>EUSCI_B_I2C_setSlaveAddress</name>
         <value>0xe33c</value>
         <object_component_ref idref="oc-56c"/>
      </symbol>
      <symbol id="sm-5c6">
         <name>EUSCI_B_I2C_setMode</name>
         <value>0xe302</value>
         <object_component_ref idref="oc-418"/>
      </symbol>
      <symbol id="sm-5c7">
         <name>EUSCI_B_I2C_masterSendMultiByteStop</name>
         <value>0xe292</value>
         <object_component_ref idref="oc-2fa"/>
      </symbol>
      <symbol id="sm-5c8">
         <name>EUSCI_B_I2C_masterSendMultiByteNext</name>
         <value>0xe256</value>
         <object_component_ref idref="oc-303"/>
      </symbol>
      <symbol id="sm-5c9">
         <name>EUSCI_B_I2C_masterSendStart</name>
         <value>0xe390</value>
         <object_component_ref idref="oc-31e"/>
      </symbol>
      <symbol id="sm-5ca">
         <name>EUSCI_B_I2C_masterIsStopSent</name>
         <value>0xe334</value>
         <object_component_ref idref="oc-41e"/>
      </symbol>
      <symbol id="sm-5cb">
         <name>EUSCI_B_I2C_masterReceiveStart</name>
         <value>0xe2f6</value>
         <object_component_ref idref="oc-318"/>
      </symbol>
      <symbol id="sm-5cc">
         <name>EUSCI_B_I2C_masterReceiveSingle</name>
         <value>0xe242</value>
         <object_component_ref idref="oc-309"/>
      </symbol>
      <symbol id="sm-5cd">
         <name>EUSCI_B_I2C_enableInterrupt</name>
         <value>0xe384</value>
         <object_component_ref idref="oc-57e"/>
      </symbol>
      <symbol id="sm-5ce">
         <name>EUSCI_B_I2C_enable</name>
         <value>0xe37e</value>
         <object_component_ref idref="oc-572"/>
      </symbol>
      <symbol id="sm-5cf">
         <name>EUSCI_B_I2C_masterReceiveMultiByteStop</name>
         <value>0xe38a</value>
         <object_component_ref idref="oc-312"/>
      </symbol>
      <symbol id="sm-60a">
         <name>GPIO_setOutputHighOnPin</name>
         <value>0xe1ac</value>
         <object_component_ref idref="oc-424"/>
      </symbol>
      <symbol id="sm-60b">
         <name>GPIO_setAsOutputPin</name>
         <value>0xe0d2</value>
         <object_component_ref idref="oc-52c"/>
      </symbol>
      <symbol id="sm-60c">
         <name>GPIO_setOutputLowOnPin</name>
         <value>0xe1c2</value>
         <object_component_ref idref="oc-3f8"/>
      </symbol>
      <symbol id="sm-60d">
         <name>GPIO_setAsPeripheralModuleFunctionOutputPin</name>
         <value>0xde68</value>
         <object_component_ref idref="oc-538"/>
      </symbol>
      <symbol id="sm-60e">
         <name>GPIO_setAsPeripheralModuleFunctionInputPin</name>
         <value>0xde28</value>
         <object_component_ref idref="oc-532"/>
      </symbol>
      <symbol id="sm-628">
         <name>PMM_enableInternalReference</name>
         <value>0xe2c8</value>
         <object_component_ref idref="oc-5ba"/>
      </symbol>
      <symbol id="sm-629">
         <name>PMM_unlockLPM5</name>
         <value>0xe396</value>
         <object_component_ref idref="oc-495"/>
      </symbol>
      <symbol id="sm-62a">
         <name>PMM_getVariableReferenceVoltageStatus</name>
         <value>0xe31a</value>
         <object_component_ref idref="oc-5c0"/>
      </symbol>
      <symbol id="sm-64c">
         <name>Timer_A_setCompareValue</name>
         <value>0xe344</value>
         <object_component_ref idref="oc-4d0"/>
      </symbol>
      <symbol id="sm-64d">
         <name>Timer_A_initUpMode</name>
         <value>0xdb3c</value>
         <object_component_ref idref="oc-5ca"/>
      </symbol>
      <symbol id="sm-64e">
         <name>Timer_A_startCounter</name>
         <value>0xe30e</value>
         <object_component_ref idref="oc-3fe"/>
      </symbol>
      <symbol id="sm-659">
         <name>WDT_A_hold</name>
         <value>0xe1d8</value>
         <object_component_ref idref="oc-3ec"/>
      </symbol>
      <symbol id="sm-665">
         <name>__mspabi_remi</name>
         <value>0xdff0</value>
         <object_component_ref idref="oc-655"/>
      </symbol>
      <symbol id="sm-666">
         <name>__mspabi_divi</name>
         <value>0xdff0</value>
         <object_component_ref idref="oc-655"/>
      </symbol>
      <symbol id="sm-670">
         <name>__mspabi_remu</name>
         <value>0xe1ee</value>
         <object_component_ref idref="oc-66f"/>
      </symbol>
      <symbol id="sm-671">
         <name>__mspabi_divu</name>
         <value>0xe1ee</value>
         <object_component_ref idref="oc-66f"/>
      </symbol>
      <symbol id="sm-67d">
         <name>__mspabi_remli</name>
         <value>0xdea8</value>
         <object_component_ref idref="oc-65a"/>
      </symbol>
      <symbol id="sm-67e">
         <name>__mspabi_divli</name>
         <value>0xdea8</value>
         <object_component_ref idref="oc-65a"/>
      </symbol>
      <symbol id="sm-68c">
         <name>__mspabi_remul</name>
         <value>0xdc4c</value>
         <object_component_ref idref="oc-340"/>
      </symbol>
      <symbol id="sm-68d">
         <name>__mspabi_divul</name>
         <value>0xdc4c</value>
         <object_component_ref idref="oc-340"/>
      </symbol>
      <symbol id="sm-696">
         <name>__mspabi_func_epilog_2</name>
         <value>0xe2e2</value>
         <object_component_ref idref="oc-26d"/>
      </symbol>
      <symbol id="sm-697">
         <name>__mspabi_func_epilog_3</name>
         <value>0xe2e0</value>
         <object_component_ref idref="oc-26d"/>
      </symbol>
      <symbol id="sm-698">
         <name>__mspabi_func_epilog_1</name>
         <value>0xe2e4</value>
         <object_component_ref idref="oc-26d"/>
      </symbol>
      <symbol id="sm-699">
         <name>__mspabi_func_epilog_6</name>
         <value>0xe2da</value>
         <object_component_ref idref="oc-26d"/>
      </symbol>
      <symbol id="sm-69a">
         <name>__mspabi_func_epilog_7</name>
         <value>0xe2d8</value>
         <object_component_ref idref="oc-26d"/>
      </symbol>
      <symbol id="sm-69b">
         <name>__mspabi_func_epilog_4</name>
         <value>0xe2de</value>
         <object_component_ref idref="oc-26d"/>
      </symbol>
      <symbol id="sm-69c">
         <name>__mspabi_func_epilog_5</name>
         <value>0xe2dc</value>
         <object_component_ref idref="oc-26d"/>
      </symbol>
      <symbol id="sm-69f">
         <name>__TI_int41</name>
         <value>0xffda</value>
         <object_component_ref idref="oc-74"/>
      </symbol>
      <symbol id="sm-6a2">
         <name>__TI_int42</name>
         <value>0xffdc</value>
         <object_component_ref idref="oc-75"/>
      </symbol>
      <symbol id="sm-6a5">
         <name>__TI_int43</name>
         <value>0xffde</value>
         <object_component_ref idref="oc-76"/>
      </symbol>
      <symbol id="sm-6a8">
         <name>__TI_int45</name>
         <value>0xffe2</value>
         <object_component_ref idref="oc-78"/>
      </symbol>
      <symbol id="sm-6ab">
         <name>__TI_int47</name>
         <value>0xffe6</value>
         <object_component_ref idref="oc-7a"/>
      </symbol>
      <symbol id="sm-6ae">
         <name>__TI_int48</name>
         <value>0xffe8</value>
         <object_component_ref idref="oc-7b"/>
      </symbol>
      <symbol id="sm-6b1">
         <name>__TI_int49</name>
         <value>0xffea</value>
         <object_component_ref idref="oc-7c"/>
      </symbol>
      <symbol id="sm-6b4">
         <name>__TI_int50</name>
         <value>0xffec</value>
         <object_component_ref idref="oc-7d"/>
      </symbol>
      <symbol id="sm-6b7">
         <name>__TI_int51</name>
         <value>0xffee</value>
         <object_component_ref idref="oc-7e"/>
      </symbol>
      <symbol id="sm-6ba">
         <name>__TI_int52</name>
         <value>0xfff0</value>
         <object_component_ref idref="oc-7f"/>
      </symbol>
      <symbol id="sm-6bd">
         <name>__TI_int53</name>
         <value>0xfff2</value>
         <object_component_ref idref="oc-80"/>
      </symbol>
      <symbol id="sm-6c0">
         <name>__TI_int55</name>
         <value>0xfff6</value>
         <object_component_ref idref="oc-82"/>
      </symbol>
      <symbol id="sm-6c3">
         <name>__TI_int56</name>
         <value>0xfff8</value>
         <object_component_ref idref="oc-83"/>
      </symbol>
      <symbol id="sm-6c6">
         <name>__TI_int57</name>
         <value>0xfffa</value>
         <object_component_ref idref="oc-84"/>
      </symbol>
      <symbol id="sm-6c9">
         <name>__TI_int58</name>
         <value>0xfffc</value>
         <object_component_ref idref="oc-85"/>
      </symbol>
      <symbol id="sm-6d1">
         <name>__TI_ISR_TRAP</name>
         <value>0xe34c</value>
         <object_component_ref idref="oc-28a"/>
      </symbol>
      <symbol id="sm-6d9">
         <name>__mspabi_slli</name>
         <value>0xe01c</value>
         <object_component_ref idref="oc-263"/>
      </symbol>
      <symbol id="sm-6da">
         <name>__mspabi_slli_9</name>
         <value>0xe034</value>
         <object_component_ref idref="oc-263"/>
      </symbol>
      <symbol id="sm-6db">
         <name>__mspabi_slli_8</name>
         <value>0xe036</value>
         <object_component_ref idref="oc-263"/>
      </symbol>
      <symbol id="sm-6dc">
         <name>__mspabi_slli_7</name>
         <value>0xe038</value>
         <object_component_ref idref="oc-263"/>
      </symbol>
      <symbol id="sm-6dd">
         <name>__mspabi_slli_6</name>
         <value>0xe03a</value>
         <object_component_ref idref="oc-263"/>
      </symbol>
      <symbol id="sm-6de">
         <name>__mspabi_slli_5</name>
         <value>0xe03c</value>
         <object_component_ref idref="oc-263"/>
      </symbol>
      <symbol id="sm-6df">
         <name>__mspabi_slli_4</name>
         <value>0xe03e</value>
         <object_component_ref idref="oc-263"/>
      </symbol>
      <symbol id="sm-6e0">
         <name>__mspabi_slli_3</name>
         <value>0xe040</value>
         <object_component_ref idref="oc-263"/>
      </symbol>
      <symbol id="sm-6e1">
         <name>__mspabi_slli_2</name>
         <value>0xe042</value>
         <object_component_ref idref="oc-263"/>
      </symbol>
      <symbol id="sm-6e2">
         <name>__mspabi_slli_1</name>
         <value>0xe044</value>
         <object_component_ref idref="oc-263"/>
      </symbol>
      <symbol id="sm-6e3">
         <name>__mspabi_slli_15</name>
         <value>0xe028</value>
         <object_component_ref idref="oc-263"/>
      </symbol>
      <symbol id="sm-6e4">
         <name>__mspabi_slli_14</name>
         <value>0xe02a</value>
         <object_component_ref idref="oc-263"/>
      </symbol>
      <symbol id="sm-6e5">
         <name>__mspabi_slli_13</name>
         <value>0xe02c</value>
         <object_component_ref idref="oc-263"/>
      </symbol>
      <symbol id="sm-6e6">
         <name>__mspabi_slli_12</name>
         <value>0xe02e</value>
         <object_component_ref idref="oc-263"/>
      </symbol>
      <symbol id="sm-6e7">
         <name>__mspabi_slli_11</name>
         <value>0xe030</value>
         <object_component_ref idref="oc-263"/>
      </symbol>
      <symbol id="sm-6e8">
         <name>__mspabi_slli_10</name>
         <value>0xe032</value>
         <object_component_ref idref="oc-263"/>
      </symbol>
      <symbol id="sm-6f0">
         <name>__mspabi_srli_8</name>
         <value>0xdd74</value>
         <object_component_ref idref="oc-268"/>
      </symbol>
      <symbol id="sm-6f1">
         <name>__mspabi_srli_9</name>
         <value>0xdd70</value>
         <object_component_ref idref="oc-268"/>
      </symbol>
      <symbol id="sm-6f2">
         <name>__mspabi_srli_6</name>
         <value>0xdd7c</value>
         <object_component_ref idref="oc-268"/>
      </symbol>
      <symbol id="sm-6f3">
         <name>__mspabi_srli_7</name>
         <value>0xdd78</value>
         <object_component_ref idref="oc-268"/>
      </symbol>
      <symbol id="sm-6f4">
         <name>__mspabi_srli_4</name>
         <value>0xdd84</value>
         <object_component_ref idref="oc-268"/>
      </symbol>
      <symbol id="sm-6f5">
         <name>__mspabi_srli_5</name>
         <value>0xdd80</value>
         <object_component_ref idref="oc-268"/>
      </symbol>
      <symbol id="sm-6f6">
         <name>__mspabi_srli_2</name>
         <value>0xdd8c</value>
         <object_component_ref idref="oc-268"/>
      </symbol>
      <symbol id="sm-6f7">
         <name>__mspabi_srli_3</name>
         <value>0xdd88</value>
         <object_component_ref idref="oc-268"/>
      </symbol>
      <symbol id="sm-6f8">
         <name>__mspabi_srli_1</name>
         <value>0xdd90</value>
         <object_component_ref idref="oc-268"/>
      </symbol>
      <symbol id="sm-6f9">
         <name>__mspabi_srli</name>
         <value>0xdd4a</value>
         <object_component_ref idref="oc-268"/>
      </symbol>
      <symbol id="sm-6fa">
         <name>__mspabi_srli_15</name>
         <value>0xdd58</value>
         <object_component_ref idref="oc-268"/>
      </symbol>
      <symbol id="sm-6fb">
         <name>__mspabi_srli_14</name>
         <value>0xdd5c</value>
         <object_component_ref idref="oc-268"/>
      </symbol>
      <symbol id="sm-6fc">
         <name>__mspabi_srli_13</name>
         <value>0xdd60</value>
         <object_component_ref idref="oc-268"/>
      </symbol>
      <symbol id="sm-6fd">
         <name>__mspabi_srli_12</name>
         <value>0xdd64</value>
         <object_component_ref idref="oc-268"/>
      </symbol>
      <symbol id="sm-6fe">
         <name>__mspabi_srli_11</name>
         <value>0xdd68</value>
         <object_component_ref idref="oc-268"/>
      </symbol>
      <symbol id="sm-6ff">
         <name>__mspabi_srli_10</name>
         <value>0xdd6c</value>
         <object_component_ref idref="oc-268"/>
      </symbol>
      <symbol id="sm-708">
         <name>__mspabi_mpyi_f5hw</name>
         <value>0xe27e</value>
         <object_component_ref idref="oc-4cb"/>
      </symbol>
      <symbol id="sm-712">
         <name>__mspabi_mpyl_f5hw</name>
         <value>0xe094</value>
         <object_component_ref idref="oc-472"/>
      </symbol>
      <symbol id="sm-724">
         <name>_stack</name>
         <value>0x2f60</value>
         <object_component_ref idref="oc-25f"/>
      </symbol>
      <symbol id="sm-725">
         <name>_c_int00_noargs</name>
         <value>0xe12a</value>
         <object_component_ref idref="oc-2b3"/>
      </symbol>
      <symbol id="sm-726">
         <name>_reset_vector</name>
         <value>0xfffe</value>
         <object_component_ref idref="oc-262"/>
      </symbol>
      <symbol id="sm-748">
         <name>__TI_auto_init_nobinit_nopinit_hold_wdt</name>
         <value>0xdb9c</value>
         <object_component_ref idref="oc-455"/>
      </symbol>
      <symbol id="sm-75b">
         <name>__TI_zero_init_nomemset</name>
         <value>0xe26a</value>
         <object_component_ref idref="oc-2a1"/>
      </symbol>
      <symbol id="sm-766">
         <name>_system_pre_init</name>
         <value>0xe3a2</value>
         <object_component_ref idref="oc-354"/>
      </symbol>
      <symbol id="sm-76f">
         <name>_system_post_cinit</name>
         <value>0xe3a6</value>
         <object_component_ref idref="oc-4f5"/>
      </symbol>
      <symbol id="sm-785">
         <name>__TI_decompress_none</name>
         <value>0xe2a4</value>
         <object_component_ref idref="oc-6e"/>
      </symbol>
      <symbol id="sm-7a8">
         <name>__TI_decompress_lzss</name>
         <value>0xd83a</value>
         <object_component_ref idref="oc-68"/>
      </symbol>
      <symbol id="sm-7b2">
         <name>C$$EXIT</name>
         <value>0xe39c</value>
         <object_component_ref idref="oc-431"/>
      </symbol>
      <symbol id="sm-7b3">
         <name>abort</name>
         <value>0xe39c</value>
         <object_component_ref idref="oc-431"/>
      </symbol>
      <symbol id="sm-7c8">
         <name>atol</name>
         <value>0xda0a</value>
         <object_component_ref idref="oc-3bb"/>
      </symbol>
      <symbol id="sm-7d2">
         <name>_ctypes_</name>
         <value>0xc5d0</value>
         <object_component_ref idref="oc-477"/>
      </symbol>
      <symbol id="sm-7e0">
         <name>memcpy</name>
         <value>0xe2b6</value>
         <object_component_ref idref="oc-27d"/>
      </symbol>
      <symbol id="sm-7f0">
         <name>strncpy</name>
         <value>0xe048</value>
         <object_component_ref idref="oc-3b5"/>
      </symbol>
   </symbol_table>
   <title>Link successful</title>
</link_info>
