******************************************************************************
                  MSP430 Linker PC v21.6.1                     
******************************************************************************
>> Linked Wed Oct 11 10:32:43 2023

OUTPUT FILE NAME:   <emptyProject.out>
ENTRY POINT SYMBOL: "_c_int00_noargs"  address: 0000e0a4


MEMORY CONFIGURATION

         name            origin    length      used     unused   attr    fill
----------------------  --------  ---------  --------  --------  ----  --------
  SFR                   00000000   00000010  00000000  00000010  RWIX
  PERIPHERALS_8BIT      00000010   000000f0  00000000  000000f0  RWIX
  PERIPHERALS_16BIT     00000100   00000100  00000000  00000100  RWIX
  INFOA                 00001800   00000200  00000000  00000200  RWIX
  RAM                   00002000   00001000  000001a5  00000e5b  RWIX
  FRAM                  0000c400   00003b80  00001f22  00001c5e  RWIX
  JTAGSIGNATURE         0000ff80   00000004  00000004  00000000  RWIX  ffff 
  BSLSIGNATURE          0000ff84   00000004  00000004  00000000  RWIX  ffff 
  INT00                 0000ff88   00000002  00000000  00000002  RWIX
  INT01                 0000ff8a   00000002  00000000  00000002  RWIX
  INT02                 0000ff8c   00000002  00000000  00000002  RWIX
  INT03                 0000ff8e   00000002  00000000  00000002  RWIX
  INT04                 0000ff90   00000002  00000000  00000002  RWIX
  INT05                 0000ff92   00000002  00000000  00000002  RWIX
  INT06                 0000ff94   00000002  00000000  00000002  RWIX
  INT07                 0000ff96   00000002  00000000  00000002  RWIX
  INT08                 0000ff98   00000002  00000000  00000002  RWIX
  INT09                 0000ff9a   00000002  00000000  00000002  RWIX
  INT10                 0000ff9c   00000002  00000000  00000002  RWIX
  INT11                 0000ff9e   00000002  00000000  00000002  RWIX
  INT12                 0000ffa0   00000002  00000000  00000002  RWIX
  INT13                 0000ffa2   00000002  00000000  00000002  RWIX
  INT14                 0000ffa4   00000002  00000000  00000002  RWIX
  INT15                 0000ffa6   00000002  00000000  00000002  RWIX
  INT16                 0000ffa8   00000002  00000000  00000002  RWIX
  INT17                 0000ffaa   00000002  00000000  00000002  RWIX
  INT18                 0000ffac   00000002  00000000  00000002  RWIX
  INT19                 0000ffae   00000002  00000000  00000002  RWIX
  INT20                 0000ffb0   00000002  00000000  00000002  RWIX
  INT21                 0000ffb2   00000002  00000000  00000002  RWIX
  INT22                 0000ffb4   00000002  00000000  00000002  RWIX
  INT23                 0000ffb6   00000002  00000000  00000002  RWIX
  INT24                 0000ffb8   00000002  00000000  00000002  RWIX
  INT25                 0000ffba   00000002  00000000  00000002  RWIX
  INT26                 0000ffbc   00000002  00000000  00000002  RWIX
  INT27                 0000ffbe   00000002  00000000  00000002  RWIX
  INT28                 0000ffc0   00000002  00000000  00000002  RWIX
  INT29                 0000ffc2   00000002  00000000  00000002  RWIX
  INT30                 0000ffc4   00000002  00000000  00000002  RWIX
  INT31                 0000ffc6   00000002  00000000  00000002  RWIX
  INT32                 0000ffc8   00000002  00000000  00000002  RWIX
  INT33                 0000ffca   00000002  00000000  00000002  RWIX
  INT34                 0000ffcc   00000002  00000000  00000002  RWIX
  INT35                 0000ffce   00000002  00000000  00000002  RWIX
  INT36                 0000ffd0   00000002  00000000  00000002  RWIX
  INT37                 0000ffd2   00000002  00000000  00000002  RWIX
  INT38                 0000ffd4   00000002  00000000  00000002  RWIX
  INT39                 0000ffd6   00000002  00000000  00000002  RWIX
  INT40                 0000ffd8   00000002  00000000  00000002  RWIX
  INT41                 0000ffda   00000002  00000002  00000000  RWIX
  INT42                 0000ffdc   00000002  00000002  00000000  RWIX
  INT43                 0000ffde   00000002  00000002  00000000  RWIX
  INT44                 0000ffe0   00000002  00000002  00000000  RWIX
  INT45                 0000ffe2   00000002  00000002  00000000  RWIX
  INT46                 0000ffe4   00000002  00000002  00000000  RWIX
  INT47                 0000ffe6   00000002  00000002  00000000  RWIX
  INT48                 0000ffe8   00000002  00000002  00000000  RWIX
  INT49                 0000ffea   00000002  00000002  00000000  RWIX
  INT50                 0000ffec   00000002  00000002  00000000  RWIX
  INT51                 0000ffee   00000002  00000002  00000000  RWIX
  INT52                 0000fff0   00000002  00000002  00000000  RWIX
  INT53                 0000fff2   00000002  00000002  00000000  RWIX
  INT54                 0000fff4   00000002  00000002  00000000  RWIX
  INT55                 0000fff6   00000002  00000002  00000000  RWIX
  INT56                 0000fff8   00000002  00000002  00000000  RWIX
  INT57                 0000fffa   00000002  00000002  00000000  RWIX
  INT58                 0000fffc   00000002  00000002  00000000  RWIX
  RESET                 0000fffe   00000002  00000002  00000000  RWIX


SECTION ALLOCATION MAP

 output                                  attributes/
section   page    origin      length       input sections
--------  ----  ----------  ----------   ----------------
.TI.persistent 
*          0    0000c400    00000000     UNINITIALIZED

.cinit     0    0000c400    0000002a     
                  0000c400    00000017     (.cinit..data.load) [load image, compression = lzss]
                  0000c417    00000001     --HOLE-- [fill = 0]
                  0000c418    00000006     (__TI_handler_table)
                  0000c41e    00000004     (.cinit..bss.load) [load image, compression = zero_init]
                  0000c422    00000008     (__TI_cinit_table)

.pinit     0    0000c42a    00000000     UNINITIALIZED

.binit     0    0000c42a    00000000     

.init_array 
*          0    0000c42a    00000000     UNINITIALIZED

.mspabi.exidx 
*          0    0000c42a    00000000     UNINITIALIZED

.mspabi.extab 
*          0    0000c42a    00000000     UNINITIALIZED

.const     0    0000c42a    000002f4     
                  0000c42a    0000019a     main.obj (.const:.string)
                  0000c5c4    00000101     rts430_eabi.lib : ctype.c.obj (.const:.string:_ctypes_)
                  0000c6c5    00000001     --HOLE-- [fill = 0]
                  0000c6c6    0000001c     gpio.obj (.const:GPIO_PORT_TO_BASE)
                  0000c6e2    00000012     main.obj (.const:$P$T2$3)
                  0000c6f4    00000010     main.obj (.const:$P$T0$1)
                  0000c704    0000000e     main.obj (.const:$P$T3$4)
                  0000c712    0000000c     main.obj (.const:$P$T1$2)

.text      0    0000c71e    00001c04     
                  0000c71e    0000036c     main.obj (.text:action)
                  0000ca8a    000002bc     main.obj (.text:cmdLine)
                  0000cd46    0000022e     main.obj (.text:TIMER1_A0_ISR)
                  0000cf74    000001c2     main.obj (.text:main)
                  0000d136    000000d2     cs.obj (.text:CS_initClockSignal)
                  0000d208    000000c6     cs.obj (.text:CS_initFLL)
                  0000d2ce    000000b8     main.obj (.text:sendData)
                  0000d386    000000b2     cs.obj (.text:privateCSComputeCLKFrequency)
                  0000d438    000000a8     main.obj (.text:SPI_masterSendMultipleByte)
                  0000d4e0    000000a4     main.obj (.text:USCIB0_ISR)
                  0000d584    00000096     eusci_a_uart.obj (.text:EUSCI_A_UART_init)
                  0000d61a    00000090     cs.obj (.text:privateCSSourceClockFromDCO)
                  0000d6aa    00000088     main.obj (.text:initHardware)
                  0000d732    00000080     main.obj (.text:initI2C)
                  0000d7b2    0000007c     rts430_eabi.lib : copy_decompress_lzss.c.obj (.text:decompress:lzss:__TI_decompress_lzss)
                  0000d82e    0000007c     cs.obj (.text:privateDCORange)
                  0000d8aa    0000006e     main.obj (.text:USCI_A0_ISR)
                  0000d918    0000006a     main.obj (.text:initURAT)
                  0000d982    00000068     rts430_eabi.lib : atol.c.obj (.text:atol)
                  0000d9ea    00000068     main.obj (.text:initSPI)
                  0000da52    00000062     main.obj (.text:initGPIO)
                  0000dab4    00000060     timer_a.obj (.text:Timer_A_initUpMode)
                  0000db14    0000005a     main.obj (.text:initADC)
                  0000db6e    00000058     rts430_eabi.lib : autoinit.c.obj (.text:__TI_auto_init_nobinit_nopinit_hold_wdt:__TI_auto_init_nobinit_nopinit_hold_wdt)
                  0000dbc6    00000058                     : div32u.asm.obj (.text)
                  0000dc1e    00000056     eusci_a_spi.obj (.text:EUSCI_A_SPI_initMaster)
                  0000dc74    00000050     main.obj (.text:initTimer)
                  0000dcc4    0000004c     rts430_eabi.lib : lsr16.asm.obj (.text)
                  0000dd10    0000004a     eusci_b_i2c.obj (.text:EUSCI_B_I2C_initMaster)
                  0000dd5a    00000048     main.obj (.text:sendResponse)
                  0000dda2    00000040     gpio.obj (.text:GPIO_setAsPeripheralModuleFunctionInputPin)
                  0000dde2    00000040     gpio.obj (.text:GPIO_setAsPeripheralModuleFunctionOutputPin)
                  0000de22    00000040     rts430_eabi.lib : div32s.asm.obj (.text)
                  0000de62    0000003a     cs.obj (.text:CS_initFLLSettle)
                  0000de9c    00000036     main.obj (.text:initClockTo16MHz)
                  0000ded2    00000034     adc.obj (.text:ADC_init)
                  0000df06    00000034     main.obj (.text:getADCValue)
                  0000df3a    00000030     adc.obj (.text:ADC_configureMemory)
                  0000df6a    0000002c     rts430_eabi.lib : div16s.asm.obj (.text)
                  0000df96    0000002c                     : lsl16.asm.obj (.text)
                  0000dfc2    0000002c                     : strncpy.c.obj (.text:strncpy)
                  0000dfee    00000020     cs.obj (.text:CS_getSMCLK)
                  0000e00e    00000020     rts430_eabi.lib : mult32_f5hw.asm.obj (.text)
                  0000e02e    0000001e     adc.obj (.text:ADC_disableConversions)
                  0000e04c    0000001e     gpio.obj (.text:GPIO_setAsOutputPin)
                  0000e06a    0000001e     main.obj (.text:send_Buffer)
                  0000e088    0000001c     main.obj (.text:WriteRegisterToDAC)
                  0000e0a4    0000001c     rts430_eabi.lib : boot.c.obj (.text:_c_int00_noargs)
                  0000e0c0    0000001c     main.obj (.text:send_buf)
                  0000e0dc    0000001a     eusci_a_uart.obj (.text:EUSCI_A_UART_enableInterrupt)
                  0000e0f6    0000001a     main.obj (.text:setTimer)
                  0000e110    00000016     adc.obj (.text:ADC_startConversion)
                  0000e126    00000016     gpio.obj (.text:GPIO_setOutputHighOnPin)
                  0000e13c    00000016     gpio.obj (.text:GPIO_setOutputLowOnPin)
                  0000e152    00000016     wdt_a.obj (.text:WDT_A_hold)
                  0000e168    00000016     rts430_eabi.lib : div16u.asm.obj (.text)
                  0000e17e    00000016     main.obj (.text:setDAC)
                  0000e194    00000014     adc.obj (.text:ADC_setupSamplingTimer)
                  0000e1a8    00000014     eusci_a_uart.obj (.text:EUSCI_A_UART_transmitData)
                  0000e1bc    00000014     eusci_b_i2c.obj (.text:EUSCI_B_I2C_masterReceiveSingle)
                  0000e1d0    00000014     eusci_b_i2c.obj (.text:EUSCI_B_I2C_masterSendMultiByteNext)
                  0000e1e4    00000014     rts430_eabi.lib : copy_zero_init.c.obj (.text:decompress:ZI:__TI_zero_init_nomemset:__TI_zero_init_nomemset)
                  0000e1f8    00000014                     : mult16_f5hw.asm.obj (.text)
                  0000e20c    00000012     eusci_b_i2c.obj (.text:EUSCI_B_I2C_masterSendMultiByteStop)
                  0000e21e    00000012     rts430_eabi.lib : copy_decompress_none.c.obj (.text:decompress:none:__TI_decompress_none)
                  0000e230    00000012                     : memcpy.c.obj (.text:memcpy)
                  0000e242    00000010     pmm.obj (.text:PMM_enableInternalReference)
                  0000e252    00000010     rts430_eabi.lib : epilog.asm.obj (.text)
                  0000e262    0000000e     main.obj (.text:initDAC)
                  0000e270    0000000c     eusci_b_i2c.obj (.text:EUSCI_B_I2C_masterReceiveStart)
                  0000e27c    0000000c     eusci_b_i2c.obj (.text:EUSCI_B_I2C_setMode)
                  0000e288    0000000c     timer_a.obj (.text:Timer_A_startCounter)
                  0000e294    0000000a     pmm.obj (.text:PMM_getVariableReferenceVoltageStatus)
                  0000e29e    00000008     adc.obj (.text:ADC_enable)
                  0000e2a6    00000008     adc.obj (.text:ADC_getInterruptStatus)
                  0000e2ae    00000008     eusci_b_i2c.obj (.text:EUSCI_B_I2C_masterIsStopSent)
                  0000e2b6    00000008     eusci_b_i2c.obj (.text:EUSCI_B_I2C_setSlaveAddress)
                  0000e2be    00000008     timer_a.obj (.text:Timer_A_setCompareValue)
                  0000e2c6    00000008     rts430_eabi.lib : isr_trap.asm.obj (.text:_isr:__TI_ISR_TRAP)
                  0000e2ce    00000006     adc.obj (.text:ADC_clearInterrupt)
                  0000e2d4    00000006     adc.obj (.text:ADC_enableInterrupt)
                  0000e2da    00000006     adc.obj (.text:ADC_getResults)
                  0000e2e0    00000006     eusci_a_spi.obj (.text:EUSCI_A_SPI_enable)
                  0000e2e6    00000006     eusci_a_uart.obj (.text:EUSCI_A_UART_clearInterrupt)
                  0000e2ec    00000006     eusci_a_uart.obj (.text:EUSCI_A_UART_enable)
                  0000e2f2    00000006     eusci_b_i2c.obj (.text:EUSCI_B_I2C_clearInterrupt)
                  0000e2f8    00000006     eusci_b_i2c.obj (.text:EUSCI_B_I2C_enable)
                  0000e2fe    00000006     eusci_b_i2c.obj (.text:EUSCI_B_I2C_enableInterrupt)
                  0000e304    00000006     eusci_b_i2c.obj (.text:EUSCI_B_I2C_masterReceiveMultiByteStop)
                  0000e30a    00000006     eusci_b_i2c.obj (.text:EUSCI_B_I2C_masterSendStart)
                  0000e310    00000006     pmm.obj (.text:PMM_unlockLPM5)
                  0000e316    00000006     rts430_eabi.lib : exit.c.obj (.text:abort)
                  0000e31c    00000004                     : pre_init.c.obj (.text:_system_pre_init)
                  0000e320    00000002                     : startup.c.obj (.text:_system_post_cinit)

.bss       0    00002000    0000008d     UNINITIALIZED
                  00002000    00000078     (.common:dataRX)
                  00002078    00000014     (.common:dataTX)
                  0000208c    00000001     (.common:RXData)

.data      0    0000208e    00000078     UNINITIALIZED
                  0000208e    0000004e     main.obj (.data)
                  000020dc    00000014     main.obj (.data:NFCReadData)
                  000020f0    00000011     main.obj (.data:NFCWriteData)
                  00002101    00000001     --HOLE--
                  00002102    00000004     cs.obj (.data)

.stack     0    00002f60    000000a0     UNINITIALIZED
                  00002f60    00000002     rts430_eabi.lib : boot.c.obj (.stack)
                  00002f62    0000009e     --HOLE--

PORT2      0    0000ffda    00000002     
                  0000ffda    00000002     rts430_eabi.lib : int41.asm.obj (.int41)

PORT1      0    0000ffdc    00000002     
                  0000ffdc    00000002     rts430_eabi.lib : int42.asm.obj (.int42)

ADC        0    0000ffde    00000002     
                  0000ffde    00000002     rts430_eabi.lib : int43.asm.obj (.int43)

USCI_B0    0    0000ffe0    00000002     
                  0000ffe0    00000002     main.obj (.int44)

USCI_A1    0    0000ffe2    00000002     
                  0000ffe2    00000002     rts430_eabi.lib : int45.asm.obj (.int45)

USCI_A0    0    0000ffe4    00000002     
                  0000ffe4    00000002     main.obj (.int46)

WDT        0    0000ffe6    00000002     
                  0000ffe6    00000002     rts430_eabi.lib : int47.asm.obj (.int47)

RTC        0    0000ffe8    00000002     
                  0000ffe8    00000002     rts430_eabi.lib : int48.asm.obj (.int48)

TIMER3_A1 
*          0    0000ffea    00000002     
                  0000ffea    00000002     rts430_eabi.lib : int49.asm.obj (.int49)

TIMER3_A0 
*          0    0000ffec    00000002     
                  0000ffec    00000002     rts430_eabi.lib : int50.asm.obj (.int50)

TIMER2_A1 
*          0    0000ffee    00000002     
                  0000ffee    00000002     rts430_eabi.lib : int51.asm.obj (.int51)

TIMER2_A0 
*          0    0000fff0    00000002     
                  0000fff0    00000002     rts430_eabi.lib : int52.asm.obj (.int52)

TIMER1_A1 
*          0    0000fff2    00000002     
                  0000fff2    00000002     rts430_eabi.lib : int53.asm.obj (.int53)

TIMER1_A0 
*          0    0000fff4    00000002     
                  0000fff4    00000002     main.obj (.int54)

TIMER0_A1 
*          0    0000fff6    00000002     
                  0000fff6    00000002     rts430_eabi.lib : int55.asm.obj (.int55)

TIMER0_A0 
*          0    0000fff8    00000002     
                  0000fff8    00000002     rts430_eabi.lib : int56.asm.obj (.int56)

UNMI       0    0000fffa    00000002     
                  0000fffa    00000002     rts430_eabi.lib : int57.asm.obj (.int57)

SYSNMI     0    0000fffc    00000002     
                  0000fffc    00000002     rts430_eabi.lib : int58.asm.obj (.int58)

.reset     0    0000fffe    00000002     
                  0000fffe    00000002     rts430_eabi.lib : boot.c.obj (.reset)

$fill000   0    0000ff80    00000004     
                  0000ff80    00000004     --HOLE-- [fill = ffff]

$fill001   0    0000ff84    00000004     
                  0000ff84    00000004     --HOLE-- [fill = ffff]

MODULE SUMMARY

       Module                       code   ro data   rw data
       ------                       ----   -------   -------
    .\
       main.obj                     4278   476       256    
    +--+----------------------------+------+---------+---------+
       Total:                       4278   476       256    
                                                            
    .\driverlib\MSP430FR2xx_4xx\
       cs.obj                       944    0         4      
       gpio.obj                     202    28        0      
       eusci_a_uart.obj             208    0         0      
       adc.obj                      206    0         0      
       eusci_b_i2c.obj              202    0         0      
       timer_a.obj                  116    0         0      
       eusci_a_spi.obj              92     0         0      
       pmm.obj                      32     0         0      
       wdt_a.obj                    22     0         0      
    +--+----------------------------+------+---------+---------+
       Total:                       2024   28        4      
                                                            
    D:\Program Files\ti\ccs1240\ccs\tools\compiler\ti-cgt-msp430_21.6.1.LTS\lib\rts430_eabi.lib
       ctype.c.obj                  0      257       0      
       copy_decompress_lzss.c.obj   124    0         0      
       atol.c.obj                   104    0         0      
       autoinit.c.obj               88     0         0      
       div32u.asm.obj               88     0         0      
       lsr16.asm.obj                76     0         0      
       div32s.asm.obj               64     0         0      
       div16s.asm.obj               44     0         0      
       lsl16.asm.obj                44     0         0      
       strncpy.c.obj                44     0         0      
       mult32_f5hw.asm.obj          32     0         0      
       boot.c.obj                   28     2         0      
       div16u.asm.obj               22     0         0      
       copy_zero_init.c.obj         20     0         0      
       mult16_f5hw.asm.obj          20     0         0      
       copy_decompress_none.c.obj   18     0         0      
       memcpy.c.obj                 18     0         0      
       epilog.asm.obj               16     0         0      
       isr_trap.asm.obj             8      0         0      
       exit.c.obj                   6      0         0      
       pre_init.c.obj               4      0         0      
       int41.asm.obj                0      2         0      
       int42.asm.obj                0      2         0      
       int43.asm.obj                0      2         0      
       int45.asm.obj                0      2         0      
       int47.asm.obj                0      2         0      
       int48.asm.obj                0      2         0      
       int49.asm.obj                0      2         0      
       int50.asm.obj                0      2         0      
       int51.asm.obj                0      2         0      
       int52.asm.obj                0      2         0      
       int53.asm.obj                0      2         0      
       int55.asm.obj                0      2         0      
       int56.asm.obj                0      2         0      
       int57.asm.obj                0      2         0      
       int58.asm.obj                0      2         0      
       startup.c.obj                2      0         0      
    +--+----------------------------+------+---------+---------+
       Total:                       870    289       0      
                                                            
       Stack:                       0      0         160    
       Linker Generated:            0      41        0      
    +--+----------------------------+------+---------+---------+
       Grand Total:                 7172   834       420    


LINKER GENERATED COPY TABLES

__TI_cinit_table @ 0000c422 records: 2, size/record: 4, table size: 8
	.data: load addr=0000c400, load size=00000017 bytes, run addr=0000208e, run size=00000078 bytes, compression=lzss
	.bss: load addr=0000c41e, load size=00000004 bytes, run addr=00002000, run size=0000008d bytes, compression=zero_init


LINKER GENERATED HANDLER TABLE

__TI_handler_table @ 0000c418 records: 3, size/record: 2, table size: 6
	index: 0, handler: __TI_zero_init
	index: 1, handler: __TI_decompress_lzss
	index: 2, handler: __TI_decompress_none


GLOBAL SYMBOLS: SORTED ALPHABETICALLY BY Name 

address   name                                       
-------   ----                                       
00000700  ADCCTL0                                    
00000701  ADCCTL0_H                                  
00000700  ADCCTL0_L                                  
00000702  ADCCTL1                                    
00000703  ADCCTL1_H                                  
00000702  ADCCTL1_L                                  
00000704  ADCCTL2                                    
00000705  ADCCTL2_H                                  
00000704  ADCCTL2_L                                  
00000708  ADCHI                                      
00000709  ADCHI_H                                    
00000708  ADCHI_L                                    
0000071a  ADCIE                                      
0000071b  ADCIE_H                                    
0000071a  ADCIE_L                                    
0000071c  ADCIFG                                     
0000071d  ADCIFG_H                                   
0000071c  ADCIFG_L                                   
0000071e  ADCIV                                      
0000071f  ADCIV_H                                    
0000071e  ADCIV_L                                    
00000706  ADCLO                                      
00000707  ADCLO_H                                    
00000706  ADCLO_L                                    
0000070a  ADCMCTL0                                   
0000070b  ADCMCTL0_H                                 
0000070a  ADCMCTL0_L                                 
00000712  ADCMEM0                                    
00000713  ADCMEM0_H                                  
00000712  ADCMEM0_L                                  
0000e2ce  ADC_clearInterrupt                         
0000df3a  ADC_configureMemory                        
0000e02e  ADC_disableConversions                     
0000e29e  ADC_enable                                 
0000e2d4  ADC_enableInterrupt                        
0000e2a6  ADC_getInterruptStatus                     
0000e2da  ADC_getResults                             
0000ded2  ADC_init                                   
0000e194  ADC_setupSamplingTimer                     
0000e110  ADC_startConversion                        
000020c2  ADCsum                                     
00000660  BAKMEM0                                    
00000661  BAKMEM0_H                                  
00000660  BAKMEM0_L                                  
00000662  BAKMEM1                                    
00000674  BAKMEM10                                   
00000675  BAKMEM10_H                                 
00000674  BAKMEM10_L                                 
00000676  BAKMEM11                                   
00000677  BAKMEM11_H                                 
00000676  BAKMEM11_L                                 
00000678  BAKMEM12                                   
00000679  BAKMEM12_H                                 
00000678  BAKMEM12_L                                 
0000067a  BAKMEM13                                   
0000067b  BAKMEM13_H                                 
0000067a  BAKMEM13_L                                 
0000067c  BAKMEM14                                   
0000067d  BAKMEM14_H                                 
0000067c  BAKMEM14_L                                 
0000067e  BAKMEM15                                   
0000067f  BAKMEM15_H                                 
0000067e  BAKMEM15_L                                 
00000663  BAKMEM1_H                                  
00000662  BAKMEM1_L                                  
00000664  BAKMEM2                                    
00000665  BAKMEM2_H                                  
00000664  BAKMEM2_L                                  
00000666  BAKMEM3                                    
00000667  BAKMEM3_H                                  
00000666  BAKMEM3_L                                  
00000668  BAKMEM4                                    
00000669  BAKMEM4_H                                  
00000668  BAKMEM4_L                                  
0000066a  BAKMEM5                                    
0000066b  BAKMEM5_H                                  
0000066a  BAKMEM5_L                                  
0000066c  BAKMEM6                                    
0000066d  BAKMEM6_H                                  
0000066c  BAKMEM6_L                                  
0000066e  BAKMEM7                                    
0000066f  BAKMEM7_H                                  
0000066e  BAKMEM7_L                                  
00000670  BAKMEM8                                    
00000671  BAKMEM8_H                                  
00000670  BAKMEM8_L                                  
00000672  BAKMEM9                                    
00000673  BAKMEM9_H                                  
00000672  BAKMEM9_L                                  
0000e316  C$$EXIT                                    
000001c0  CRCDI                                      
000001c2  CRCDIRB                                    
000001c3  CRCDIRB_H                                  
000001c2  CRCDIRB_L                                  
000001c1  CRCDI_H                                    
000001c0  CRCDI_L                                    
000001c4  CRCINIRES                                  
000001c5  CRCINIRES_H                                
000001c4  CRCINIRES_L                                
000001c6  CRCRESR                                    
000001c7  CRCRESR_H                                  
000001c6  CRCRESR_L                                  
00000180  CSCTL0                                     
00000181  CSCTL0_H                                   
00000180  CSCTL0_L                                   
00000182  CSCTL1                                     
00000183  CSCTL1_H                                   
00000182  CSCTL1_L                                   
00000184  CSCTL2                                     
00000185  CSCTL2_H                                   
00000184  CSCTL2_L                                   
00000186  CSCTL3                                     
00000187  CSCTL3_H                                   
00000186  CSCTL3_L                                   
00000188  CSCTL4                                     
00000189  CSCTL4_H                                   
00000188  CSCTL4_L                                   
0000018a  CSCTL5                                     
0000018b  CSCTL5_H                                   
0000018a  CSCTL5_L                                   
0000018c  CSCTL6                                     
0000018d  CSCTL6_H                                   
0000018c  CSCTL6_L                                   
0000018e  CSCTL7                                     
0000018f  CSCTL7_H                                   
0000018e  CSCTL7_L                                   
00000190  CSCTL8                                     
00000191  CSCTL8_H                                   
00000190  CSCTL8_L                                   
0000dfee  CS_getSMCLK                                
0000d136  CS_initClockSignal                         
0000d208  CS_initFLL                                 
0000de62  CS_initFLLSettle                           
0000e2e0  EUSCI_A_SPI_enable                         
0000dc1e  EUSCI_A_SPI_initMaster                     
0000e2e6  EUSCI_A_UART_clearInterrupt                
0000e2ec  EUSCI_A_UART_enable                        
0000e0dc  EUSCI_A_UART_enableInterrupt               
0000d584  EUSCI_A_UART_init                          
0000e1a8  EUSCI_A_UART_transmitData                  
0000e2f2  EUSCI_B_I2C_clearInterrupt                 
0000e2f8  EUSCI_B_I2C_enable                         
0000e2fe  EUSCI_B_I2C_enableInterrupt                
0000dd10  EUSCI_B_I2C_initMaster                     
0000e2ae  EUSCI_B_I2C_masterIsStopSent               
0000e304  EUSCI_B_I2C_masterReceiveMultiByteStop     
0000e1bc  EUSCI_B_I2C_masterReceiveSingle            
0000e270  EUSCI_B_I2C_masterReceiveStart             
0000e1d0  EUSCI_B_I2C_masterSendMultiByteNext        
0000e20c  EUSCI_B_I2C_masterSendMultiByteStop        
0000e30a  EUSCI_B_I2C_masterSendStart                
0000e27c  EUSCI_B_I2C_setMode                        
0000e2b6  EUSCI_B_I2C_setSlaveAddress                
000001a0  FRCTL0                                     
000001a1  FRCTL0_H                                   
000001a0  FRCTL0_L                                   
000001a4  GCCTL0                                     
000001a5  GCCTL0_H                                   
000001a4  GCCTL0_L                                   
000001a6  GCCTL1                                     
000001a7  GCCTL1_H                                   
000001a6  GCCTL1_L                                   
0000e04c  GPIO_setAsOutputPin                        
0000dda2  GPIO_setAsPeripheralModuleFunctionInputPin 
0000dde2  GPIO_setAsPeripheralModuleFunctionOutputPin
0000e126  GPIO_setOutputHighOnPin                    
0000e13c  GPIO_setOutputLowOnPin                     
000004c4  MAC                                        
000004da  MAC32H                                     
000004db  MAC32H_H                                   
000004da  MAC32H_L                                   
000004d8  MAC32L                                     
000004d9  MAC32L_H                                   
000004d8  MAC32L_L                                   
000004c6  MACS                                       
000004de  MACS32H                                    
000004df  MACS32H_H                                  
000004de  MACS32H_L                                  
000004dc  MACS32L                                    
000004dd  MACS32L_H                                  
000004dc  MACS32L_L                                  
000004c7  MACS_H                                     
000004c6  MACS_L                                     
000004c5  MAC_H                                      
000004c4  MAC_L                                      
000020cc  MASK                                       
000020ca  MEMA                                       
000004c0  MPY                                        
000004ec  MPY32CTL0                                  
000004ed  MPY32CTL0_H                                
000004ec  MPY32CTL0_L                                
000004d2  MPY32H                                     
000004d3  MPY32H_H                                   
000004d2  MPY32H_L                                   
000004d0  MPY32L                                     
000004d1  MPY32L_H                                   
000004d0  MPY32L_L                                   
000004c2  MPYS                                       
000004d6  MPYS32H                                    
000004d7  MPYS32H_H                                  
000004d6  MPYS32H_L                                  
000004d4  MPYS32L                                    
000004d5  MPYS32L_H                                  
000004d4  MPYS32L_L                                  
000004c3  MPYS_H                                     
000004c2  MPYS_L                                     
000004c1  MPY_H                                      
000004c0  MPY_L                                      
000020ce  NAKFlag                                    
000020dc  NFCReadData                                
000020d0  NFCReadDataFlag                            
000020cf  NFCReadREGDataFlag                         
000020f0  NFCWriteData                               
000020d2  NFCWriteDataFlag                           
000020d1  NFCWriteREGDataFlag                        
000020a4  Nstep                                      
000004c8  OP2                                        
000004e2  OP2H                                       
000004e3  OP2H_H                                     
000004e2  OP2H_L                                     
000004e0  OP2L                                       
000004e1  OP2L_H                                     
000004e0  OP2L_L                                     
000004c9  OP2_H                                      
000004c8  OP2_L                                      
0000020e  P1IV                                       
0000021e  P2IV                                       
00000204  PADIR                                      
00000205  PADIR_H                                    
00000204  PADIR_L                                    
0000021a  PAIE                                       
00000218  PAIES                                      
00000219  PAIES_H                                    
00000218  PAIES_L                                    
0000021b  PAIE_H                                     
0000021a  PAIE_L                                     
0000021c  PAIFG                                      
0000021d  PAIFG_H                                    
0000021c  PAIFG_L                                    
00000200  PAIN                                       
00000201  PAIN_H                                     
00000200  PAIN_L                                     
00000202  PAOUT                                      
00000203  PAOUT_H                                    
00000202  PAOUT_L                                    
00000206  PAREN                                      
00000207  PAREN_H                                    
00000206  PAREN_L                                    
0000020a  PASEL0                                     
0000020b  PASEL0_H                                   
0000020a  PASEL0_L                                   
0000020c  PASEL1                                     
0000020d  PASEL1_H                                   
0000020c  PASEL1_L                                   
00000224  PBDIR                                      
00000225  PBDIR_H                                    
00000224  PBDIR_L                                    
00000220  PBIN                                       
00000221  PBIN_H                                     
00000220  PBIN_L                                     
00000222  PBOUT                                      
00000223  PBOUT_H                                    
00000222  PBOUT_L                                    
00000226  PBREN                                      
00000227  PBREN_H                                    
00000226  PBREN_L                                    
0000022a  PBSEL0                                     
0000022b  PBSEL0_H                                   
0000022a  PBSEL0_L                                   
0000022c  PBSEL1                                     
0000022d  PBSEL1_H                                   
0000022c  PBSEL1_L                                   
00000130  PM5CTL0                                    
00000131  PM5CTL0_H                                  
00000130  PM5CTL0_L                                  
00000120  PMMCTL0                                    
00000121  PMMCTL0_H                                  
00000120  PMMCTL0_L                                  
00000122  PMMCTL1                                    
00000123  PMMCTL1_H                                  
00000122  PMMCTL1_L                                  
00000124  PMMCTL2                                    
00000125  PMMCTL2_H                                  
00000124  PMMCTL2_L                                  
0000012e  PMMIE                                      
0000012f  PMMIE_H                                    
0000012e  PMMIE_L                                    
0000012a  PMMIFG                                     
0000012b  PMMIFG_H                                   
0000012a  PMMIFG_L                                   
0000e242  PMM_enableInternalReference                
0000e294  PMM_getVariableReferenceVoltageStatus      
0000e310  PMM_unlockLPM5                             
000020cb  REGA                                       
000020cd  REGDAT                                     
000004e4  RES0                                       
000004e5  RES0_H                                     
000004e4  RES0_L                                     
000004e6  RES1                                       
000004e7  RES1_H                                     
000004e6  RES1_L                                     
000004e8  RES2                                       
000004e9  RES2_H                                     
000004e8  RES2_L                                     
000004ea  RES3                                       
000004eb  RES3_H                                     
000004ea  RES3_L                                     
000004cc  RESHI                                      
000004cd  RESHI_H                                    
000004cc  RESHI_L                                    
000004ca  RESLO                                      
000004cb  RESLO_H                                    
000004ca  RESLO_L                                    
0000030c  RTCCNT                                     
0000030d  RTCCNT_H                                   
0000030c  RTCCNT_L                                   
00000300  RTCCTL                                     
00000301  RTCCTL_H                                   
00000300  RTCCTL_L                                   
00000304  RTCIV                                      
00000305  RTCIV_H                                    
00000304  RTCIV_L                                    
00000308  RTCMOD                                     
00000309  RTCMOD_H                                   
00000308  RTCMOD_L                                   
000020d4  RXCOUNT                                    
0000208c  RXData                                     
000020c8  RxIndex                                    
00000100  SFRIE1                                     
00000101  SFRIE1_H                                   
00000100  SFRIE1_L                                   
00000102  SFRIFG1                                    
00000103  SFRIFG1_H                                  
00000102  SFRIFG1_L                                  
00000104  SFRRPCR                                    
00000105  SFRRPCR_H                                  
00000104  SFRRPCR_L                                  
0000d438  SPI_masterSendMultipleByte                 
000004ce  SUMEXT                                     
000004cf  SUMEXT_H                                   
000004ce  SUMEXT_L                                   
00000158  SYSBERRIV                                  
00000159  SYSBERRIV_H                                
00000158  SYSBERRIV_L                                
00000142  SYSBSLC                                    
00000143  SYSBSLC_H                                  
00000142  SYSBSLC_L                                  
00000160  SYSCFG0                                    
00000161  SYSCFG0_H                                  
00000160  SYSCFG0_L                                  
00000162  SYSCFG1                                    
00000163  SYSCFG1_H                                  
00000162  SYSCFG1_L                                  
00000164  SYSCFG2                                    
00000165  SYSCFG2_H                                  
00000164  SYSCFG2_L                                  
00000140  SYSCTL                                     
00000141  SYSCTL_H                                   
00000140  SYSCTL_L                                   
00000146  SYSJMBC                                    
00000147  SYSJMBC_H                                  
00000146  SYSJMBC_L                                  
00000148  SYSJMBI0                                   
00000149  SYSJMBI0_H                                 
00000148  SYSJMBI0_L                                 
0000014a  SYSJMBI1                                   
0000014b  SYSJMBI1_H                                 
0000014a  SYSJMBI1_L                                 
0000014c  SYSJMBO0                                   
0000014d  SYSJMBO0_H                                 
0000014c  SYSJMBO0_L                                 
0000014e  SYSJMBO1                                   
0000014f  SYSJMBO1_H                                 
0000014e  SYSJMBO1_L                                 
0000015e  SYSRSTIV                                   
0000015f  SYSRSTIV_H                                 
0000015e  SYSRSTIV_L                                 
0000015c  SYSSNIV                                    
0000015d  SYSSNIV_H                                  
0000015c  SYSSNIV_L                                  
0000015a  SYSUNIV                                    
0000015b  SYSUNIV_H                                  
0000015a  SYSUNIV_L                                  
00000392  TA0CCR0                                    
00000394  TA0CCR1                                    
00000396  TA0CCR2                                    
00000382  TA0CCTL0                                   
00000384  TA0CCTL1                                   
00000386  TA0CCTL2                                   
00000380  TA0CTL                                     
000003a0  TA0EX0                                     
000003ae  TA0IV                                      
00000390  TA0R                                       
000003d2  TA1CCR0                                    
000003d4  TA1CCR1                                    
000003d6  TA1CCR2                                    
000003c2  TA1CCTL0                                   
000003c4  TA1CCTL1                                   
000003c6  TA1CCTL2                                   
000003c0  TA1CTL                                     
000003e0  TA1EX0                                     
000003ee  TA1IV                                      
000003d0  TA1R                                       
00000412  TA2CCR0                                    
00000414  TA2CCR1                                    
00000402  TA2CCTL0                                   
00000404  TA2CCTL1                                   
00000400  TA2CTL                                     
00000420  TA2EX0                                     
0000042e  TA2IV                                      
00000410  TA2R                                       
00000452  TA3CCR0                                    
00000454  TA3CCR1                                    
00000442  TA3CCTL0                                   
00000444  TA3CCTL1                                   
00000440  TA3CTL                                     
00000460  TA3EX0                                     
0000046e  TA3IV                                      
00000450  TA3R                                       
0000cd46  TIMER1_A0_ISR                              
000020d3  TXByteCtr                                  
0000dab4  Timer_A_initUpMode                         
0000e2be  Timer_A_setCompareValue                    
0000e288  Timer_A_startCounter                       
00000510  UCA0ABCTL                                  
00000506  UCA0BRW                                    
00000507  UCA0BRW_H                                  
00000506  UCA0BRW_L                                  
00000500  UCA0CTLW0                                  
00000501  UCA0CTLW0_H                                
00000500  UCA0CTLW0_L                                
00000502  UCA0CTLW1                                  
00000503  UCA0CTLW1_H                                
00000502  UCA0CTLW1_L                                
0000051a  UCA0IE                                     
0000051b  UCA0IE_H                                   
0000051a  UCA0IE_L                                   
0000051c  UCA0IFG                                    
0000051d  UCA0IFG_H                                  
0000051c  UCA0IFG_L                                  
00000512  UCA0IRCTL                                  
00000513  UCA0IRCTL_H                                
00000512  UCA0IRCTL_L                                
0000051e  UCA0IV                                     
00000508  UCA0MCTLW                                  
00000509  UCA0MCTLW_H                                
00000508  UCA0MCTLW_L                                
0000050c  UCA0RXBUF                                  
0000050d  UCA0RXBUF_H                                
0000050c  UCA0RXBUF_L                                
0000050a  UCA0STATW                                  
0000050e  UCA0TXBUF                                  
0000050f  UCA0TXBUF_H                                
0000050e  UCA0TXBUF_L                                
00000530  UCA1ABCTL                                  
00000526  UCA1BRW                                    
00000527  UCA1BRW_H                                  
00000526  UCA1BRW_L                                  
00000520  UCA1CTLW0                                  
00000521  UCA1CTLW0_H                                
00000520  UCA1CTLW0_L                                
00000522  UCA1CTLW1                                  
00000523  UCA1CTLW1_H                                
00000522  UCA1CTLW1_L                                
0000053a  UCA1IE                                     
0000053b  UCA1IE_H                                   
0000053a  UCA1IE_L                                   
0000053c  UCA1IFG                                    
0000053d  UCA1IFG_H                                  
0000053c  UCA1IFG_L                                  
00000532  UCA1IRCTL                                  
00000533  UCA1IRCTL_H                                
00000532  UCA1IRCTL_L                                
0000053e  UCA1IV                                     
00000528  UCA1MCTLW                                  
00000529  UCA1MCTLW_H                                
00000528  UCA1MCTLW_L                                
0000052c  UCA1RXBUF                                  
0000052d  UCA1RXBUF_H                                
0000052c  UCA1RXBUF_L                                
0000052a  UCA1STATW                                  
0000052e  UCA1TXBUF                                  
0000052f  UCA1TXBUF_H                                
0000052e  UCA1TXBUF_L                                
0000055e  UCB0ADDMASK                                
0000055f  UCB0ADDMASK_H                              
0000055e  UCB0ADDMASK_L                              
0000055c  UCB0ADDRX                                  
0000055d  UCB0ADDRX_H                                
0000055c  UCB0ADDRX_L                                
00000546  UCB0BRW                                    
00000547  UCB0BRW_H                                  
00000546  UCB0BRW_L                                  
00000540  UCB0CTLW0                                  
00000541  UCB0CTLW0_H                                
00000540  UCB0CTLW0_L                                
00000542  UCB0CTLW1                                  
00000543  UCB0CTLW1_H                                
00000542  UCB0CTLW1_L                                
00000554  UCB0I2COA0                                 
00000555  UCB0I2COA0_H                               
00000554  UCB0I2COA0_L                               
00000556  UCB0I2COA1                                 
00000557  UCB0I2COA1_H                               
00000556  UCB0I2COA1_L                               
00000558  UCB0I2COA2                                 
00000559  UCB0I2COA2_H                               
00000558  UCB0I2COA2_L                               
0000055a  UCB0I2COA3                                 
0000055b  UCB0I2COA3_H                               
0000055a  UCB0I2COA3_L                               
00000560  UCB0I2CSA                                  
00000561  UCB0I2CSA_H                                
00000560  UCB0I2CSA_L                                
0000056a  UCB0IE                                     
0000056b  UCB0IE_H                                   
0000056a  UCB0IE_L                                   
0000056c  UCB0IFG                                    
0000056d  UCB0IFG_H                                  
0000056c  UCB0IFG_L                                  
0000056e  UCB0IV                                     
0000054c  UCB0RXBUF                                  
0000054d  UCB0RXBUF_H                                
0000054c  UCB0RXBUF_L                                
00000548  UCB0STATW                                  
00000549  UCB0STATW_H                                
00000548  UCB0STATW_L                                
0000054a  UCB0TBCNT                                  
0000054b  UCB0TBCNT_H                                
0000054a  UCB0TBCNT_L                                
0000054e  UCB0TXBUF                                  
0000054f  UCB0TXBUF_H                                
0000054e  UCB0TXBUF_L                                
0000d4e0  USCIB0_ISR                                 
0000d8aa  USCI_A0_ISR                                
000001cc  WDTCTL                                     
000001cd  WDTCTL_H                                   
000001cc  WDTCTL_L                                   
0000e152  WDT_A_hold                                 
0000e088  WriteRegisterToDAC                         
00003000  __STACK_END                                
000000a0  __STACK_SIZE                               
0000c422  __TI_CINIT_Base                            
0000c42a  __TI_CINIT_Limit                           
0000c42a  __TI_CINIT_Warm                            
0000c418  __TI_Handler_Table_Base                    
0000c41e  __TI_Handler_Table_Limit                   
0000e2c6  __TI_ISR_TRAP                              
0000db6e  __TI_auto_init_nobinit_nopinit_hold_wdt    
0000d7b2  __TI_decompress_lzss                       
0000e21e  __TI_decompress_none                       
0000ffda  __TI_int41                                 
0000ffdc  __TI_int42                                 
0000ffde  __TI_int43                                 
0000ffe0  __TI_int44                                 
0000ffe2  __TI_int45                                 
0000ffe4  __TI_int46                                 
0000ffe6  __TI_int47                                 
0000ffe8  __TI_int48                                 
0000ffea  __TI_int49                                 
0000ffec  __TI_int50                                 
0000ffee  __TI_int51                                 
0000fff0  __TI_int52                                 
0000fff2  __TI_int53                                 
0000fff4  __TI_int54                                 
0000fff6  __TI_int55                                 
0000fff8  __TI_int56                                 
0000fffa  __TI_int57                                 
0000fffc  __TI_int58                                 
ffffffff  __TI_pprof_out_hndl                        
ffffffff  __TI_prof_data_size                        
ffffffff  __TI_prof_data_start                       
0000e1e4  __TI_zero_init_nomemset                    
ffffffff  __c_args__                                 
0000df6a  __mspabi_divi                              
0000de22  __mspabi_divli                             
0000e168  __mspabi_divu                              
0000dbc6  __mspabi_divul                             
0000e25e  __mspabi_func_epilog_1                     
0000e25c  __mspabi_func_epilog_2                     
0000e25a  __mspabi_func_epilog_3                     
0000e258  __mspabi_func_epilog_4                     
0000e256  __mspabi_func_epilog_5                     
0000e254  __mspabi_func_epilog_6                     
0000e252  __mspabi_func_epilog_7                     
0000e1f8  __mspabi_mpyi_f5hw                         
0000e00e  __mspabi_mpyl_f5hw                         
0000df6a  __mspabi_remi                              
0000de22  __mspabi_remli                             
0000e168  __mspabi_remu                              
0000dbc6  __mspabi_remul                             
0000df96  __mspabi_slli                              
0000dfbe  __mspabi_slli_1                            
0000dfac  __mspabi_slli_10                           
0000dfaa  __mspabi_slli_11                           
0000dfa8  __mspabi_slli_12                           
0000dfa6  __mspabi_slli_13                           
0000dfa4  __mspabi_slli_14                           
0000dfa2  __mspabi_slli_15                           
0000dfbc  __mspabi_slli_2                            
0000dfba  __mspabi_slli_3                            
0000dfb8  __mspabi_slli_4                            
0000dfb6  __mspabi_slli_5                            
0000dfb4  __mspabi_slli_6                            
0000dfb2  __mspabi_slli_7                            
0000dfb0  __mspabi_slli_8                            
0000dfae  __mspabi_slli_9                            
0000dcc4  __mspabi_srli                              
0000dd0a  __mspabi_srli_1                            
0000dce6  __mspabi_srli_10                           
0000dce2  __mspabi_srli_11                           
0000dcde  __mspabi_srli_12                           
0000dcda  __mspabi_srli_13                           
0000dcd6  __mspabi_srli_14                           
0000dcd2  __mspabi_srli_15                           
0000dd06  __mspabi_srli_2                            
0000dd02  __mspabi_srli_3                            
0000dcfe  __mspabi_srli_4                            
0000dcfa  __mspabi_srli_5                            
0000dcf6  __mspabi_srli_6                            
0000dcf2  __mspabi_srli_7                            
0000dcee  __mspabi_srli_8                            
0000dcea  __mspabi_srli_9                            
0000e0a4  _c_int00_noargs                            
0000c5c4  _ctypes_                                   
0000fffe  _reset_vector                              
00002f60  _stack                                     
0000e320  _system_post_cinit                         
0000e31c  _system_pre_init                           
0000e316  abort                                      
0000c71e  action                                     
0000d982  atol                                       
0000ca8a  cmdLine                                    
000020bf  cycleDone                                  
000020be  cycleX                                     
00002000  dataRX                                     
00002078  dataTX                                     
0000df06  getADCValue                                
0000db14  initADC                                    
0000de9c  initClockTo16MHz                           
0000e262  initDAC                                    
0000da52  initGPIO                                   
0000d6aa  initHardware                               
0000d732  initI2C                                    
0000d9ea  initSPI                                    
0000dc74  initTimer                                  
0000d918  initURAT                                   
000020aa  last_Inp                                   
000020ac  last_N                                     
000020a6  last_refPot                                
000020bd  last_updated                               
000020a8  last_wPot                                  
0000cf74  main                                       
0000e230  memcpy                                     
000020a0  numberOfSteps                              
000020c6  outIndex                                   
000020b8  outInp_even                                
000020b6  outInp_odd                                 
000020ba  outN                                       
000020b0  outRefPot_even                             
000020ae  outRefPot_odd                              
000020bc  outSend                                    
000020b4  outWorkPot_even                            
000020b2  outWorkPot_odd                             
000020c0  readADCNow                                 
0000209a  refIncEven                                 
00002098  refIncOdd                                  
0000208e  refPot                                     
000020a2  sRunning                                   
0000d2ce  sendData                                   
0000dd5a  sendResponse                               
0000e06a  send_Buffer                                
0000e0c0  send_buf                                   
0000e17e  setDAC                                     
0000e0f6  setTimer                                   
0000dfc2  strncpy                                    
00002092  timerBaseStep                              
00002094  timerBaseStep1                             
00002096  timerBaseStep2                             
000020d6  tmp                                        
0000209e  wIncEven                                   
0000209c  wIncOdd                                    
00002090  wPot                                       


GLOBAL SYMBOLS: SORTED BY Symbol Address 

address   name                                       
-------   ----                                       
000000a0  __STACK_SIZE                               
00000100  SFRIE1                                     
00000100  SFRIE1_L                                   
00000101  SFRIE1_H                                   
00000102  SFRIFG1                                    
00000102  SFRIFG1_L                                  
00000103  SFRIFG1_H                                  
00000104  SFRRPCR                                    
00000104  SFRRPCR_L                                  
00000105  SFRRPCR_H                                  
00000120  PMMCTL0                                    
00000120  PMMCTL0_L                                  
00000121  PMMCTL0_H                                  
00000122  PMMCTL1                                    
00000122  PMMCTL1_L                                  
00000123  PMMCTL1_H                                  
00000124  PMMCTL2                                    
00000124  PMMCTL2_L                                  
00000125  PMMCTL2_H                                  
0000012a  PMMIFG                                     
0000012a  PMMIFG_L                                   
0000012b  PMMIFG_H                                   
0000012e  PMMIE                                      
0000012e  PMMIE_L                                    
0000012f  PMMIE_H                                    
00000130  PM5CTL0                                    
00000130  PM5CTL0_L                                  
00000131  PM5CTL0_H                                  
00000140  SYSCTL                                     
00000140  SYSCTL_L                                   
00000141  SYSCTL_H                                   
00000142  SYSBSLC                                    
00000142  SYSBSLC_L                                  
00000143  SYSBSLC_H                                  
00000146  SYSJMBC                                    
00000146  SYSJMBC_L                                  
00000147  SYSJMBC_H                                  
00000148  SYSJMBI0                                   
00000148  SYSJMBI0_L                                 
00000149  SYSJMBI0_H                                 
0000014a  SYSJMBI1                                   
0000014a  SYSJMBI1_L                                 
0000014b  SYSJMBI1_H                                 
0000014c  SYSJMBO0                                   
0000014c  SYSJMBO0_L                                 
0000014d  SYSJMBO0_H                                 
0000014e  SYSJMBO1                                   
0000014e  SYSJMBO1_L                                 
0000014f  SYSJMBO1_H                                 
00000158  SYSBERRIV                                  
00000158  SYSBERRIV_L                                
00000159  SYSBERRIV_H                                
0000015a  SYSUNIV                                    
0000015a  SYSUNIV_L                                  
0000015b  SYSUNIV_H                                  
0000015c  SYSSNIV                                    
0000015c  SYSSNIV_L                                  
0000015d  SYSSNIV_H                                  
0000015e  SYSRSTIV                                   
0000015e  SYSRSTIV_L                                 
0000015f  SYSRSTIV_H                                 
00000160  SYSCFG0                                    
00000160  SYSCFG0_L                                  
00000161  SYSCFG0_H                                  
00000162  SYSCFG1                                    
00000162  SYSCFG1_L                                  
00000163  SYSCFG1_H                                  
00000164  SYSCFG2                                    
00000164  SYSCFG2_L                                  
00000165  SYSCFG2_H                                  
00000180  CSCTL0                                     
00000180  CSCTL0_L                                   
00000181  CSCTL0_H                                   
00000182  CSCTL1                                     
00000182  CSCTL1_L                                   
00000183  CSCTL1_H                                   
00000184  CSCTL2                                     
00000184  CSCTL2_L                                   
00000185  CSCTL2_H                                   
00000186  CSCTL3                                     
00000186  CSCTL3_L                                   
00000187  CSCTL3_H                                   
00000188  CSCTL4                                     
00000188  CSCTL4_L                                   
00000189  CSCTL4_H                                   
0000018a  CSCTL5                                     
0000018a  CSCTL5_L                                   
0000018b  CSCTL5_H                                   
0000018c  CSCTL6                                     
0000018c  CSCTL6_L                                   
0000018d  CSCTL6_H                                   
0000018e  CSCTL7                                     
0000018e  CSCTL7_L                                   
0000018f  CSCTL7_H                                   
00000190  CSCTL8                                     
00000190  CSCTL8_L                                   
00000191  CSCTL8_H                                   
000001a0  FRCTL0                                     
000001a0  FRCTL0_L                                   
000001a1  FRCTL0_H                                   
000001a4  GCCTL0                                     
000001a4  GCCTL0_L                                   
000001a5  GCCTL0_H                                   
000001a6  GCCTL1                                     
000001a6  GCCTL1_L                                   
000001a7  GCCTL1_H                                   
000001c0  CRCDI                                      
000001c0  CRCDI_L                                    
000001c1  CRCDI_H                                    
000001c2  CRCDIRB                                    
000001c2  CRCDIRB_L                                  
000001c3  CRCDIRB_H                                  
000001c4  CRCINIRES                                  
000001c4  CRCINIRES_L                                
000001c5  CRCINIRES_H                                
000001c6  CRCRESR                                    
000001c6  CRCRESR_L                                  
000001c7  CRCRESR_H                                  
000001cc  WDTCTL                                     
000001cc  WDTCTL_L                                   
000001cd  WDTCTL_H                                   
00000200  PAIN                                       
00000200  PAIN_L                                     
00000201  PAIN_H                                     
00000202  PAOUT                                      
00000202  PAOUT_L                                    
00000203  PAOUT_H                                    
00000204  PADIR                                      
00000204  PADIR_L                                    
00000205  PADIR_H                                    
00000206  PAREN                                      
00000206  PAREN_L                                    
00000207  PAREN_H                                    
0000020a  PASEL0                                     
0000020a  PASEL0_L                                   
0000020b  PASEL0_H                                   
0000020c  PASEL1                                     
0000020c  PASEL1_L                                   
0000020d  PASEL1_H                                   
0000020e  P1IV                                       
00000218  PAIES                                      
00000218  PAIES_L                                    
00000219  PAIES_H                                    
0000021a  PAIE                                       
0000021a  PAIE_L                                     
0000021b  PAIE_H                                     
0000021c  PAIFG                                      
0000021c  PAIFG_L                                    
0000021d  PAIFG_H                                    
0000021e  P2IV                                       
00000220  PBIN                                       
00000220  PBIN_L                                     
00000221  PBIN_H                                     
00000222  PBOUT                                      
00000222  PBOUT_L                                    
00000223  PBOUT_H                                    
00000224  PBDIR                                      
00000224  PBDIR_L                                    
00000225  PBDIR_H                                    
00000226  PBREN                                      
00000226  PBREN_L                                    
00000227  PBREN_H                                    
0000022a  PBSEL0                                     
0000022a  PBSEL0_L                                   
0000022b  PBSEL0_H                                   
0000022c  PBSEL1                                     
0000022c  PBSEL1_L                                   
0000022d  PBSEL1_H                                   
00000300  RTCCTL                                     
00000300  RTCCTL_L                                   
00000301  RTCCTL_H                                   
00000304  RTCIV                                      
00000304  RTCIV_L                                    
00000305  RTCIV_H                                    
00000308  RTCMOD                                     
00000308  RTCMOD_L                                   
00000309  RTCMOD_H                                   
0000030c  RTCCNT                                     
0000030c  RTCCNT_L                                   
0000030d  RTCCNT_H                                   
00000380  TA0CTL                                     
00000382  TA0CCTL0                                   
00000384  TA0CCTL1                                   
00000386  TA0CCTL2                                   
00000390  TA0R                                       
00000392  TA0CCR0                                    
00000394  TA0CCR1                                    
00000396  TA0CCR2                                    
000003a0  TA0EX0                                     
000003ae  TA0IV                                      
000003c0  TA1CTL                                     
000003c2  TA1CCTL0                                   
000003c4  TA1CCTL1                                   
000003c6  TA1CCTL2                                   
000003d0  TA1R                                       
000003d2  TA1CCR0                                    
000003d4  TA1CCR1                                    
000003d6  TA1CCR2                                    
000003e0  TA1EX0                                     
000003ee  TA1IV                                      
00000400  TA2CTL                                     
00000402  TA2CCTL0                                   
00000404  TA2CCTL1                                   
00000410  TA2R                                       
00000412  TA2CCR0                                    
00000414  TA2CCR1                                    
00000420  TA2EX0                                     
0000042e  TA2IV                                      
00000440  TA3CTL                                     
00000442  TA3CCTL0                                   
00000444  TA3CCTL1                                   
00000450  TA3R                                       
00000452  TA3CCR0                                    
00000454  TA3CCR1                                    
00000460  TA3EX0                                     
0000046e  TA3IV                                      
000004c0  MPY                                        
000004c0  MPY_L                                      
000004c1  MPY_H                                      
000004c2  MPYS                                       
000004c2  MPYS_L                                     
000004c3  MPYS_H                                     
000004c4  MAC                                        
000004c4  MAC_L                                      
000004c5  MAC_H                                      
000004c6  MACS                                       
000004c6  MACS_L                                     
000004c7  MACS_H                                     
000004c8  OP2                                        
000004c8  OP2_L                                      
000004c9  OP2_H                                      
000004ca  RESLO                                      
000004ca  RESLO_L                                    
000004cb  RESLO_H                                    
000004cc  RESHI                                      
000004cc  RESHI_L                                    
000004cd  RESHI_H                                    
000004ce  SUMEXT                                     
000004ce  SUMEXT_L                                   
000004cf  SUMEXT_H                                   
000004d0  MPY32L                                     
000004d0  MPY32L_L                                   
000004d1  MPY32L_H                                   
000004d2  MPY32H                                     
000004d2  MPY32H_L                                   
000004d3  MPY32H_H                                   
000004d4  MPYS32L                                    
000004d4  MPYS32L_L                                  
000004d5  MPYS32L_H                                  
000004d6  MPYS32H                                    
000004d6  MPYS32H_L                                  
000004d7  MPYS32H_H                                  
000004d8  MAC32L                                     
000004d8  MAC32L_L                                   
000004d9  MAC32L_H                                   
000004da  MAC32H                                     
000004da  MAC32H_L                                   
000004db  MAC32H_H                                   
000004dc  MACS32L                                    
000004dc  MACS32L_L                                  
000004dd  MACS32L_H                                  
000004de  MACS32H                                    
000004de  MACS32H_L                                  
000004df  MACS32H_H                                  
000004e0  OP2L                                       
000004e0  OP2L_L                                     
000004e1  OP2L_H                                     
000004e2  OP2H                                       
000004e2  OP2H_L                                     
000004e3  OP2H_H                                     
000004e4  RES0                                       
000004e4  RES0_L                                     
000004e5  RES0_H                                     
000004e6  RES1                                       
000004e6  RES1_L                                     
000004e7  RES1_H                                     
000004e8  RES2                                       
000004e8  RES2_L                                     
000004e9  RES2_H                                     
000004ea  RES3                                       
000004ea  RES3_L                                     
000004eb  RES3_H                                     
000004ec  MPY32CTL0                                  
000004ec  MPY32CTL0_L                                
000004ed  MPY32CTL0_H                                
00000500  UCA0CTLW0                                  
00000500  UCA0CTLW0_L                                
00000501  UCA0CTLW0_H                                
00000502  UCA0CTLW1                                  
00000502  UCA0CTLW1_L                                
00000503  UCA0CTLW1_H                                
00000506  UCA0BRW                                    
00000506  UCA0BRW_L                                  
00000507  UCA0BRW_H                                  
00000508  UCA0MCTLW                                  
00000508  UCA0MCTLW_L                                
00000509  UCA0MCTLW_H                                
0000050a  UCA0STATW                                  
0000050c  UCA0RXBUF                                  
0000050c  UCA0RXBUF_L                                
0000050d  UCA0RXBUF_H                                
0000050e  UCA0TXBUF                                  
0000050e  UCA0TXBUF_L                                
0000050f  UCA0TXBUF_H                                
00000510  UCA0ABCTL                                  
00000512  UCA0IRCTL                                  
00000512  UCA0IRCTL_L                                
00000513  UCA0IRCTL_H                                
0000051a  UCA0IE                                     
0000051a  UCA0IE_L                                   
0000051b  UCA0IE_H                                   
0000051c  UCA0IFG                                    
0000051c  UCA0IFG_L                                  
0000051d  UCA0IFG_H                                  
0000051e  UCA0IV                                     
00000520  UCA1CTLW0                                  
00000520  UCA1CTLW0_L                                
00000521  UCA1CTLW0_H                                
00000522  UCA1CTLW1                                  
00000522  UCA1CTLW1_L                                
00000523  UCA1CTLW1_H                                
00000526  UCA1BRW                                    
00000526  UCA1BRW_L                                  
00000527  UCA1BRW_H                                  
00000528  UCA1MCTLW                                  
00000528  UCA1MCTLW_L                                
00000529  UCA1MCTLW_H                                
0000052a  UCA1STATW                                  
0000052c  UCA1RXBUF                                  
0000052c  UCA1RXBUF_L                                
0000052d  UCA1RXBUF_H                                
0000052e  UCA1TXBUF                                  
0000052e  UCA1TXBUF_L                                
0000052f  UCA1TXBUF_H                                
00000530  UCA1ABCTL                                  
00000532  UCA1IRCTL                                  
00000532  UCA1IRCTL_L                                
00000533  UCA1IRCTL_H                                
0000053a  UCA1IE                                     
0000053a  UCA1IE_L                                   
0000053b  UCA1IE_H                                   
0000053c  UCA1IFG                                    
0000053c  UCA1IFG_L                                  
0000053d  UCA1IFG_H                                  
0000053e  UCA1IV                                     
00000540  UCB0CTLW0                                  
00000540  UCB0CTLW0_L                                
00000541  UCB0CTLW0_H                                
00000542  UCB0CTLW1                                  
00000542  UCB0CTLW1_L                                
00000543  UCB0CTLW1_H                                
00000546  UCB0BRW                                    
00000546  UCB0BRW_L                                  
00000547  UCB0BRW_H                                  
00000548  UCB0STATW                                  
00000548  UCB0STATW_L                                
00000549  UCB0STATW_H                                
0000054a  UCB0TBCNT                                  
0000054a  UCB0TBCNT_L                                
0000054b  UCB0TBCNT_H                                
0000054c  UCB0RXBUF                                  
0000054c  UCB0RXBUF_L                                
0000054d  UCB0RXBUF_H                                
0000054e  UCB0TXBUF                                  
0000054e  UCB0TXBUF_L                                
0000054f  UCB0TXBUF_H                                
00000554  UCB0I2COA0                                 
00000554  UCB0I2COA0_L                               
00000555  UCB0I2COA0_H                               
00000556  UCB0I2COA1                                 
00000556  UCB0I2COA1_L                               
00000557  UCB0I2COA1_H                               
00000558  UCB0I2COA2                                 
00000558  UCB0I2COA2_L                               
00000559  UCB0I2COA2_H                               
0000055a  UCB0I2COA3                                 
0000055a  UCB0I2COA3_L                               
0000055b  UCB0I2COA3_H                               
0000055c  UCB0ADDRX                                  
0000055c  UCB0ADDRX_L                                
0000055d  UCB0ADDRX_H                                
0000055e  UCB0ADDMASK                                
0000055e  UCB0ADDMASK_L                              
0000055f  UCB0ADDMASK_H                              
00000560  UCB0I2CSA                                  
00000560  UCB0I2CSA_L                                
00000561  UCB0I2CSA_H                                
0000056a  UCB0IE                                     
0000056a  UCB0IE_L                                   
0000056b  UCB0IE_H                                   
0000056c  UCB0IFG                                    
0000056c  UCB0IFG_L                                  
0000056d  UCB0IFG_H                                  
0000056e  UCB0IV                                     
00000660  BAKMEM0                                    
00000660  BAKMEM0_L                                  
00000661  BAKMEM0_H                                  
00000662  BAKMEM1                                    
00000662  BAKMEM1_L                                  
00000663  BAKMEM1_H                                  
00000664  BAKMEM2                                    
00000664  BAKMEM2_L                                  
00000665  BAKMEM2_H                                  
00000666  BAKMEM3                                    
00000666  BAKMEM3_L                                  
00000667  BAKMEM3_H                                  
00000668  BAKMEM4                                    
00000668  BAKMEM4_L                                  
00000669  BAKMEM4_H                                  
0000066a  BAKMEM5                                    
0000066a  BAKMEM5_L                                  
0000066b  BAKMEM5_H                                  
0000066c  BAKMEM6                                    
0000066c  BAKMEM6_L                                  
0000066d  BAKMEM6_H                                  
0000066e  BAKMEM7                                    
0000066e  BAKMEM7_L                                  
0000066f  BAKMEM7_H                                  
00000670  BAKMEM8                                    
00000670  BAKMEM8_L                                  
00000671  BAKMEM8_H                                  
00000672  BAKMEM9                                    
00000672  BAKMEM9_L                                  
00000673  BAKMEM9_H                                  
00000674  BAKMEM10                                   
00000674  BAKMEM10_L                                 
00000675  BAKMEM10_H                                 
00000676  BAKMEM11                                   
00000676  BAKMEM11_L                                 
00000677  BAKMEM11_H                                 
00000678  BAKMEM12                                   
00000678  BAKMEM12_L                                 
00000679  BAKMEM12_H                                 
0000067a  BAKMEM13                                   
0000067a  BAKMEM13_L                                 
0000067b  BAKMEM13_H                                 
0000067c  BAKMEM14                                   
0000067c  BAKMEM14_L                                 
0000067d  BAKMEM14_H                                 
0000067e  BAKMEM15                                   
0000067e  BAKMEM15_L                                 
0000067f  BAKMEM15_H                                 
00000700  ADCCTL0                                    
00000700  ADCCTL0_L                                  
00000701  ADCCTL0_H                                  
00000702  ADCCTL1                                    
00000702  ADCCTL1_L                                  
00000703  ADCCTL1_H                                  
00000704  ADCCTL2                                    
00000704  ADCCTL2_L                                  
00000705  ADCCTL2_H                                  
00000706  ADCLO                                      
00000706  ADCLO_L                                    
00000707  ADCLO_H                                    
00000708  ADCHI                                      
00000708  ADCHI_L                                    
00000709  ADCHI_H                                    
0000070a  ADCMCTL0                                   
0000070a  ADCMCTL0_L                                 
0000070b  ADCMCTL0_H                                 
00000712  ADCMEM0                                    
00000712  ADCMEM0_L                                  
00000713  ADCMEM0_H                                  
0000071a  ADCIE                                      
0000071a  ADCIE_L                                    
0000071b  ADCIE_H                                    
0000071c  ADCIFG                                     
0000071c  ADCIFG_L                                   
0000071d  ADCIFG_H                                   
0000071e  ADCIV                                      
0000071e  ADCIV_L                                    
0000071f  ADCIV_H                                    
00002000  dataRX                                     
00002078  dataTX                                     
0000208c  RXData                                     
0000208e  refPot                                     
00002090  wPot                                       
00002092  timerBaseStep                              
00002094  timerBaseStep1                             
00002096  timerBaseStep2                             
00002098  refIncOdd                                  
0000209a  refIncEven                                 
0000209c  wIncOdd                                    
0000209e  wIncEven                                   
000020a0  numberOfSteps                              
000020a2  sRunning                                   
000020a4  Nstep                                      
000020a6  last_refPot                                
000020a8  last_wPot                                  
000020aa  last_Inp                                   
000020ac  last_N                                     
000020ae  outRefPot_odd                              
000020b0  outRefPot_even                             
000020b2  outWorkPot_odd                             
000020b4  outWorkPot_even                            
000020b6  outInp_odd                                 
000020b8  outInp_even                                
000020ba  outN                                       
000020bc  outSend                                    
000020bd  last_updated                               
000020be  cycleX                                     
000020bf  cycleDone                                  
000020c0  readADCNow                                 
000020c2  ADCsum                                     
000020c6  outIndex                                   
000020c8  RxIndex                                    
000020ca  MEMA                                       
000020cb  REGA                                       
000020cc  MASK                                       
000020cd  REGDAT                                     
000020ce  NAKFlag                                    
000020cf  NFCReadREGDataFlag                         
000020d0  NFCReadDataFlag                            
000020d1  NFCWriteREGDataFlag                        
000020d2  NFCWriteDataFlag                           
000020d3  TXByteCtr                                  
000020d4  RXCOUNT                                    
000020d6  tmp                                        
000020dc  NFCReadData                                
000020f0  NFCWriteData                               
00002f60  _stack                                     
00003000  __STACK_END                                
0000c418  __TI_Handler_Table_Base                    
0000c41e  __TI_Handler_Table_Limit                   
0000c422  __TI_CINIT_Base                            
0000c42a  __TI_CINIT_Limit                           
0000c42a  __TI_CINIT_Warm                            
0000c5c4  _ctypes_                                   
0000c71e  action                                     
0000ca8a  cmdLine                                    
0000cd46  TIMER1_A0_ISR                              
0000cf74  main                                       
0000d136  CS_initClockSignal                         
0000d208  CS_initFLL                                 
0000d2ce  sendData                                   
0000d438  SPI_masterSendMultipleByte                 
0000d4e0  USCIB0_ISR                                 
0000d584  EUSCI_A_UART_init                          
0000d6aa  initHardware                               
0000d732  initI2C                                    
0000d7b2  __TI_decompress_lzss                       
0000d8aa  USCI_A0_ISR                                
0000d918  initURAT                                   
0000d982  atol                                       
0000d9ea  initSPI                                    
0000da52  initGPIO                                   
0000dab4  Timer_A_initUpMode                         
0000db14  initADC                                    
0000db6e  __TI_auto_init_nobinit_nopinit_hold_wdt    
0000dbc6  __mspabi_divul                             
0000dbc6  __mspabi_remul                             
0000dc1e  EUSCI_A_SPI_initMaster                     
0000dc74  initTimer                                  
0000dcc4  __mspabi_srli                              
0000dcd2  __mspabi_srli_15                           
0000dcd6  __mspabi_srli_14                           
0000dcda  __mspabi_srli_13                           
0000dcde  __mspabi_srli_12                           
0000dce2  __mspabi_srli_11                           
0000dce6  __mspabi_srli_10                           
0000dcea  __mspabi_srli_9                            
0000dcee  __mspabi_srli_8                            
0000dcf2  __mspabi_srli_7                            
0000dcf6  __mspabi_srli_6                            
0000dcfa  __mspabi_srli_5                            
0000dcfe  __mspabi_srli_4                            
0000dd02  __mspabi_srli_3                            
0000dd06  __mspabi_srli_2                            
0000dd0a  __mspabi_srli_1                            
0000dd10  EUSCI_B_I2C_initMaster                     
0000dd5a  sendResponse                               
0000dda2  GPIO_setAsPeripheralModuleFunctionInputPin 
0000dde2  GPIO_setAsPeripheralModuleFunctionOutputPin
0000de22  __mspabi_divli                             
0000de22  __mspabi_remli                             
0000de62  CS_initFLLSettle                           
0000de9c  initClockTo16MHz                           
0000ded2  ADC_init                                   
0000df06  getADCValue                                
0000df3a  ADC_configureMemory                        
0000df6a  __mspabi_divi                              
0000df6a  __mspabi_remi                              
0000df96  __mspabi_slli                              
0000dfa2  __mspabi_slli_15                           
0000dfa4  __mspabi_slli_14                           
0000dfa6  __mspabi_slli_13                           
0000dfa8  __mspabi_slli_12                           
0000dfaa  __mspabi_slli_11                           
0000dfac  __mspabi_slli_10                           
0000dfae  __mspabi_slli_9                            
0000dfb0  __mspabi_slli_8                            
0000dfb2  __mspabi_slli_7                            
0000dfb4  __mspabi_slli_6                            
0000dfb6  __mspabi_slli_5                            
0000dfb8  __mspabi_slli_4                            
0000dfba  __mspabi_slli_3                            
0000dfbc  __mspabi_slli_2                            
0000dfbe  __mspabi_slli_1                            
0000dfc2  strncpy                                    
0000dfee  CS_getSMCLK                                
0000e00e  __mspabi_mpyl_f5hw                         
0000e02e  ADC_disableConversions                     
0000e04c  GPIO_setAsOutputPin                        
0000e06a  send_Buffer                                
0000e088  WriteRegisterToDAC                         
0000e0a4  _c_int00_noargs                            
0000e0c0  send_buf                                   
0000e0dc  EUSCI_A_UART_enableInterrupt               
0000e0f6  setTimer                                   
0000e110  ADC_startConversion                        
0000e126  GPIO_setOutputHighOnPin                    
0000e13c  GPIO_setOutputLowOnPin                     
0000e152  WDT_A_hold                                 
0000e168  __mspabi_divu                              
0000e168  __mspabi_remu                              
0000e17e  setDAC                                     
0000e194  ADC_setupSamplingTimer                     
0000e1a8  EUSCI_A_UART_transmitData                  
0000e1bc  EUSCI_B_I2C_masterReceiveSingle            
0000e1d0  EUSCI_B_I2C_masterSendMultiByteNext        
0000e1e4  __TI_zero_init_nomemset                    
0000e1f8  __mspabi_mpyi_f5hw                         
0000e20c  EUSCI_B_I2C_masterSendMultiByteStop        
0000e21e  __TI_decompress_none                       
0000e230  memcpy                                     
0000e242  PMM_enableInternalReference                
0000e252  __mspabi_func_epilog_7                     
0000e254  __mspabi_func_epilog_6                     
0000e256  __mspabi_func_epilog_5                     
0000e258  __mspabi_func_epilog_4                     
0000e25a  __mspabi_func_epilog_3                     
0000e25c  __mspabi_func_epilog_2                     
0000e25e  __mspabi_func_epilog_1                     
0000e262  initDAC                                    
0000e270  EUSCI_B_I2C_masterReceiveStart             
0000e27c  EUSCI_B_I2C_setMode                        
0000e288  Timer_A_startCounter                       
0000e294  PMM_getVariableReferenceVoltageStatus      
0000e29e  ADC_enable                                 
0000e2a6  ADC_getInterruptStatus                     
0000e2ae  EUSCI_B_I2C_masterIsStopSent               
0000e2b6  EUSCI_B_I2C_setSlaveAddress                
0000e2be  Timer_A_setCompareValue                    
0000e2c6  __TI_ISR_TRAP                              
0000e2ce  ADC_clearInterrupt                         
0000e2d4  ADC_enableInterrupt                        
0000e2da  ADC_getResults                             
0000e2e0  EUSCI_A_SPI_enable                         
0000e2e6  EUSCI_A_UART_clearInterrupt                
0000e2ec  EUSCI_A_UART_enable                        
0000e2f2  EUSCI_B_I2C_clearInterrupt                 
0000e2f8  EUSCI_B_I2C_enable                         
0000e2fe  EUSCI_B_I2C_enableInterrupt                
0000e304  EUSCI_B_I2C_masterReceiveMultiByteStop     
0000e30a  EUSCI_B_I2C_masterSendStart                
0000e310  PMM_unlockLPM5                             
0000e316  C$$EXIT                                    
0000e316  abort                                      
0000e31c  _system_pre_init                           
0000e320  _system_post_cinit                         
0000ffda  __TI_int41                                 
0000ffdc  __TI_int42                                 
0000ffde  __TI_int43                                 
0000ffe0  __TI_int44                                 
0000ffe2  __TI_int45                                 
0000ffe4  __TI_int46                                 
0000ffe6  __TI_int47                                 
0000ffe8  __TI_int48                                 
0000ffea  __TI_int49                                 
0000ffec  __TI_int50                                 
0000ffee  __TI_int51                                 
0000fff0  __TI_int52                                 
0000fff2  __TI_int53                                 
0000fff4  __TI_int54                                 
0000fff6  __TI_int55                                 
0000fff8  __TI_int56                                 
0000fffa  __TI_int57                                 
0000fffc  __TI_int58                                 
0000fffe  _reset_vector                              
ffffffff  __TI_pprof_out_hndl                        
ffffffff  __TI_prof_data_size                        
ffffffff  __TI_prof_data_start                       
ffffffff  __c_args__                                 

[683 symbols]
