<?xml version="1.0" encoding="ISO-8859-1" ?>
<link_info>
   <banner>MSP430 Linker PC v21.6.1.LTS</banner>
   <copyright>Copyright (c) 2003-2018 Texas Instruments Incorporated</copyright>
   <link_time>0x64ed6191</link_time>
   <link_errors>0x1</link_errors>
   <output_file>emptyProject.out</output_file>
   <entry_point>
      <name>_c_int00_noargs</name>
      <address>0xe00</address>
   </entry_point>
   <input_file_list>
      <input_file id="fl-2">
         <path>.\</path>
         <kind>object</kind>
         <file>main.obj</file>
         <name>main.obj</name>
      </input_file>
      <input_file id="fl-3">
         <path>.\driverlib\MSP430FR2xx_4xx\</path>
         <kind>object</kind>
         <file>adc.obj</file>
         <name>adc.obj</name>
      </input_file>
      <input_file id="fl-4">
         <path>.\driverlib\MSP430FR2xx_4xx\</path>
         <kind>object</kind>
         <file>crc.obj</file>
         <name>crc.obj</name>
      </input_file>
      <input_file id="fl-5">
         <path>.\driverlib\MSP430FR2xx_4xx\</path>
         <kind>object</kind>
         <file>cs.obj</file>
         <name>cs.obj</name>
      </input_file>
      <input_file id="fl-6">
         <path>.\driverlib\MSP430FR2xx_4xx\</path>
         <kind>object</kind>
         <file>ecomp.obj</file>
         <name>ecomp.obj</name>
      </input_file>
      <input_file id="fl-7">
         <path>.\driverlib\MSP430FR2xx_4xx\</path>
         <kind>object</kind>
         <file>eusci_a_spi.obj</file>
         <name>eusci_a_spi.obj</name>
      </input_file>
      <input_file id="fl-8">
         <path>.\driverlib\MSP430FR2xx_4xx\</path>
         <kind>object</kind>
         <file>eusci_a_uart.obj</file>
         <name>eusci_a_uart.obj</name>
      </input_file>
      <input_file id="fl-9">
         <path>.\driverlib\MSP430FR2xx_4xx\</path>
         <kind>object</kind>
         <file>eusci_b_i2c.obj</file>
         <name>eusci_b_i2c.obj</name>
      </input_file>
      <input_file id="fl-a">
         <path>.\driverlib\MSP430FR2xx_4xx\</path>
         <kind>object</kind>
         <file>eusci_b_spi.obj</file>
         <name>eusci_b_spi.obj</name>
      </input_file>
      <input_file id="fl-b">
         <path>.\driverlib\MSP430FR2xx_4xx\</path>
         <kind>object</kind>
         <file>framctl.obj</file>
         <name>framctl.obj</name>
      </input_file>
      <input_file id="fl-c">
         <path>.\driverlib\MSP430FR2xx_4xx\</path>
         <kind>object</kind>
         <file>gpio.obj</file>
         <name>gpio.obj</name>
      </input_file>
      <input_file id="fl-d">
         <path>.\driverlib\MSP430FR2xx_4xx\</path>
         <kind>object</kind>
         <file>icc.obj</file>
         <name>icc.obj</name>
      </input_file>
      <input_file id="fl-e">
         <path>.\driverlib\MSP430FR2xx_4xx\</path>
         <kind>object</kind>
         <file>lcd_e.obj</file>
         <name>lcd_e.obj</name>
      </input_file>
      <input_file id="fl-f">
         <path>.\driverlib\MSP430FR2xx_4xx\</path>
         <kind>object</kind>
         <file>mpy32.obj</file>
         <name>mpy32.obj</name>
      </input_file>
      <input_file id="fl-10">
         <path>.\driverlib\MSP430FR2xx_4xx\</path>
         <kind>object</kind>
         <file>pmm.obj</file>
         <name>pmm.obj</name>
      </input_file>
      <input_file id="fl-11">
         <path>.\driverlib\MSP430FR2xx_4xx\</path>
         <kind>object</kind>
         <file>rtc.obj</file>
         <name>rtc.obj</name>
      </input_file>
      <input_file id="fl-12">
         <path>.\driverlib\MSP430FR2xx_4xx\</path>
         <kind>object</kind>
         <file>sac.obj</file>
         <name>sac.obj</name>
      </input_file>
      <input_file id="fl-13">
         <path>.\driverlib\MSP430FR2xx_4xx\</path>
         <kind>object</kind>
         <file>sfr.obj</file>
         <name>sfr.obj</name>
      </input_file>
      <input_file id="fl-14">
         <path>.\driverlib\MSP430FR2xx_4xx\</path>
         <kind>object</kind>
         <file>sysctl.obj</file>
         <name>sysctl.obj</name>
      </input_file>
      <input_file id="fl-15">
         <path>.\driverlib\MSP430FR2xx_4xx\</path>
         <kind>object</kind>
         <file>tia.obj</file>
         <name>tia.obj</name>
      </input_file>
      <input_file id="fl-16">
         <path>.\driverlib\MSP430FR2xx_4xx\</path>
         <kind>object</kind>
         <file>timer_a.obj</file>
         <name>timer_a.obj</name>
      </input_file>
      <input_file id="fl-17">
         <path>.\driverlib\MSP430FR2xx_4xx\</path>
         <kind>object</kind>
         <file>timer_b.obj</file>
         <name>timer_b.obj</name>
      </input_file>
      <input_file id="fl-18">
         <path>.\driverlib\MSP430FR2xx_4xx\</path>
         <kind>object</kind>
         <file>tlv.obj</file>
         <name>tlv.obj</name>
      </input_file>
      <input_file id="fl-19">
         <path>.\driverlib\MSP430FR2xx_4xx\</path>
         <kind>object</kind>
         <file>wdt_a.obj</file>
         <name>wdt_a.obj</name>
      </input_file>
      <input_file id="fl-1c">
         <kind>object</kind>
         <file>&lt;internal&gt;</file>
         <name>&lt;internal&gt;</name>
      </input_file>
      <input_file id="fl-32">
         <path>D:\Program Files\ti\ccs1240\ccs\tools\compiler\ti-cgt-msp430_21.6.1.LTS\lib\</path>
         <kind>archive</kind>
         <file>rts430x_lc_sd_eabi.lib</file>
         <name>div16s.asm.obj</name>
      </input_file>
      <input_file id="fl-33">
         <path>D:\Program Files\ti\ccs1240\ccs\tools\compiler\ti-cgt-msp430_21.6.1.LTS\lib\</path>
         <kind>archive</kind>
         <file>rts430x_lc_sd_eabi.lib</file>
         <name>div16u.asm.obj</name>
      </input_file>
      <input_file id="fl-34">
         <path>D:\Program Files\ti\ccs1240\ccs\tools\compiler\ti-cgt-msp430_21.6.1.LTS\lib\</path>
         <kind>archive</kind>
         <file>rts430x_lc_sd_eabi.lib</file>
         <name>div32s.asm.obj</name>
      </input_file>
      <input_file id="fl-35">
         <path>D:\Program Files\ti\ccs1240\ccs\tools\compiler\ti-cgt-msp430_21.6.1.LTS\lib\</path>
         <kind>archive</kind>
         <file>rts430x_lc_sd_eabi.lib</file>
         <name>div32u.asm.obj</name>
      </input_file>
      <input_file id="fl-36">
         <path>D:\Program Files\ti\ccs1240\ccs\tools\compiler\ti-cgt-msp430_21.6.1.LTS\lib\</path>
         <kind>archive</kind>
         <file>rts430x_lc_sd_eabi.lib</file>
         <name>lsl16.asm.obj</name>
      </input_file>
      <input_file id="fl-37">
         <path>D:\Program Files\ti\ccs1240\ccs\tools\compiler\ti-cgt-msp430_21.6.1.LTS\lib\</path>
         <kind>archive</kind>
         <file>rts430x_lc_sd_eabi.lib</file>
         <name>lsr16.asm.obj</name>
      </input_file>
      <input_file id="fl-38">
         <path>D:\Program Files\ti\ccs1240\ccs\tools\compiler\ti-cgt-msp430_21.6.1.LTS\lib\</path>
         <kind>archive</kind>
         <file>rts430x_lc_sd_eabi.lib</file>
         <name>mult16.asm.obj</name>
      </input_file>
      <input_file id="fl-39">
         <path>D:\Program Files\ti\ccs1240\ccs\tools\compiler\ti-cgt-msp430_21.6.1.LTS\lib\</path>
         <kind>archive</kind>
         <file>rts430x_lc_sd_eabi.lib</file>
         <name>mult32.asm.obj</name>
      </input_file>
      <input_file id="fl-3a">
         <path>D:\Program Files\ti\ccs1240\ccs\tools\compiler\ti-cgt-msp430_21.6.1.LTS\lib\</path>
         <kind>archive</kind>
         <file>rts430x_lc_sd_eabi.lib</file>
         <name>boot.c.obj</name>
      </input_file>
      <input_file id="fl-3b">
         <path>D:\Program Files\ti\ccs1240\ccs\tools\compiler\ti-cgt-msp430_21.6.1.LTS\lib\</path>
         <kind>archive</kind>
         <file>rts430x_lc_sd_eabi.lib</file>
         <name>autoinit.c.obj</name>
      </input_file>
      <input_file id="fl-3c">
         <path>D:\Program Files\ti\ccs1240\ccs\tools\compiler\ti-cgt-msp430_21.6.1.LTS\lib\</path>
         <kind>archive</kind>
         <file>rts430x_lc_sd_eabi.lib</file>
         <name>copy_zero_init.c.obj</name>
      </input_file>
      <input_file id="fl-3d">
         <path>D:\Program Files\ti\ccs1240\ccs\tools\compiler\ti-cgt-msp430_21.6.1.LTS\lib\</path>
         <kind>archive</kind>
         <file>rts430x_lc_sd_eabi.lib</file>
         <name>cpy_tbl.c.obj</name>
      </input_file>
      <input_file id="fl-3e">
         <path>D:\Program Files\ti\ccs1240\ccs\tools\compiler\ti-cgt-msp430_21.6.1.LTS\lib\</path>
         <kind>archive</kind>
         <file>rts430x_lc_sd_eabi.lib</file>
         <name>mpu_init.c.obj</name>
      </input_file>
      <input_file id="fl-3f">
         <path>D:\Program Files\ti\ccs1240\ccs\tools\compiler\ti-cgt-msp430_21.6.1.LTS\lib\</path>
         <kind>archive</kind>
         <file>rts430x_lc_sd_eabi.lib</file>
         <name>pre_init.c.obj</name>
      </input_file>
      <input_file id="fl-40">
         <path>D:\Program Files\ti\ccs1240\ccs\tools\compiler\ti-cgt-msp430_21.6.1.LTS\lib\</path>
         <kind>archive</kind>
         <file>rts430x_lc_sd_eabi.lib</file>
         <name>startup.c.obj</name>
      </input_file>
      <input_file id="fl-41">
         <path>D:\Program Files\ti\ccs1240\ccs\tools\compiler\ti-cgt-msp430_21.6.1.LTS\lib\</path>
         <kind>archive</kind>
         <file>rts430x_lc_sd_eabi.lib</file>
         <name>copy_decompress_none.c.obj</name>
      </input_file>
      <input_file id="fl-42">
         <path>D:\Program Files\ti\ccs1240\ccs\tools\compiler\ti-cgt-msp430_21.6.1.LTS\lib\</path>
         <kind>archive</kind>
         <file>rts430x_lc_sd_eabi.lib</file>
         <name>copy_decompress_lzss.c.obj</name>
      </input_file>
      <input_file id="fl-43">
         <path>D:\Program Files\ti\ccs1240\ccs\tools\compiler\ti-cgt-msp430_21.6.1.LTS\lib\</path>
         <kind>archive</kind>
         <file>rts430x_lc_sd_eabi.lib</file>
         <name>exit.c.obj</name>
      </input_file>
      <input_file id="fl-44">
         <path>D:\Program Files\ti\ccs1240\ccs\tools\compiler\ti-cgt-msp430_21.6.1.LTS\lib\</path>
         <kind>archive</kind>
         <file>rts430x_lc_sd_eabi.lib</file>
         <name>_lock.c.obj</name>
      </input_file>
      <input_file id="fl-45">
         <path>D:\Program Files\ti\ccs1240\ccs\tools\compiler\ti-cgt-msp430_21.6.1.LTS\lib\</path>
         <kind>archive</kind>
         <file>rts430x_lc_sd_eabi.lib</file>
         <name>args_main.c.obj</name>
      </input_file>
      <input_file id="fl-46">
         <path>D:\Program Files\ti\ccs1240\ccs\tools\compiler\ti-cgt-msp430_21.6.1.LTS\lib\</path>
         <kind>archive</kind>
         <file>rts430x_lc_sd_eabi.lib</file>
         <name>atol.c.obj</name>
      </input_file>
      <input_file id="fl-47">
         <path>D:\Program Files\ti\ccs1240\ccs\tools\compiler\ti-cgt-msp430_21.6.1.LTS\lib\</path>
         <kind>archive</kind>
         <file>rts430x_lc_sd_eabi.lib</file>
         <name>ctype.c.obj</name>
      </input_file>
      <input_file id="fl-48">
         <path>D:\Program Files\ti\ccs1240\ccs\tools\compiler\ti-cgt-msp430_21.6.1.LTS\lib\</path>
         <kind>archive</kind>
         <file>rts430x_lc_sd_eabi.lib</file>
         <name>memcpy.c.obj</name>
      </input_file>
      <input_file id="fl-49">
         <path>D:\Program Files\ti\ccs1240\ccs\tools\compiler\ti-cgt-msp430_21.6.1.LTS\lib\</path>
         <kind>archive</kind>
         <file>rts430x_lc_sd_eabi.lib</file>
         <name>strncpy.c.obj</name>
      </input_file>
      <input_file id="fl-4a">
         <path>D:\Program Files\ti\ccs1240\ccs\tools\compiler\ti-cgt-msp430_21.6.1.LTS\lib\</path>
         <kind>archive</kind>
         <file>rts430x_lc_sd_eabi.lib</file>
         <name>cpy_util.asm.obj</name>
      </input_file>
      <input_file id="fl-4b">
         <path>D:\Program Files\ti\ccs1240\ccs\tools\compiler\ti-cgt-msp430_21.6.1.LTS\lib\</path>
         <kind>archive</kind>
         <file>rts430x_lc_sd_eabi.lib</file>
         <name>exit_gvars.c.obj</name>
      </input_file>
   </input_file_list>
   <object_component_list>
      <object_component id="oc-3">
         <name>.text:decompress:lzss:__TI_decompress_lzss</name>
         <load_address>0x200</load_address>
         <run_address>0x200</run_address>
         <size>0xee</size>
         <input_file_ref idref="fl-42"/>
      </object_component>
      <object_component id="oc-2aa">
         <name>.text:CS_initFLL</name>
         <load_address>0x2ee</load_address>
         <run_address>0x2ee</run_address>
         <size>0xc4</size>
         <input_file_ref idref="fl-5"/>
      </object_component>
      <object_component id="oc-1b0">
         <name>.text:CS_initClockSignal</name>
         <load_address>0x3b2</load_address>
         <run_address>0x3b2</run_address>
         <size>0xb8</size>
         <input_file_ref idref="fl-5"/>
      </object_component>
      <object_component id="oc-2c1">
         <name>.text:privateCSComputeCLKFrequency</name>
         <load_address>0x46a</load_address>
         <run_address>0x46a</run_address>
         <size>0xa8</size>
         <input_file_ref idref="fl-5"/>
      </object_component>
      <object_component id="oc-1da">
         <name>.text:EUSCI_A_UART_init</name>
         <load_address>0x512</load_address>
         <run_address>0x512</run_address>
         <size>0x8e</size>
         <input_file_ref idref="fl-8"/>
      </object_component>
      <object_component id="oc-313">
         <name>.text:privateCSSourceClockFromDCO</name>
         <load_address>0x5a0</load_address>
         <run_address>0x5a0</run_address>
         <size>0x8c</size>
         <input_file_ref idref="fl-5"/>
      </object_component>
      <object_component id="oc-a7">
         <name>.text:initHardware</name>
         <load_address>0x62c</load_address>
         <run_address>0x62c</run_address>
         <size>0x82</size>
         <input_file_ref idref="fl-2"/>
      </object_component>
      <object_component id="oc-303">
         <name>.text:privateDCORange</name>
         <load_address>0x6ae</load_address>
         <run_address>0x6ae</run_address>
         <size>0x7e</size>
         <input_file_ref idref="fl-5"/>
      </object_component>
      <object_component id="oc-2d0">
         <name>.text:SPI_masterSendMultipleByte</name>
         <load_address>0x72c</load_address>
         <run_address>0x72c</run_address>
         <size>0x70</size>
         <input_file_ref idref="fl-2"/>
      </object_component>
      <object_component id="oc-ee">
         <name>.text:__TI_auto_init_nobinit_nopinit_hold_wdt:__TI_auto_init_nobinit_nopinit_hold_wdt</name>
         <load_address>0x79c</load_address>
         <run_address>0x79c</run_address>
         <size>0x6a</size>
         <input_file_ref idref="fl-3b"/>
      </object_component>
      <object_component id="oc-122">
         <name>.text:initURAT</name>
         <load_address>0x806</load_address>
         <run_address>0x806</run_address>
         <size>0x6a</size>
         <input_file_ref idref="fl-2"/>
      </object_component>
      <object_component id="oc-12e">
         <name>.text:initSPI</name>
         <load_address>0x870</load_address>
         <run_address>0x870</run_address>
         <size>0x64</size>
         <input_file_ref idref="fl-2"/>
      </object_component>
      <object_component id="oc-256">
         <name>.text:Timer_A_initUpMode</name>
         <load_address>0x8d4</load_address>
         <run_address>0x8d4</run_address>
         <size>0x62</size>
         <input_file_ref idref="fl-16"/>
      </object_component>
      <object_component id="oc-116">
         <name>.text:initGPIO</name>
         <load_address>0x936</load_address>
         <run_address>0x936</run_address>
         <size>0x62</size>
         <input_file_ref idref="fl-2"/>
      </object_component>
      <object_component id="oc-140">
         <name>.text:initADC</name>
         <load_address>0x998</load_address>
         <run_address>0x998</run_address>
         <size>0x5a</size>
         <input_file_ref idref="fl-2"/>
      </object_component>
      <object_component id="oc-2c8">
         <name>.text</name>
         <load_address>0x9f2</load_address>
         <run_address>0x9f2</run_address>
         <size>0x58</size>
         <input_file_ref idref="fl-35"/>
      </object_component>
      <object_component id="oc-208">
         <name>.text:EUSCI_A_SPI_initMaster</name>
         <load_address>0xa4a</load_address>
         <run_address>0xa4a</run_address>
         <size>0x54</size>
         <input_file_ref idref="fl-7"/>
      </object_component>
      <object_component id="oc-7f">
         <name>.text:main</name>
         <load_address>0xa9e</load_address>
         <run_address>0xa9e</run_address>
         <size>0x52</size>
         <input_file_ref idref="fl-2"/>
      </object_component>
      <object_component id="oc-146">
         <name>.text:initTimer</name>
         <load_address>0xaf0</load_address>
         <run_address>0xaf0</run_address>
         <size>0x50</size>
         <input_file_ref idref="fl-2"/>
      </object_component>
      <object_component id="oc-20">
         <name>.text:__memcpy_far</name>
         <load_address>0xb40</load_address>
         <run_address>0xb40</run_address>
         <size>0x40</size>
         <input_file_ref idref="fl-4a"/>
      </object_component>
      <object_component id="oc-30e">
         <name>.text</name>
         <load_address>0xb80</load_address>
         <run_address>0xb80</run_address>
         <size>0x40</size>
         <input_file_ref idref="fl-34"/>
      </object_component>
      <object_component id="oc-2c">
         <name>.text:decompress:ZI:__TI_zero_init_nomemset:__TI_zero_init_nomemset</name>
         <load_address>0xbc0</load_address>
         <run_address>0xbc0</run_address>
         <size>0x3e</size>
         <input_file_ref idref="fl-3c"/>
      </object_component>
      <object_component id="oc-c3">
         <name>.text:sendResponse</name>
         <load_address>0xbfe</load_address>
         <run_address>0xbfe</run_address>
         <size>0x3e</size>
         <input_file_ref idref="fl-2"/>
      </object_component>
      <object_component id="oc-9">
         <name>.text:decompress:none:__TI_decompress_none</name>
         <load_address>0xc3c</load_address>
         <run_address>0xc3c</run_address>
         <size>0x3c</size>
         <input_file_ref idref="fl-41"/>
      </object_component>
      <object_component id="oc-222">
         <name>.text:ADC_init</name>
         <load_address>0xc78</load_address>
         <run_address>0xc78</run_address>
         <size>0x34</size>
         <input_file_ref idref="fl-3"/>
      </object_component>
      <object_component id="oc-1b6">
         <name>.text:CS_initFLLSettle</name>
         <load_address>0xcac</load_address>
         <run_address>0xcac</run_address>
         <size>0x34</size>
         <input_file_ref idref="fl-5"/>
      </object_component>
      <object_component id="oc-110">
         <name>.text:initClockTo16MHz</name>
         <load_address>0xce0</load_address>
         <run_address>0xce0</run_address>
         <size>0x34</size>
         <input_file_ref idref="fl-2"/>
      </object_component>
      <object_component id="oc-234">
         <name>.text:ADC_configureMemory</name>
         <load_address>0xd14</load_address>
         <run_address>0xd14</run_address>
         <size>0x30</size>
         <input_file_ref idref="fl-3"/>
      </object_component>
      <object_component id="oc-1c9">
         <name>.text:GPIO_setAsPeripheralModuleFunctionInputPin</name>
         <load_address>0xd44</load_address>
         <run_address>0xd44</run_address>
         <size>0x2e</size>
         <input_file_ref idref="fl-c"/>
      </object_component>
      <object_component id="oc-309">
         <name>.text</name>
         <load_address>0xd72</load_address>
         <run_address>0xd72</run_address>
         <size>0x2c</size>
         <input_file_ref idref="fl-32"/>
      </object_component>
      <object_component id="oc-337">
         <name>.text</name>
         <load_address>0xd9e</load_address>
         <run_address>0xd9e</run_address>
         <size>0x26</size>
         <input_file_ref idref="fl-39"/>
      </object_component>
      <object_component id="oc-16a">
         <name>.text:send_Buffer</name>
         <load_address>0xdc4</load_address>
         <run_address>0xdc4</run_address>
         <size>0x20</size>
         <input_file_ref idref="fl-2"/>
      </object_component>
      <object_component id="oc-21a">
         <name>.text:WriteRegisterToDAC</name>
         <load_address>0xde4</load_address>
         <run_address>0xde4</run_address>
         <size>0x1c</size>
         <input_file_ref idref="fl-2"/>
      </object_component>
      <object_component id="oc-3e">
         <name>.text:_isr:_c_int00_noargs</name>
         <load_address>0xe00</load_address>
         <run_address>0xe00</run_address>
         <size>0x1c</size>
         <input_file_ref idref="fl-3a"/>
      </object_component>
      <object_component id="oc-1bd">
         <name>.text:GPIO_setAsOutputPin</name>
         <load_address>0xe1c</load_address>
         <run_address>0xe1c</run_address>
         <size>0x1a</size>
         <input_file_ref idref="fl-c"/>
      </object_component>
      <object_component id="oc-128">
         <name>.text:send_buf</name>
         <load_address>0xe36</load_address>
         <run_address>0xe36</run_address>
         <size>0x1a</size>
         <input_file_ref idref="fl-2"/>
      </object_component>
      <object_component id="oc-202">
         <name>.text:CS_getSMCLK</name>
         <load_address>0xe50</load_address>
         <run_address>0xe50</run_address>
         <size>0x18</size>
         <input_file_ref idref="fl-5"/>
      </object_component>
      <object_component id="oc-bc">
         <name>.text:setTimer</name>
         <load_address>0xe68</load_address>
         <run_address>0xe68</run_address>
         <size>0x18</size>
         <input_file_ref idref="fl-2"/>
      </object_component>
      <object_component id="oc-1ec">
         <name>.text:EUSCI_A_UART_enableInterrupt</name>
         <load_address>0xe80</load_address>
         <run_address>0xe80</run_address>
         <size>0x16</size>
         <input_file_ref idref="fl-8"/>
      </object_component>
      <object_component id="oc-1c3">
         <name>.text:GPIO_setOutputHighOnPin</name>
         <load_address>0xe96</load_address>
         <run_address>0xe96</run_address>
         <size>0x16</size>
         <input_file_ref idref="fl-c"/>
      </object_component>
      <object_component id="oc-b0">
         <name>.text:GPIO_setOutputLowOnPin</name>
         <load_address>0xeac</load_address>
         <run_address>0xeac</run_address>
         <size>0x16</size>
         <input_file_ref idref="fl-c"/>
      </object_component>
      <object_component id="oc-330">
         <name>.text</name>
         <load_address>0xec2</load_address>
         <run_address>0xec2</run_address>
         <size>0x16</size>
         <input_file_ref idref="fl-33"/>
      </object_component>
      <object_component id="oc-13a">
         <name>.text:setDAC</name>
         <load_address>0xed8</load_address>
         <run_address>0xed8</run_address>
         <size>0x16</size>
         <input_file_ref idref="fl-2"/>
      </object_component>
      <object_component id="oc-22e">
         <name>.text:ADC_setupSamplingTimer</name>
         <load_address>0xeee</load_address>
         <run_address>0xeee</run_address>
         <size>0x14</size>
         <input_file_ref idref="fl-3"/>
      </object_component>
      <object_component id="oc-1f8">
         <name>.text:EUSCI_A_UART_transmitData</name>
         <load_address>0xf02</load_address>
         <run_address>0xf02</run_address>
         <size>0x14</size>
         <input_file_ref idref="fl-8"/>
      </object_component>
      <object_component id="oc-a1">
         <name>.text:WDT_A_hold</name>
         <load_address>0xf16</load_address>
         <run_address>0xf16</run_address>
         <size>0x14</size>
         <input_file_ref idref="fl-19"/>
      </object_component>
      <object_component id="oc-15d">
         <name>.text</name>
         <load_address>0xf2a</load_address>
         <run_address>0xf2a</run_address>
         <size>0x14</size>
         <input_file_ref idref="fl-38"/>
      </object_component>
      <object_component id="oc-1d4">
         <name>.text:memcpy</name>
         <load_address>0xf3e</load_address>
         <run_address>0xf3e</run_address>
         <size>0x12</size>
         <input_file_ref idref="fl-48"/>
      </object_component>
      <object_component id="oc-246">
         <name>.text:PMM_enableInternalReference</name>
         <load_address>0xf50</load_address>
         <run_address>0xf50</run_address>
         <size>0x10</size>
         <input_file_ref idref="fl-10"/>
      </object_component>
      <object_component id="oc-b6">
         <name>.text:Timer_A_startCounter</name>
         <load_address>0xf60</load_address>
         <run_address>0xf60</run_address>
         <size>0xc</size>
         <input_file_ref idref="fl-16"/>
      </object_component>
      <object_component id="oc-134">
         <name>.text:initDAC</name>
         <load_address>0xf6c</load_address>
         <run_address>0xf6c</run_address>
         <size>0xc</size>
         <input_file_ref idref="fl-2"/>
      </object_component>
      <object_component id="oc-24c">
         <name>.text:PMM_getVariableReferenceVoltageStatus</name>
         <load_address>0xf78</load_address>
         <run_address>0xf78</run_address>
         <size>0xa</size>
         <input_file_ref idref="fl-10"/>
      </object_component>
      <object_component id="oc-2db">
         <name>.text</name>
         <load_address>0xf82</load_address>
         <run_address>0xf82</run_address>
         <size>0xa</size>
         <input_file_ref idref="fl-36"/>
      </object_component>
      <object_component id="oc-228">
         <name>.text:ADC_enable</name>
         <load_address>0xf8c</load_address>
         <run_address>0xf8c</run_address>
         <size>0x8</size>
         <input_file_ref idref="fl-3"/>
      </object_component>
      <object_component id="oc-31d">
         <name>.text:EUSCI_A_SPI_getInterruptStatus</name>
         <load_address>0xf94</load_address>
         <run_address>0xf94</run_address>
         <size>0x8</size>
         <input_file_ref idref="fl-7"/>
      </object_component>
      <object_component id="oc-323">
         <name>.text:EUSCI_A_SPI_transmitData</name>
         <load_address>0xf9c</load_address>
         <run_address>0xf9c</run_address>
         <size>0x8</size>
         <input_file_ref idref="fl-7"/>
      </object_component>
      <object_component id="oc-162">
         <name>.text:Timer_A_setCompareValue</name>
         <load_address>0xfa4</load_address>
         <run_address>0xfa4</run_address>
         <size>0x8</size>
         <input_file_ref idref="fl-16"/>
      </object_component>
      <object_component id="oc-23a">
         <name>.text:ADC_clearInterrupt</name>
         <load_address>0xfac</load_address>
         <run_address>0xfac</run_address>
         <size>0x6</size>
         <input_file_ref idref="fl-3"/>
      </object_component>
      <object_component id="oc-240">
         <name>.text:ADC_enableInterrupt</name>
         <load_address>0xfb2</load_address>
         <run_address>0xfb2</run_address>
         <size>0x6</size>
         <input_file_ref idref="fl-3"/>
      </object_component>
      <object_component id="oc-20e">
         <name>.text:EUSCI_A_SPI_enable</name>
         <load_address>0xfb8</load_address>
         <run_address>0xfb8</run_address>
         <size>0x6</size>
         <input_file_ref idref="fl-7"/>
      </object_component>
      <object_component id="oc-1e6">
         <name>.text:EUSCI_A_UART_clearInterrupt</name>
         <load_address>0xfbe</load_address>
         <run_address>0xfbe</run_address>
         <size>0x6</size>
         <input_file_ref idref="fl-8"/>
      </object_component>
      <object_component id="oc-1e0">
         <name>.text:EUSCI_A_UART_enable</name>
         <load_address>0xfc4</load_address>
         <run_address>0xfc4</run_address>
         <size>0x6</size>
         <input_file_ref idref="fl-8"/>
      </object_component>
      <object_component id="oc-11c">
         <name>.text:PMM_unlockLPM5</name>
         <load_address>0xfca</load_address>
         <run_address>0xfca</run_address>
         <size>0x6</size>
         <input_file_ref idref="fl-10"/>
      </object_component>
      <object_component id="oc-ca">
         <name>.text:abort</name>
         <load_address>0xfd0</load_address>
         <run_address>0xfd0</run_address>
         <size>0x6</size>
         <input_file_ref idref="fl-43"/>
      </object_component>
      <object_component id="oc-79">
         <name>.text:_system_pre_init</name>
         <load_address>0xfd6</load_address>
         <run_address>0xfd6</run_address>
         <size>0x4</size>
         <input_file_ref idref="fl-3f"/>
      </object_component>
      <object_component id="oc-183">
         <name>.text:_system_post_cinit</name>
         <load_address>0xfda</load_address>
         <run_address>0xfda</run_address>
         <size>0x2</size>
         <input_file_ref idref="fl-40"/>
      </object_component>
      <object_component id="oc-c2">
         <name>.const:.string</name>
         <load_address>0xfdc</load_address>
         <run_address>0xfdc</run_address>
         <size>0x146</size>
         <input_file_ref idref="fl-2"/>
      </object_component>
      <object_component id="oc-156">
         <name>.const:GPIO_PORT_TO_BASE</name>
         <load_address>0x1122</load_address>
         <run_address>0x1122</run_address>
         <size>0x1c</size>
         <input_file_ref idref="fl-c"/>
      </object_component>
      <object_component id="oc-1ff">
         <name>.const:$P$T2$3</name>
         <load_address>0x113e</load_address>
         <run_address>0x113e</run_address>
         <size>0x12</size>
         <input_file_ref idref="fl-2"/>
      </object_component>
      <object_component id="oc-1d1">
         <name>.const:$P$T0$1</name>
         <load_address>0x1150</load_address>
         <run_address>0x1150</run_address>
         <size>0x10</size>
         <input_file_ref idref="fl-2"/>
      </object_component>
      <object_component id="oc-253">
         <name>.const:$P$T3$4</name>
         <load_address>0x1160</load_address>
         <run_address>0x1160</run_address>
         <size>0xe</size>
         <input_file_ref idref="fl-2"/>
      </object_component>
      <object_component id="oc-ad">
         <name>.data</name>
         <load_address>0x116e</load_address>
         <run_address>0x116e</run_address>
         <size>0x3e</size>
         <input_file_ref idref="fl-2"/>
      </object_component>
      <object_component id="oc-300">
         <name>.data</name>
         <load_address>0x11ac</load_address>
         <run_address>0x11ac</run_address>
         <size>0x4</size>
         <input_file_ref idref="fl-5"/>
      </object_component>
      <object_component id="oc-169">
         <name>.common:dataTX</name>
         <uninitialized>true</uninitialized>
         <run_address>0x11b0</run_address>
         <size>0x14</size>
      </object_component>
      <object_component id="oc-14">
         <name>.reset</name>
         <load_address>0xfffe</load_address>
         <run_address>0xfffe</run_address>
         <size>0x2</size>
         <input_file_ref idref="fl-3a"/>
      </object_component>
      <object_component id="oc-36f">
         <name>.cinit..data.load</name>
         <load_address>0x1264</load_address>
         <run_address>0x1264</run_address>
         <size>0x14</size>
      </object_component>
      <object_component id="oc-36d">
         <name>__TI_handler_table</name>
         <load_address>0x1278</load_address>
         <run_address>0x1278</run_address>
         <size>0xc</size>
      </object_component>
      <object_component id="oc-370">
         <name>.cinit..bss.load</name>
         <load_address>0x1284</load_address>
         <run_address>0x1284</run_address>
         <size>0x6</size>
      </object_component>
      <object_component id="oc-36e">
         <name>__TI_cinit_table</name>
         <load_address>0x128a</load_address>
         <run_address>0x128a</run_address>
         <size>0x10</size>
      </object_component>
      <object_component id="oc-14f">
         <name>.debug_info</name>
         <load_address>0x0</load_address>
         <run_address>0x0</run_address>
         <size>0xf37</size>
         <input_file_ref idref="fl-2"/>
      </object_component>
      <object_component id="oc-ae">
         <name>.debug_info</name>
         <load_address>0xf37</load_address>
         <run_address>0xf37</run_address>
         <size>0x4ef</size>
         <input_file_ref idref="fl-2"/>
      </object_component>
      <object_component id="oc-1d2">
         <name>.debug_info</name>
         <load_address>0x1426</load_address>
         <run_address>0x1426</run_address>
         <size>0xc6</size>
         <input_file_ref idref="fl-2"/>
      </object_component>
      <object_component id="oc-200">
         <name>.debug_info</name>
         <load_address>0x14ec</load_address>
         <run_address>0x14ec</run_address>
         <size>0xc6</size>
         <input_file_ref idref="fl-2"/>
      </object_component>
      <object_component id="oc-254">
         <name>.debug_info</name>
         <load_address>0x15b2</load_address>
         <run_address>0x15b2</run_address>
         <size>0xc6</size>
         <input_file_ref idref="fl-2"/>
      </object_component>
      <object_component id="oc-be">
         <name>.debug_info</name>
         <load_address>0x1678</load_address>
         <run_address>0x1678</run_address>
         <size>0x122</size>
         <input_file_ref idref="fl-2"/>
      </object_component>
      <object_component id="oc-2d1">
         <name>.debug_info</name>
         <load_address>0x179a</load_address>
         <run_address>0x179a</run_address>
         <size>0x205</size>
         <input_file_ref idref="fl-2"/>
      </object_component>
      <object_component id="oc-21b">
         <name>.debug_info</name>
         <load_address>0x199f</load_address>
         <run_address>0x199f</run_address>
         <size>0x18a</size>
         <input_file_ref idref="fl-2"/>
      </object_component>
      <object_component id="oc-13c">
         <name>.debug_info</name>
         <load_address>0x1b29</load_address>
         <run_address>0x1b29</run_address>
         <size>0x159</size>
         <input_file_ref idref="fl-2"/>
      </object_component>
      <object_component id="oc-129">
         <name>.debug_info</name>
         <load_address>0x1c82</load_address>
         <run_address>0x1c82</run_address>
         <size>0x133</size>
         <input_file_ref idref="fl-2"/>
      </object_component>
      <object_component id="oc-16b">
         <name>.debug_info</name>
         <load_address>0x1db5</load_address>
         <run_address>0x1db5</run_address>
         <size>0x148</size>
         <input_file_ref idref="fl-2"/>
      </object_component>
      <object_component id="oc-c4">
         <name>.debug_info</name>
         <load_address>0x1efd</load_address>
         <run_address>0x1efd</run_address>
         <size>0x13b</size>
         <input_file_ref idref="fl-2"/>
      </object_component>
      <object_component id="oc-111">
         <name>.debug_info</name>
         <load_address>0x2038</load_address>
         <run_address>0x2038</run_address>
         <size>0x17b</size>
         <input_file_ref idref="fl-2"/>
      </object_component>
      <object_component id="oc-117">
         <name>.debug_info</name>
         <load_address>0x21b3</load_address>
         <run_address>0x21b3</run_address>
         <size>0x286</size>
         <input_file_ref idref="fl-2"/>
      </object_component>
      <object_component id="oc-123">
         <name>.debug_info</name>
         <load_address>0x2439</load_address>
         <run_address>0x2439</run_address>
         <size>0x18d</size>
         <input_file_ref idref="fl-2"/>
      </object_component>
      <object_component id="oc-12f">
         <name>.debug_info</name>
         <load_address>0x25c6</load_address>
         <run_address>0x25c6</run_address>
         <size>0x15c</size>
         <input_file_ref idref="fl-2"/>
      </object_component>
      <object_component id="oc-135">
         <name>.debug_info</name>
         <load_address>0x2722</load_address>
         <run_address>0x2722</run_address>
         <size>0x107</size>
         <input_file_ref idref="fl-2"/>
      </object_component>
      <object_component id="oc-141">
         <name>.debug_info</name>
         <load_address>0x2829</load_address>
         <run_address>0x2829</run_address>
         <size>0x1cb</size>
         <input_file_ref idref="fl-2"/>
      </object_component>
      <object_component id="oc-147">
         <name>.debug_info</name>
         <load_address>0x29f4</load_address>
         <run_address>0x29f4</run_address>
         <size>0x151</size>
         <input_file_ref idref="fl-2"/>
      </object_component>
      <object_component id="oc-a8">
         <name>.debug_info</name>
         <load_address>0x2b45</load_address>
         <run_address>0x2b45</run_address>
         <size>0x1fd</size>
         <input_file_ref idref="fl-2"/>
      </object_component>
      <object_component id="oc-80">
         <name>.debug_info</name>
         <load_address>0x2d42</load_address>
         <run_address>0x2d42</run_address>
         <size>0x162</size>
         <input_file_ref idref="fl-2"/>
      </object_component>
      <object_component id="oc-1ab">
         <name>.debug_info</name>
         <load_address>0x2ea4</load_address>
         <run_address>0x2ea4</run_address>
         <size>0x26b</size>
         <input_file_ref idref="fl-2"/>
      </object_component>
      <object_component id="oc-2f7">
         <name>.debug_info</name>
         <load_address>0x310f</load_address>
         <run_address>0x310f</run_address>
         <size>0x76</size>
         <input_file_ref idref="fl-2"/>
      </object_component>
      <object_component id="oc-215">
         <name>.debug_info</name>
         <load_address>0x3185</load_address>
         <run_address>0x3185</run_address>
         <size>0x174</size>
         <input_file_ref idref="fl-2"/>
      </object_component>
      <object_component id="oc-1f3">
         <name>.debug_info</name>
         <load_address>0x32f9</load_address>
         <run_address>0x32f9</run_address>
         <size>0xee</size>
         <input_file_ref idref="fl-2"/>
      </object_component>
      <object_component id="oc-264">
         <name>.debug_info</name>
         <load_address>0x33e7</load_address>
         <run_address>0x33e7</run_address>
         <size>0xf5</size>
         <input_file_ref idref="fl-2"/>
      </object_component>
      <object_component id="oc-25d">
         <name>.debug_info</name>
         <load_address>0x34dc</load_address>
         <run_address>0x34dc</run_address>
         <size>0x38c</size>
         <input_file_ref idref="fl-2"/>
      </object_component>
      <object_component id="oc-151">
         <name>.debug_info</name>
         <load_address>0x3868</load_address>
         <run_address>0x3868</run_address>
         <size>0x8b</size>
         <input_file_ref idref="fl-2"/>
      </object_component>
      <object_component id="oc-1a4">
         <name>.debug_info</name>
         <load_address>0x38f3</load_address>
         <run_address>0x38f3</run_address>
         <size>0x282</size>
         <input_file_ref idref="fl-2"/>
      </object_component>
      <object_component id="oc-269">
         <name>.debug_info</name>
         <load_address>0x3b75</load_address>
         <run_address>0x3b75</run_address>
         <size>0xef</size>
         <input_file_ref idref="fl-2"/>
      </object_component>
      <object_component id="oc-10a">
         <name>.debug_info</name>
         <load_address>0x3c64</load_address>
         <run_address>0x3c64</run_address>
         <size>0xbb</size>
         <input_file_ref idref="fl-2"/>
      </object_component>
      <object_component id="oc-273">
         <name>.debug_info</name>
         <load_address>0x3d1f</load_address>
         <run_address>0x3d1f</run_address>
         <size>0x2c</size>
         <input_file_ref idref="fl-2"/>
      </object_component>
      <object_component id="oc-26e">
         <name>.debug_info</name>
         <load_address>0x3d4b</load_address>
         <run_address>0x3d4b</run_address>
         <size>0x35</size>
         <input_file_ref idref="fl-2"/>
      </object_component>
      <object_component id="oc-2d8">
         <name>.debug_info</name>
         <load_address>0x3d80</load_address>
         <run_address>0x3d80</run_address>
         <size>0x15b</size>
         <input_file_ref idref="fl-3"/>
      </object_component>
      <object_component id="oc-22f">
         <name>.debug_info</name>
         <load_address>0x3edb</load_address>
         <run_address>0x3edb</run_address>
         <size>0x230</size>
         <input_file_ref idref="fl-3"/>
      </object_component>
      <object_component id="oc-223">
         <name>.debug_info</name>
         <load_address>0x410b</load_address>
         <run_address>0x410b</run_address>
         <size>0x2ad</size>
         <input_file_ref idref="fl-3"/>
      </object_component>
      <object_component id="oc-241">
         <name>.debug_info</name>
         <load_address>0x43b8</load_address>
         <run_address>0x43b8</run_address>
         <size>0x1d7</size>
         <input_file_ref idref="fl-3"/>
      </object_component>
      <object_component id="oc-229">
         <name>.debug_info</name>
         <load_address>0x458f</load_address>
         <run_address>0x458f</run_address>
         <size>0x17f</size>
         <input_file_ref idref="fl-3"/>
      </object_component>
      <object_component id="oc-235">
         <name>.debug_info</name>
         <load_address>0x470e</load_address>
         <run_address>0x470e</run_address>
         <size>0x30f</size>
         <input_file_ref idref="fl-3"/>
      </object_component>
      <object_component id="oc-23b">
         <name>.debug_info</name>
         <load_address>0x4a1d</load_address>
         <run_address>0x4a1d</run_address>
         <size>0x1e5</size>
         <input_file_ref idref="fl-3"/>
      </object_component>
      <object_component id="oc-1b">
         <name>.debug_info</name>
         <load_address>0x4c02</load_address>
         <run_address>0x4c02</run_address>
         <size>0x84</size>
         <input_file_ref idref="fl-4"/>
      </object_component>
      <object_component id="oc-2b1">
         <name>.debug_info</name>
         <load_address>0x4c86</load_address>
         <run_address>0x4c86</run_address>
         <size>0x1d4</size>
         <input_file_ref idref="fl-5"/>
      </object_component>
      <object_component id="oc-301">
         <name>.debug_info</name>
         <load_address>0x4e5a</load_address>
         <run_address>0x4e5a</run_address>
         <size>0xff</size>
         <input_file_ref idref="fl-5"/>
      </object_component>
      <object_component id="oc-2ab">
         <name>.debug_info</name>
         <load_address>0x4f59</load_address>
         <run_address>0x4f59</run_address>
         <size>0x1e9</size>
         <input_file_ref idref="fl-5"/>
      </object_component>
      <object_component id="oc-1b7">
         <name>.debug_info</name>
         <load_address>0x5142</load_address>
         <run_address>0x5142</run_address>
         <size>0x1c0</size>
         <input_file_ref idref="fl-5"/>
      </object_component>
      <object_component id="oc-1b1">
         <name>.debug_info</name>
         <load_address>0x5302</load_address>
         <run_address>0x5302</run_address>
         <size>0x257</size>
         <input_file_ref idref="fl-5"/>
      </object_component>
      <object_component id="oc-304">
         <name>.debug_info</name>
         <load_address>0x5559</load_address>
         <run_address>0x5559</run_address>
         <size>0x18f</size>
         <input_file_ref idref="fl-5"/>
      </object_component>
      <object_component id="oc-314">
         <name>.debug_info</name>
         <load_address>0x56e8</load_address>
         <run_address>0x56e8</run_address>
         <size>0x24c</size>
         <input_file_ref idref="fl-5"/>
      </object_component>
      <object_component id="oc-2c2">
         <name>.debug_info</name>
         <load_address>0x5934</load_address>
         <run_address>0x5934</run_address>
         <size>0x2d7</size>
         <input_file_ref idref="fl-5"/>
      </object_component>
      <object_component id="oc-203">
         <name>.debug_info</name>
         <load_address>0x5c0b</load_address>
         <run_address>0x5c0b</run_address>
         <size>0x192</size>
         <input_file_ref idref="fl-5"/>
      </object_component>
      <object_component id="oc-2ce">
         <name>.debug_info</name>
         <load_address>0x5d9d</load_address>
         <run_address>0x5d9d</run_address>
         <size>0x17f</size>
         <input_file_ref idref="fl-7"/>
      </object_component>
      <object_component id="oc-324">
         <name>.debug_info</name>
         <load_address>0x5f1c</load_address>
         <run_address>0x5f1c</run_address>
         <size>0x1f5</size>
         <input_file_ref idref="fl-7"/>
      </object_component>
      <object_component id="oc-209">
         <name>.debug_info</name>
         <load_address>0x6111</load_address>
         <run_address>0x6111</run_address>
         <size>0x1ea</size>
         <input_file_ref idref="fl-7"/>
      </object_component>
      <object_component id="oc-31e">
         <name>.debug_info</name>
         <load_address>0x62fb</load_address>
         <run_address>0x62fb</run_address>
         <size>0x1e5</size>
         <input_file_ref idref="fl-7"/>
      </object_component>
      <object_component id="oc-20f">
         <name>.debug_info</name>
         <load_address>0x64e0</load_address>
         <run_address>0x64e0</run_address>
         <size>0x1a7</size>
         <input_file_ref idref="fl-7"/>
      </object_component>
      <object_component id="oc-2ba">
         <name>.debug_info</name>
         <load_address>0x6687</load_address>
         <run_address>0x6687</run_address>
         <size>0x16a</size>
         <input_file_ref idref="fl-8"/>
      </object_component>
      <object_component id="oc-1f9">
         <name>.debug_info</name>
         <load_address>0x67f1</load_address>
         <run_address>0x67f1</run_address>
         <size>0x1fa</size>
         <input_file_ref idref="fl-8"/>
      </object_component>
      <object_component id="oc-1dd">
         <name>.debug_info</name>
         <load_address>0x69eb</load_address>
         <run_address>0x69eb</run_address>
         <size>0x1d2</size>
         <input_file_ref idref="fl-8"/>
      </object_component>
      <object_component id="oc-1ef">
         <name>.debug_info</name>
         <load_address>0x6bbd</load_address>
         <run_address>0x6bbd</run_address>
         <size>0x1e0</size>
         <input_file_ref idref="fl-8"/>
      </object_component>
      <object_component id="oc-1e2">
         <name>.debug_info</name>
         <load_address>0x6d9d</load_address>
         <run_address>0x6d9d</run_address>
         <size>0x1ac</size>
         <input_file_ref idref="fl-8"/>
      </object_component>
      <object_component id="oc-1e8">
         <name>.debug_info</name>
         <load_address>0x6f49</load_address>
         <run_address>0x6f49</run_address>
         <size>0x1de</size>
         <input_file_ref idref="fl-8"/>
      </object_component>
      <object_component id="oc-15a">
         <name>.debug_info</name>
         <load_address>0x7127</load_address>
         <run_address>0x7127</run_address>
         <size>0x165</size>
         <input_file_ref idref="fl-c"/>
      </object_component>
      <object_component id="oc-157">
         <name>.debug_info</name>
         <load_address>0x728c</load_address>
         <run_address>0x728c</run_address>
         <size>0xf3</size>
         <input_file_ref idref="fl-c"/>
      </object_component>
      <object_component id="oc-b1">
         <name>.debug_info</name>
         <load_address>0x737f</load_address>
         <run_address>0x737f</run_address>
         <size>0x202</size>
         <input_file_ref idref="fl-c"/>
      </object_component>
      <object_component id="oc-1c4">
         <name>.debug_info</name>
         <load_address>0x7581</load_address>
         <run_address>0x7581</run_address>
         <size>0x202</size>
         <input_file_ref idref="fl-c"/>
      </object_component>
      <object_component id="oc-1ca">
         <name>.debug_info</name>
         <load_address>0x7783</load_address>
         <run_address>0x7783</run_address>
         <size>0x24f</size>
         <input_file_ref idref="fl-c"/>
      </object_component>
      <object_component id="oc-1be">
         <name>.debug_info</name>
         <load_address>0x79d2</load_address>
         <run_address>0x79d2</run_address>
         <size>0x1f9</size>
         <input_file_ref idref="fl-c"/>
      </object_component>
      <object_component id="oc-11e">
         <name>.debug_info</name>
         <load_address>0x7bcb</load_address>
         <run_address>0x7bcb</run_address>
         <size>0x149</size>
         <input_file_ref idref="fl-10"/>
      </object_component>
      <object_component id="oc-250">
         <name>.debug_info</name>
         <load_address>0x7d14</load_address>
         <run_address>0x7d14</run_address>
         <size>0x17b</size>
         <input_file_ref idref="fl-10"/>
      </object_component>
      <object_component id="oc-249">
         <name>.debug_info</name>
         <load_address>0x7e8f</load_address>
         <run_address>0x7e8f</run_address>
         <size>0x163</size>
         <input_file_ref idref="fl-10"/>
      </object_component>
      <object_component id="oc-15c">
         <name>.debug_info</name>
         <load_address>0x7ff2</load_address>
         <run_address>0x7ff2</run_address>
         <size>0x19c</size>
         <input_file_ref idref="fl-16"/>
      </object_component>
      <object_component id="oc-b8">
         <name>.debug_info</name>
         <load_address>0x818e</load_address>
         <run_address>0x818e</run_address>
         <size>0x1d5</size>
         <input_file_ref idref="fl-16"/>
      </object_component>
      <object_component id="oc-164">
         <name>.debug_info</name>
         <load_address>0x8363</load_address>
         <run_address>0x8363</run_address>
         <size>0x219</size>
         <input_file_ref idref="fl-16"/>
      </object_component>
      <object_component id="oc-257">
         <name>.debug_info</name>
         <load_address>0x857c</load_address>
         <run_address>0x857c</run_address>
         <size>0x1c1</size>
         <input_file_ref idref="fl-16"/>
      </object_component>
      <object_component id="oc-10f">
         <name>.debug_info</name>
         <load_address>0x873d</load_address>
         <run_address>0x873d</run_address>
         <size>0x158</size>
         <input_file_ref idref="fl-19"/>
      </object_component>
      <object_component id="oc-a2">
         <name>.debug_info</name>
         <load_address>0x8895</load_address>
         <run_address>0x8895</run_address>
         <size>0x185</size>
         <input_file_ref idref="fl-19"/>
      </object_component>
      <object_component id="oc-30b">
         <name>.debug_info</name>
         <load_address>0x8a1a</load_address>
         <run_address>0x8a1a</run_address>
         <size>0x135</size>
         <input_file_ref idref="fl-32"/>
      </object_component>
      <object_component id="oc-331">
         <name>.debug_info</name>
         <load_address>0x8b4f</load_address>
         <run_address>0x8b4f</run_address>
         <size>0x121</size>
         <input_file_ref idref="fl-33"/>
      </object_component>
      <object_component id="oc-30f">
         <name>.debug_info</name>
         <load_address>0x8c70</load_address>
         <run_address>0x8c70</run_address>
         <size>0x138</size>
         <input_file_ref idref="fl-34"/>
      </object_component>
      <object_component id="oc-2cb">
         <name>.debug_info</name>
         <load_address>0x8da8</load_address>
         <run_address>0x8da8</run_address>
         <size>0x123</size>
         <input_file_ref idref="fl-35"/>
      </object_component>
      <object_component id="oc-2dc">
         <name>.debug_info</name>
         <load_address>0x8ecb</load_address>
         <run_address>0x8ecb</run_address>
         <size>0x120</size>
         <input_file_ref idref="fl-36"/>
      </object_component>
      <object_component id="oc-15f">
         <name>.debug_info</name>
         <load_address>0x8feb</load_address>
         <run_address>0x8feb</run_address>
         <size>0x121</size>
         <input_file_ref idref="fl-38"/>
      </object_component>
      <object_component id="oc-339">
         <name>.debug_info</name>
         <load_address>0x910c</load_address>
         <run_address>0x910c</run_address>
         <size>0x121</size>
         <input_file_ref idref="fl-39"/>
      </object_component>
      <object_component id="oc-12">
         <name>.debug_info</name>
         <load_address>0x922d</load_address>
         <run_address>0x922d</run_address>
         <size>0x100</size>
         <input_file_ref idref="fl-3a"/>
      </object_component>
      <object_component id="oc-41">
         <name>.debug_info</name>
         <load_address>0x932d</load_address>
         <run_address>0x932d</run_address>
         <size>0x17a</size>
         <input_file_ref idref="fl-3a"/>
      </object_component>
      <object_component id="oc-18a">
         <name>.debug_info</name>
         <load_address>0x94a7</load_address>
         <run_address>0x94a7</run_address>
         <size>0x409</size>
         <input_file_ref idref="fl-3b"/>
      </object_component>
      <object_component id="oc-f0">
         <name>.debug_info</name>
         <load_address>0x98b0</load_address>
         <run_address>0x98b0</run_address>
         <size>0x216</size>
         <input_file_ref idref="fl-3b"/>
      </object_component>
      <object_component id="oc-298">
         <name>.debug_info</name>
         <load_address>0x9ac6</load_address>
         <run_address>0x9ac6</run_address>
         <size>0x39</size>
         <input_file_ref idref="fl-3b"/>
      </object_component>
      <object_component id="oc-2a4">
         <name>.debug_info</name>
         <load_address>0x9aff</load_address>
         <run_address>0x9aff</run_address>
         <size>0x2c</size>
         <input_file_ref idref="fl-3b"/>
      </object_component>
      <object_component id="oc-195">
         <name>.debug_info</name>
         <load_address>0x9b2b</load_address>
         <run_address>0x9b2b</run_address>
         <size>0x2c</size>
         <input_file_ref idref="fl-3b"/>
      </object_component>
      <object_component id="oc-29d">
         <name>.debug_info</name>
         <load_address>0x9b57</load_address>
         <run_address>0x9b57</run_address>
         <size>0xcd</size>
         <input_file_ref idref="fl-3b"/>
      </object_component>
      <object_component id="oc-30">
         <name>.debug_info</name>
         <load_address>0x9c24</load_address>
         <run_address>0x9c24</run_address>
         <size>0x1d3</size>
         <input_file_ref idref="fl-3c"/>
      </object_component>
      <object_component id="oc-73">
         <name>.debug_info</name>
         <load_address>0x9df7</load_address>
         <run_address>0x9df7</run_address>
         <size>0x46</size>
         <input_file_ref idref="fl-3c"/>
      </object_component>
      <object_component id="oc-7b">
         <name>.debug_info</name>
         <load_address>0x9e3d</load_address>
         <run_address>0x9e3d</run_address>
         <size>0x153</size>
         <input_file_ref idref="fl-3f"/>
      </object_component>
      <object_component id="oc-187">
         <name>.debug_info</name>
         <load_address>0x9f90</load_address>
         <run_address>0x9f90</run_address>
         <size>0x150</size>
         <input_file_ref idref="fl-40"/>
      </object_component>
      <object_component id="oc-2b">
         <name>.debug_info</name>
         <load_address>0xa0e0</load_address>
         <run_address>0xa0e0</run_address>
         <size>0x1da</size>
         <input_file_ref idref="fl-41"/>
      </object_component>
      <object_component id="oc-a">
         <name>.debug_info</name>
         <load_address>0xa2ba</load_address>
         <run_address>0xa2ba</run_address>
         <size>0x1f2</size>
         <input_file_ref idref="fl-41"/>
      </object_component>
      <object_component id="oc-26">
         <name>.debug_info</name>
         <load_address>0xa4ac</load_address>
         <run_address>0xa4ac</run_address>
         <size>0x46</size>
         <input_file_ref idref="fl-41"/>
      </object_component>
      <object_component id="oc-4">
         <name>.debug_info</name>
         <load_address>0xa4f2</load_address>
         <run_address>0xa4f2</run_address>
         <size>0x2b8</size>
         <input_file_ref idref="fl-42"/>
      </object_component>
      <object_component id="oc-9b">
         <name>.debug_info</name>
         <load_address>0xa7aa</load_address>
         <run_address>0xa7aa</run_address>
         <size>0x46</size>
         <input_file_ref idref="fl-42"/>
      </object_component>
      <object_component id="oc-6a">
         <name>.debug_info</name>
         <load_address>0xa7f0</load_address>
         <run_address>0xa7f0</run_address>
         <size>0x39</size>
         <input_file_ref idref="fl-42"/>
      </object_component>
      <object_component id="oc-16">
         <name>.debug_info</name>
         <load_address>0xa829</load_address>
         <run_address>0xa829</run_address>
         <size>0x60</size>
         <input_file_ref idref="fl-42"/>
      </object_component>
      <object_component id="oc-ce">
         <name>.debug_info</name>
         <load_address>0xa889</load_address>
         <run_address>0xa889</run_address>
         <size>0x122</size>
         <input_file_ref idref="fl-43"/>
      </object_component>
      <object_component id="oc-2b8">
         <name>.debug_info</name>
         <load_address>0xa9ab</load_address>
         <run_address>0xa9ab</run_address>
         <size>0x181</size>
         <input_file_ref idref="fl-48"/>
      </object_component>
      <object_component id="oc-1d8">
         <name>.debug_info</name>
         <load_address>0xab2c</load_address>
         <run_address>0xab2c</run_address>
         <size>0x17a</size>
         <input_file_ref idref="fl-48"/>
      </object_component>
      <object_component id="oc-21">
         <name>.debug_info</name>
         <load_address>0xaca6</load_address>
         <run_address>0xaca6</run_address>
         <size>0x121</size>
         <input_file_ref idref="fl-4a"/>
      </object_component>
      <object_component id="oc-372">
         <name>.debug_info</name>
         <load_address>0xadc7</load_address>
         <run_address>0xadc7</run_address>
         <size>0x97</size>
      </object_component>
      <object_component id="oc-263">
         <name>.debug_line</name>
         <load_address>0x0</load_address>
         <run_address>0x0</run_address>
         <size>0x356</size>
         <input_file_ref idref="fl-2"/>
      </object_component>
      <object_component id="oc-14e">
         <name>.debug_line</name>
         <load_address>0x356</load_address>
         <run_address>0x356</run_address>
         <size>0x2d</size>
         <input_file_ref idref="fl-2"/>
      </object_component>
      <object_component id="oc-2b6">
         <name>.debug_line</name>
         <load_address>0x383</load_address>
         <run_address>0x383</run_address>
         <size>0x2d</size>
         <input_file_ref idref="fl-2"/>
      </object_component>
      <object_component id="oc-2c0">
         <name>.debug_line</name>
         <load_address>0x3b0</load_address>
         <run_address>0x3b0</run_address>
         <size>0x2d</size>
         <input_file_ref idref="fl-2"/>
      </object_component>
      <object_component id="oc-2e6">
         <name>.debug_line</name>
         <load_address>0x3dd</load_address>
         <run_address>0x3dd</run_address>
         <size>0x2d</size>
         <input_file_ref idref="fl-2"/>
      </object_component>
      <object_component id="oc-bd">
         <name>.debug_line</name>
         <load_address>0x40a</load_address>
         <run_address>0x40a</run_address>
         <size>0x40</size>
         <input_file_ref idref="fl-2"/>
      </object_component>
      <object_component id="oc-2d4">
         <name>.debug_line</name>
         <load_address>0x44a</load_address>
         <run_address>0x44a</run_address>
         <size>0x53</size>
         <input_file_ref idref="fl-2"/>
      </object_component>
      <object_component id="oc-21e">
         <name>.debug_line</name>
         <load_address>0x49d</load_address>
         <run_address>0x49d</run_address>
         <size>0x43</size>
         <input_file_ref idref="fl-2"/>
      </object_component>
      <object_component id="oc-13b">
         <name>.debug_line</name>
         <load_address>0x4e0</load_address>
         <run_address>0x4e0</run_address>
         <size>0x40</size>
         <input_file_ref idref="fl-2"/>
      </object_component>
      <object_component id="oc-12c">
         <name>.debug_line</name>
         <load_address>0x520</load_address>
         <run_address>0x520</run_address>
         <size>0x47</size>
         <input_file_ref idref="fl-2"/>
      </object_component>
      <object_component id="oc-16e">
         <name>.debug_line</name>
         <load_address>0x567</load_address>
         <run_address>0x567</run_address>
         <size>0x46</size>
         <input_file_ref idref="fl-2"/>
      </object_component>
      <object_component id="oc-c7">
         <name>.debug_line</name>
         <load_address>0x5ad</load_address>
         <run_address>0x5ad</run_address>
         <size>0x54</size>
         <input_file_ref idref="fl-2"/>
      </object_component>
      <object_component id="oc-115">
         <name>.debug_line</name>
         <load_address>0x601</load_address>
         <run_address>0x601</run_address>
         <size>0x44</size>
         <input_file_ref idref="fl-2"/>
      </object_component>
      <object_component id="oc-11b">
         <name>.debug_line</name>
         <load_address>0x645</load_address>
         <run_address>0x645</run_address>
         <size>0x49</size>
         <input_file_ref idref="fl-2"/>
      </object_component>
      <object_component id="oc-127">
         <name>.debug_line</name>
         <load_address>0x68e</load_address>
         <run_address>0x68e</run_address>
         <size>0x4f</size>
         <input_file_ref idref="fl-2"/>
      </object_component>
      <object_component id="oc-133">
         <name>.debug_line</name>
         <load_address>0x6dd</load_address>
         <run_address>0x6dd</run_address>
         <size>0x4c</size>
         <input_file_ref idref="fl-2"/>
      </object_component>
      <object_component id="oc-139">
         <name>.debug_line</name>
         <load_address>0x729</load_address>
         <run_address>0x729</run_address>
         <size>0x40</size>
         <input_file_ref idref="fl-2"/>
      </object_component>
      <object_component id="oc-144">
         <name>.debug_line</name>
         <load_address>0x769</load_address>
         <run_address>0x769</run_address>
         <size>0x4c</size>
         <input_file_ref idref="fl-2"/>
      </object_component>
      <object_component id="oc-14a">
         <name>.debug_line</name>
         <load_address>0x7b5</load_address>
         <run_address>0x7b5</run_address>
         <size>0x4a</size>
         <input_file_ref idref="fl-2"/>
      </object_component>
      <object_component id="oc-ab">
         <name>.debug_line</name>
         <load_address>0x7ff</load_address>
         <run_address>0x7ff</run_address>
         <size>0x52</size>
         <input_file_ref idref="fl-2"/>
      </object_component>
      <object_component id="oc-83">
         <name>.debug_line</name>
         <load_address>0x851</load_address>
         <run_address>0x851</run_address>
         <size>0x54</size>
         <input_file_ref idref="fl-2"/>
      </object_component>
      <object_component id="oc-1ae">
         <name>.debug_line</name>
         <load_address>0x8a5</load_address>
         <run_address>0x8a5</run_address>
         <size>0x80</size>
         <input_file_ref idref="fl-2"/>
      </object_component>
      <object_component id="oc-2fa">
         <name>.debug_line</name>
         <load_address>0x925</load_address>
         <run_address>0x925</run_address>
         <size>0x63</size>
         <input_file_ref idref="fl-2"/>
      </object_component>
      <object_component id="oc-218">
         <name>.debug_line</name>
         <load_address>0x988</load_address>
         <run_address>0x988</run_address>
         <size>0x6c</size>
         <input_file_ref idref="fl-2"/>
      </object_component>
      <object_component id="oc-1f6">
         <name>.debug_line</name>
         <load_address>0x9f4</load_address>
         <run_address>0x9f4</run_address>
         <size>0x6d</size>
         <input_file_ref idref="fl-2"/>
      </object_component>
      <object_component id="oc-267">
         <name>.debug_line</name>
         <load_address>0xa61</load_address>
         <run_address>0xa61</run_address>
         <size>0x6c</size>
         <input_file_ref idref="fl-2"/>
      </object_component>
      <object_component id="oc-260">
         <name>.debug_line</name>
         <load_address>0xacd</load_address>
         <run_address>0xacd</run_address>
         <size>0x68</size>
         <input_file_ref idref="fl-2"/>
      </object_component>
      <object_component id="oc-154">
         <name>.debug_line</name>
         <load_address>0xb35</load_address>
         <run_address>0xb35</run_address>
         <size>0x20</size>
         <input_file_ref idref="fl-2"/>
      </object_component>
      <object_component id="oc-1a7">
         <name>.debug_line</name>
         <load_address>0xb55</load_address>
         <run_address>0xb55</run_address>
         <size>0x84</size>
         <input_file_ref idref="fl-2"/>
      </object_component>
      <object_component id="oc-26c">
         <name>.debug_line</name>
         <load_address>0xbd9</load_address>
         <run_address>0xbd9</run_address>
         <size>0x80</size>
         <input_file_ref idref="fl-2"/>
      </object_component>
      <object_component id="oc-10d">
         <name>.debug_line</name>
         <load_address>0xc59</load_address>
         <run_address>0xc59</run_address>
         <size>0x81</size>
         <input_file_ref idref="fl-2"/>
      </object_component>
      <object_component id="oc-276">
         <name>.debug_line</name>
         <load_address>0xcda</load_address>
         <run_address>0xcda</run_address>
         <size>0x7c</size>
         <input_file_ref idref="fl-2"/>
      </object_component>
      <object_component id="oc-271">
         <name>.debug_line</name>
         <load_address>0xd56</load_address>
         <run_address>0xd56</run_address>
         <size>0x85</size>
         <input_file_ref idref="fl-2"/>
      </object_component>
      <object_component id="oc-32b">
         <name>.debug_line</name>
         <load_address>0xddb</load_address>
         <run_address>0xddb</run_address>
         <size>0x20</size>
         <input_file_ref idref="fl-3"/>
      </object_component>
      <object_component id="oc-233">
         <name>.debug_line</name>
         <load_address>0xdfb</load_address>
         <run_address>0xdfb</run_address>
         <size>0x5a</size>
         <input_file_ref idref="fl-3"/>
      </object_component>
      <object_component id="oc-226">
         <name>.debug_line</name>
         <load_address>0xe55</load_address>
         <run_address>0xe55</run_address>
         <size>0x5a</size>
         <input_file_ref idref="fl-3"/>
      </object_component>
      <object_component id="oc-244">
         <name>.debug_line</name>
         <load_address>0xeaf</load_address>
         <run_address>0xeaf</run_address>
         <size>0x56</size>
         <input_file_ref idref="fl-3"/>
      </object_component>
      <object_component id="oc-22d">
         <name>.debug_line</name>
         <load_address>0xf05</load_address>
         <run_address>0xf05</run_address>
         <size>0x56</size>
         <input_file_ref idref="fl-3"/>
      </object_component>
      <object_component id="oc-239">
         <name>.debug_line</name>
         <load_address>0xf5b</load_address>
         <run_address>0xf5b</run_address>
         <size>0x62</size>
         <input_file_ref idref="fl-3"/>
      </object_component>
      <object_component id="oc-23e">
         <name>.debug_line</name>
         <load_address>0xfbd</load_address>
         <run_address>0xfbd</run_address>
         <size>0x56</size>
         <input_file_ref idref="fl-3"/>
      </object_component>
      <object_component id="oc-1e">
         <name>.debug_line</name>
         <load_address>0x1013</load_address>
         <run_address>0x1013</run_address>
         <size>0x20</size>
         <input_file_ref idref="fl-4"/>
      </object_component>
      <object_component id="oc-2f6">
         <name>.debug_line</name>
         <load_address>0x1033</load_address>
         <run_address>0x1033</run_address>
         <size>0x20</size>
         <input_file_ref idref="fl-5"/>
      </object_component>
      <object_component id="oc-32e">
         <name>.debug_line</name>
         <load_address>0x1053</load_address>
         <run_address>0x1053</run_address>
         <size>0x45</size>
         <input_file_ref idref="fl-5"/>
      </object_component>
      <object_component id="oc-2ae">
         <name>.debug_line</name>
         <load_address>0x1098</load_address>
         <run_address>0x1098</run_address>
         <size>0xa3</size>
         <input_file_ref idref="fl-5"/>
      </object_component>
      <object_component id="oc-1bb">
         <name>.debug_line</name>
         <load_address>0x113b</load_address>
         <run_address>0x113b</run_address>
         <size>0x64</size>
         <input_file_ref idref="fl-5"/>
      </object_component>
      <object_component id="oc-1b4">
         <name>.debug_line</name>
         <load_address>0x119f</load_address>
         <run_address>0x119f</run_address>
         <size>0x9c</size>
         <input_file_ref idref="fl-5"/>
      </object_component>
      <object_component id="oc-307">
         <name>.debug_line</name>
         <load_address>0x123b</load_address>
         <run_address>0x123b</run_address>
         <size>0x78</size>
         <input_file_ref idref="fl-5"/>
      </object_component>
      <object_component id="oc-317">
         <name>.debug_line</name>
         <load_address>0x12b3</load_address>
         <run_address>0x12b3</run_address>
         <size>0x81</size>
         <input_file_ref idref="fl-5"/>
      </object_component>
      <object_component id="oc-2c5">
         <name>.debug_line</name>
         <load_address>0x1334</load_address>
         <run_address>0x1334</run_address>
         <size>0x76</size>
         <input_file_ref idref="fl-5"/>
      </object_component>
      <object_component id="oc-206">
         <name>.debug_line</name>
         <load_address>0x13aa</load_address>
         <run_address>0x13aa</run_address>
         <size>0x5e</size>
         <input_file_ref idref="fl-5"/>
      </object_component>
      <object_component id="oc-31c">
         <name>.debug_line</name>
         <load_address>0x1408</load_address>
         <run_address>0x1408</run_address>
         <size>0x20</size>
         <input_file_ref idref="fl-7"/>
      </object_component>
      <object_component id="oc-328">
         <name>.debug_line</name>
         <load_address>0x1428</load_address>
         <run_address>0x1428</run_address>
         <size>0x61</size>
         <input_file_ref idref="fl-7"/>
      </object_component>
      <object_component id="oc-20d">
         <name>.debug_line</name>
         <load_address>0x1489</load_address>
         <run_address>0x1489</run_address>
         <size>0x66</size>
         <input_file_ref idref="fl-7"/>
      </object_component>
      <object_component id="oc-321">
         <name>.debug_line</name>
         <load_address>0x14ef</load_address>
         <run_address>0x14ef</run_address>
         <size>0x61</size>
         <input_file_ref idref="fl-7"/>
      </object_component>
      <object_component id="oc-213">
         <name>.debug_line</name>
         <load_address>0x1550</load_address>
         <run_address>0x1550</run_address>
         <size>0x61</size>
         <input_file_ref idref="fl-7"/>
      </object_component>
      <object_component id="oc-2ff">
         <name>.debug_line</name>
         <load_address>0x15b1</load_address>
         <run_address>0x15b1</run_address>
         <size>0x20</size>
         <input_file_ref idref="fl-8"/>
      </object_component>
      <object_component id="oc-1fc">
         <name>.debug_line</name>
         <load_address>0x15d1</load_address>
         <run_address>0x15d1</run_address>
         <size>0x68</size>
         <input_file_ref idref="fl-8"/>
      </object_component>
      <object_component id="oc-1dc">
         <name>.debug_line</name>
         <load_address>0x1639</load_address>
         <run_address>0x1639</run_address>
         <size>0x7f</size>
         <input_file_ref idref="fl-8"/>
      </object_component>
      <object_component id="oc-1ee">
         <name>.debug_line</name>
         <load_address>0x16b8</load_address>
         <run_address>0x16b8</run_address>
         <size>0x63</size>
         <input_file_ref idref="fl-8"/>
      </object_component>
      <object_component id="oc-1e1">
         <name>.debug_line</name>
         <load_address>0x171b</load_address>
         <run_address>0x171b</run_address>
         <size>0x62</size>
         <input_file_ref idref="fl-8"/>
      </object_component>
      <object_component id="oc-1e7">
         <name>.debug_line</name>
         <load_address>0x177d</load_address>
         <run_address>0x177d</run_address>
         <size>0x62</size>
         <input_file_ref idref="fl-8"/>
      </object_component>
      <object_component id="oc-27b">
         <name>.debug_line</name>
         <load_address>0x17df</load_address>
         <run_address>0x17df</run_address>
         <size>0x20</size>
         <input_file_ref idref="fl-c"/>
      </object_component>
      <object_component id="oc-279">
         <name>.debug_line</name>
         <load_address>0x17ff</load_address>
         <run_address>0x17ff</run_address>
         <size>0x47</size>
         <input_file_ref idref="fl-c"/>
      </object_component>
      <object_component id="oc-b5">
         <name>.debug_line</name>
         <load_address>0x1846</load_address>
         <run_address>0x1846</run_address>
         <size>0x63</size>
         <input_file_ref idref="fl-c"/>
      </object_component>
      <object_component id="oc-1c7">
         <name>.debug_line</name>
         <load_address>0x18a9</load_address>
         <run_address>0x18a9</run_address>
         <size>0x63</size>
         <input_file_ref idref="fl-c"/>
      </object_component>
      <object_component id="oc-1cd">
         <name>.debug_line</name>
         <load_address>0x190c</load_address>
         <run_address>0x190c</run_address>
         <size>0x68</size>
         <input_file_ref idref="fl-c"/>
      </object_component>
      <object_component id="oc-1c2">
         <name>.debug_line</name>
         <load_address>0x1974</load_address>
         <run_address>0x1974</run_address>
         <size>0x64</size>
         <input_file_ref idref="fl-c"/>
      </object_component>
      <object_component id="oc-121">
         <name>.debug_line</name>
         <load_address>0x19d8</load_address>
         <run_address>0x19d8</run_address>
         <size>0x56</size>
         <input_file_ref idref="fl-10"/>
      </object_component>
      <object_component id="oc-24f">
         <name>.debug_line</name>
         <load_address>0x1a2e</load_address>
         <run_address>0x1a2e</run_address>
         <size>0x56</size>
         <input_file_ref idref="fl-10"/>
      </object_component>
      <object_component id="oc-24b">
         <name>.debug_line</name>
         <load_address>0x1a84</load_address>
         <run_address>0x1a84</run_address>
         <size>0x5b</size>
         <input_file_ref idref="fl-10"/>
      </object_component>
      <object_component id="oc-27d">
         <name>.debug_line</name>
         <load_address>0x1adf</load_address>
         <run_address>0x1adf</run_address>
         <size>0x20</size>
         <input_file_ref idref="fl-16"/>
      </object_component>
      <object_component id="oc-b7">
         <name>.debug_line</name>
         <load_address>0x1aff</load_address>
         <run_address>0x1aff</run_address>
         <size>0x5b</size>
         <input_file_ref idref="fl-16"/>
      </object_component>
      <object_component id="oc-163">
         <name>.debug_line</name>
         <load_address>0x1b5a</load_address>
         <run_address>0x1b5a</run_address>
         <size>0x5d</size>
         <input_file_ref idref="fl-16"/>
      </object_component>
      <object_component id="oc-25a">
         <name>.debug_line</name>
         <load_address>0x1bb7</load_address>
         <run_address>0x1bb7</run_address>
         <size>0x6d</size>
         <input_file_ref idref="fl-16"/>
      </object_component>
      <object_component id="oc-1aa">
         <name>.debug_line</name>
         <load_address>0x1c24</load_address>
         <run_address>0x1c24</run_address>
         <size>0x20</size>
         <input_file_ref idref="fl-19"/>
      </object_component>
      <object_component id="oc-a6">
         <name>.debug_line</name>
         <load_address>0x1c44</load_address>
         <run_address>0x1c44</run_address>
         <size>0x5b</size>
         <input_file_ref idref="fl-19"/>
      </object_component>
      <object_component id="oc-30a">
         <name>.debug_line</name>
         <load_address>0x1c9f</load_address>
         <run_address>0x1c9f</run_address>
         <size>0x4d</size>
         <input_file_ref idref="fl-32"/>
      </object_component>
      <object_component id="oc-334">
         <name>.debug_line</name>
         <load_address>0x1cec</load_address>
         <run_address>0x1cec</run_address>
         <size>0x43</size>
         <input_file_ref idref="fl-33"/>
      </object_component>
      <object_component id="oc-312">
         <name>.debug_line</name>
         <load_address>0x1d2f</load_address>
         <run_address>0x1d2f</run_address>
         <size>0x5a</size>
         <input_file_ref idref="fl-34"/>
      </object_component>
      <object_component id="oc-2c9">
         <name>.debug_line</name>
         <load_address>0x1d89</load_address>
         <run_address>0x1d89</run_address>
         <size>0x64</size>
         <input_file_ref idref="fl-35"/>
      </object_component>
      <object_component id="oc-2df">
         <name>.debug_line</name>
         <load_address>0x1ded</load_address>
         <run_address>0x1ded</run_address>
         <size>0x3b</size>
         <input_file_ref idref="fl-36"/>
      </object_component>
      <object_component id="oc-161">
         <name>.debug_line</name>
         <load_address>0x1e28</load_address>
         <run_address>0x1e28</run_address>
         <size>0x42</size>
[...]
               <size>0xed63</size>
            </available_space>
         </usage_details>
      </memory_area>
      <memory_area display="yes" color="green">
         <name>RESET</name>
         <page_id>0x0</page_id>
         <origin>0xfffe</origin>
         <length>0xffff</length>
         <used_space>0x2</used_space>
         <unused_space>0xfffd</unused_space>
         <attributes>RWIX</attributes>
         <usage_details>
            <allocated_space>
               <start_address>0xfffe</start_address>
               <size>0x2</size>
               <logical_group_ref idref="lg-345"/>
            </allocated_space>
            <available_space>
               <start_address>0x10000</start_address>
               <size>0xfffd</size>
            </available_space>
         </usage_details>
      </memory_area>
   </placement_map>
   <cptbl_list>
      <cptbl>
         <name>__TI_cinit_table</name>
         <cprec>
            <name>.data</name>
            <load_address>0x1264</load_address>
            <load_size>0x14</load_size>
            <run_address>0x116e</run_address>
            <run_size>0x42</run_size>
            <compression>lzss</compression>
         </cprec>
         <cprec>
            <name>.bss</name>
            <load_address>0x1284</load_address>
            <load_size>0x6</load_size>
            <run_address>0x11b0</run_address>
            <run_size>0x14</run_size>
            <compression>zero_init</compression>
         </cprec>
      </cptbl>
   </cptbl_list>
   <handler_table>
      <handler_table_name>__TI_handler_table</handler_table_name>
      <handler>
         <index>0x0</index>
         <name>__TI_decompress_lzss</name>
      </handler>
      <handler>
         <index>0x1</index>
         <name>__TI_decompress_none</name>
      </handler>
      <handler>
         <index>0x2</index>
         <name>__TI_zero_init</name>
      </handler>
   </handler_table>
   <symbol_table>
      <symbol id="sm-1">
         <name>__TI_CINIT_Base</name>
         <value>0x128a</value>
      </symbol>
      <symbol id="sm-2">
         <name>__TI_CINIT_Limit</name>
         <value>0x129a</value>
      </symbol>
      <symbol id="sm-3">
         <name>__TI_CINIT_Warm</name>
         <value>0x129a</value>
      </symbol>
      <symbol id="sm-4">
         <name>__TI_Handler_Table_Base</name>
         <value>0x1278</value>
      </symbol>
      <symbol id="sm-5">
         <name>__TI_Handler_Table_Limit</name>
         <value>0x1284</value>
      </symbol>
      <symbol id="sm-6">
         <name>__STACK_SIZE</name>
         <value>0xa0</value>
      </symbol>
      <symbol id="sm-7">
         <name>__STACK_END</name>
         <value>0x1264</value>
      </symbol>
      <symbol id="sm-8">
         <name>__c_args__</name>
         <value>0xffffffff</value>
      </symbol>
      <symbol id="sm-9">
         <name>__TI_pprof_out_hndl</name>
         <value>0xffffffff</value>
      </symbol>
      <symbol id="sm-a">
         <name>__TI_prof_data_start</name>
         <value>0xffffffff</value>
      </symbol>
      <symbol id="sm-b">
         <name>__TI_prof_data_size</name>
         <value>0xffffffff</value>
      </symbol>
      <symbol id="sm-10d">
         <name>dataTX</name>
         <value>0x11b0</value>
      </symbol>
      <symbol id="sm-10e">
         <name>initDAC</name>
         <value>0xf6c</value>
         <object_component_ref idref="oc-134"/>
      </symbol>
      <symbol id="sm-10f">
         <name>sRunning</name>
         <value>0x1184</value>
         <object_component_ref idref="oc-ad"/>
      </symbol>
      <symbol id="sm-110">
         <name>RxIndex</name>
         <value>0x11a6</value>
         <object_component_ref idref="oc-ad"/>
      </symbol>
      <symbol id="sm-111">
         <name>wIncOdd</name>
         <value>0x117e</value>
         <object_component_ref idref="oc-ad"/>
      </symbol>
      <symbol id="sm-112">
         <name>WriteRegisterToDAC</name>
         <value>0xde4</value>
         <object_component_ref idref="oc-21a"/>
      </symbol>
      <symbol id="sm-113">
         <name>initTimer</name>
         <value>0xaf0</value>
         <object_component_ref idref="oc-146"/>
      </symbol>
      <symbol id="sm-114">
         <name>initHardware</name>
         <value>0x62c</value>
         <object_component_ref idref="oc-a7"/>
      </symbol>
      <symbol id="sm-115">
         <name>outInp_odd</name>
         <value>0x1194</value>
         <object_component_ref idref="oc-ad"/>
      </symbol>
      <symbol id="sm-116">
         <name>wPot</name>
         <value>0x1170</value>
         <object_component_ref idref="oc-ad"/>
      </symbol>
      <symbol id="sm-117">
         <name>last_wPot</name>
         <value>0x118a</value>
         <object_component_ref idref="oc-ad"/>
      </symbol>
      <symbol id="sm-118">
         <name>outSend</name>
         <value>0x119a</value>
         <object_component_ref idref="oc-ad"/>
      </symbol>
      <symbol id="sm-119">
         <name>ADCsum</name>
         <value>0x11a0</value>
         <object_component_ref idref="oc-ad"/>
      </symbol>
      <symbol id="sm-11a">
         <name>initGPIO</name>
         <value>0x936</value>
         <object_component_ref idref="oc-116"/>
      </symbol>
      <symbol id="sm-11b">
         <name>cycleX</name>
         <value>0x119c</value>
         <object_component_ref idref="oc-ad"/>
      </symbol>
      <symbol id="sm-11c">
         <name>outIndex</name>
         <value>0x11a4</value>
         <object_component_ref idref="oc-ad"/>
      </symbol>
      <symbol id="sm-11d">
         <name>outN</name>
         <value>0x1198</value>
         <object_component_ref idref="oc-ad"/>
      </symbol>
      <symbol id="sm-11e">
         <name>outRefPot_even</name>
         <value>0x1192</value>
         <object_component_ref idref="oc-ad"/>
      </symbol>
      <symbol id="sm-11f">
         <name>send_Buffer</name>
         <value>0xdc4</value>
         <object_component_ref idref="oc-16a"/>
      </symbol>
      <symbol id="sm-120">
         <name>initSPI</name>
         <value>0x870</value>
         <object_component_ref idref="oc-12e"/>
      </symbol>
      <symbol id="sm-121">
         <name>outInp_even</name>
         <value>0x1196</value>
         <object_component_ref idref="oc-ad"/>
      </symbol>
      <symbol id="sm-122">
         <name>wIncEven</name>
         <value>0x1180</value>
         <object_component_ref idref="oc-ad"/>
      </symbol>
      <symbol id="sm-123">
         <name>last_updated</name>
         <value>0x119b</value>
         <object_component_ref idref="oc-ad"/>
      </symbol>
      <symbol id="sm-124">
         <name>last_Inp</name>
         <value>0x118c</value>
         <object_component_ref idref="oc-ad"/>
      </symbol>
      <symbol id="sm-125">
         <name>cycleDone</name>
         <value>0x119d</value>
         <object_component_ref idref="oc-ad"/>
      </symbol>
      <symbol id="sm-126">
         <name>initClockTo16MHz</name>
         <value>0xce0</value>
         <object_component_ref idref="oc-110"/>
      </symbol>
      <symbol id="sm-127">
         <name>refIncEven</name>
         <value>0x117c</value>
         <object_component_ref idref="oc-ad"/>
      </symbol>
      <symbol id="sm-128">
         <name>main</name>
         <value>0xa9e</value>
         <object_component_ref idref="oc-7f"/>
      </symbol>
      <symbol id="sm-129">
         <name>readADCNow</name>
         <value>0x119e</value>
         <object_component_ref idref="oc-ad"/>
      </symbol>
      <symbol id="sm-12a">
         <name>nrEl</name>
         <value>0x1173</value>
         <object_component_ref idref="oc-ad"/>
      </symbol>
      <symbol id="sm-12b">
         <name>setTimer</name>
         <value>0xe68</value>
         <object_component_ref idref="oc-bc"/>
      </symbol>
      <symbol id="sm-12c">
         <name>last_refPot</name>
         <value>0x1188</value>
         <object_component_ref idref="oc-ad"/>
      </symbol>
      <symbol id="sm-12d">
         <name>send_buf</name>
         <value>0xe36</value>
         <object_component_ref idref="oc-128"/>
      </symbol>
      <symbol id="sm-12e">
         <name>setDAC</name>
         <value>0xed8</value>
         <object_component_ref idref="oc-13a"/>
      </symbol>
      <symbol id="sm-12f">
         <name>outRefPot_odd</name>
         <value>0x1190</value>
         <object_component_ref idref="oc-ad"/>
      </symbol>
      <symbol id="sm-130">
         <name>refIncOdd</name>
         <value>0x117a</value>
         <object_component_ref idref="oc-ad"/>
      </symbol>
      <symbol id="sm-131">
         <name>SPI_masterSendMultipleByte</name>
         <value>0x72c</value>
         <object_component_ref idref="oc-2d0"/>
      </symbol>
      <symbol id="sm-132">
         <name>inpMode</name>
         <value>0x1172</value>
         <object_component_ref idref="oc-ad"/>
      </symbol>
      <symbol id="sm-133">
         <name>timerBaseStep</name>
         <value>0x1174</value>
         <object_component_ref idref="oc-ad"/>
      </symbol>
      <symbol id="sm-134">
         <name>tmp</name>
         <value>0x11a8</value>
         <object_component_ref idref="oc-ad"/>
      </symbol>
      <symbol id="sm-135">
         <name>sendResponse</name>
         <value>0xbfe</value>
         <object_component_ref idref="oc-c3"/>
      </symbol>
      <symbol id="sm-136">
         <name>last_N</name>
         <value>0x118e</value>
         <object_component_ref idref="oc-ad"/>
      </symbol>
      <symbol id="sm-137">
         <name>Nstep</name>
         <value>0x1186</value>
         <object_component_ref idref="oc-ad"/>
      </symbol>
      <symbol id="sm-138">
         <name>initADC</name>
         <value>0x998</value>
         <object_component_ref idref="oc-140"/>
      </symbol>
      <symbol id="sm-139">
         <name>initURAT</name>
         <value>0x806</value>
         <object_component_ref idref="oc-122"/>
      </symbol>
      <symbol id="sm-13a">
         <name>numberOfSteps</name>
         <value>0x1182</value>
         <object_component_ref idref="oc-ad"/>
      </symbol>
      <symbol id="sm-13b">
         <name>timerBaseStep1</name>
         <value>0x1176</value>
         <object_component_ref idref="oc-ad"/>
      </symbol>
      <symbol id="sm-13c">
         <name>timerBaseStep2</name>
         <value>0x1178</value>
         <object_component_ref idref="oc-ad"/>
      </symbol>
      <symbol id="sm-13d">
         <name>refPot</name>
         <value>0x116e</value>
         <object_component_ref idref="oc-ad"/>
      </symbol>
      <symbol id="sm-16e">
         <name>ADC_setupSamplingTimer</name>
         <value>0xeee</value>
         <object_component_ref idref="oc-22e"/>
      </symbol>
      <symbol id="sm-16f">
         <name>ADC_configureMemory</name>
         <value>0xd14</value>
         <object_component_ref idref="oc-234"/>
      </symbol>
      <symbol id="sm-170">
         <name>ADC_enableInterrupt</name>
         <value>0xfb2</value>
         <object_component_ref idref="oc-240"/>
      </symbol>
      <symbol id="sm-171">
         <name>ADC_init</name>
         <value>0xc78</value>
         <object_component_ref idref="oc-222"/>
      </symbol>
      <symbol id="sm-172">
         <name>ADC_enable</name>
         <value>0xf8c</value>
         <object_component_ref idref="oc-228"/>
      </symbol>
      <symbol id="sm-173">
         <name>ADC_clearInterrupt</name>
         <value>0xfac</value>
         <object_component_ref idref="oc-23a"/>
      </symbol>
      <symbol id="sm-1e8">
         <name>CS_initFLLSettle</name>
         <value>0xcac</value>
         <object_component_ref idref="oc-1b6"/>
      </symbol>
      <symbol id="sm-1e9">
         <name>CS_initFLL</name>
         <value>0x2ee</value>
         <object_component_ref idref="oc-2aa"/>
      </symbol>
      <symbol id="sm-1ea">
         <name>CS_getSMCLK</name>
         <value>0xe50</value>
         <object_component_ref idref="oc-202"/>
      </symbol>
      <symbol id="sm-1eb">
         <name>CS_initClockSignal</name>
         <value>0x3b2</value>
         <object_component_ref idref="oc-1b0"/>
      </symbol>
      <symbol id="sm-20d">
         <name>EUSCI_A_SPI_getInterruptStatus</name>
         <value>0xf94</value>
         <object_component_ref idref="oc-31d"/>
      </symbol>
      <symbol id="sm-20e">
         <name>EUSCI_A_SPI_initMaster</name>
         <value>0xa4a</value>
         <object_component_ref idref="oc-208"/>
      </symbol>
      <symbol id="sm-20f">
         <name>EUSCI_A_SPI_transmitData</name>
         <value>0xf9c</value>
         <object_component_ref idref="oc-323"/>
      </symbol>
      <symbol id="sm-210">
         <name>EUSCI_A_SPI_enable</name>
         <value>0xfb8</value>
         <object_component_ref idref="oc-20e"/>
      </symbol>
      <symbol id="sm-23d">
         <name>EUSCI_A_UART_enableInterrupt</name>
         <value>0xe80</value>
         <object_component_ref idref="oc-1ec"/>
      </symbol>
      <symbol id="sm-23e">
         <name>EUSCI_A_UART_init</name>
         <value>0x512</value>
         <object_component_ref idref="oc-1da"/>
      </symbol>
      <symbol id="sm-23f">
         <name>EUSCI_A_UART_enable</name>
         <value>0xfc4</value>
         <object_component_ref idref="oc-1e0"/>
      </symbol>
      <symbol id="sm-240">
         <name>EUSCI_A_UART_clearInterrupt</name>
         <value>0xfbe</value>
         <object_component_ref idref="oc-1e6"/>
      </symbol>
      <symbol id="sm-241">
         <name>EUSCI_A_UART_transmitData</name>
         <value>0xf02</value>
         <object_component_ref idref="oc-1f8"/>
      </symbol>
      <symbol id="sm-272">
         <name>GPIO_setOutputHighOnPin</name>
         <value>0xe96</value>
         <object_component_ref idref="oc-1c3"/>
      </symbol>
      <symbol id="sm-273">
         <name>GPIO_setAsOutputPin</name>
         <value>0xe1c</value>
         <object_component_ref idref="oc-1bd"/>
      </symbol>
      <symbol id="sm-274">
         <name>GPIO_setOutputLowOnPin</name>
         <value>0xeac</value>
         <object_component_ref idref="oc-b0"/>
      </symbol>
      <symbol id="sm-275">
         <name>GPIO_setAsPeripheralModuleFunctionInputPin</name>
         <value>0xd44</value>
         <object_component_ref idref="oc-1c9"/>
      </symbol>
      <symbol id="sm-28f">
         <name>PMM_enableInternalReference</name>
         <value>0xf50</value>
         <object_component_ref idref="oc-246"/>
      </symbol>
      <symbol id="sm-290">
         <name>PMM_unlockLPM5</name>
         <value>0xfca</value>
         <object_component_ref idref="oc-11c"/>
      </symbol>
      <symbol id="sm-291">
         <name>PMM_getVariableReferenceVoltageStatus</name>
         <value>0xf78</value>
         <object_component_ref idref="oc-24c"/>
      </symbol>
      <symbol id="sm-2b3">
         <name>Timer_A_setCompareValue</name>
         <value>0xfa4</value>
         <object_component_ref idref="oc-162"/>
      </symbol>
      <symbol id="sm-2b4">
         <name>Timer_A_initUpMode</name>
         <value>0x8d4</value>
         <object_component_ref idref="oc-256"/>
      </symbol>
      <symbol id="sm-2b5">
         <name>Timer_A_startCounter</name>
         <value>0xf60</value>
         <object_component_ref idref="oc-b6"/>
      </symbol>
      <symbol id="sm-2c3">
         <name>WDT_A_hold</name>
         <value>0xf16</value>
         <object_component_ref idref="oc-a1"/>
      </symbol>
      <symbol id="sm-2cf">
         <name>__mspabi_remi</name>
         <value>0xd72</value>
         <object_component_ref idref="oc-309"/>
      </symbol>
      <symbol id="sm-2d0">
         <name>__mspabi_divi</name>
         <value>0xd72</value>
         <object_component_ref idref="oc-309"/>
      </symbol>
      <symbol id="sm-2da">
         <name>__mspabi_remu</name>
         <value>0xec2</value>
         <object_component_ref idref="oc-330"/>
      </symbol>
      <symbol id="sm-2db">
         <name>__mspabi_divu</name>
         <value>0xec2</value>
         <object_component_ref idref="oc-330"/>
      </symbol>
      <symbol id="sm-2e7">
         <name>__mspabi_remli</name>
         <value>0xb80</value>
         <object_component_ref idref="oc-30e"/>
      </symbol>
      <symbol id="sm-2e8">
         <name>__mspabi_divli</name>
         <value>0xb80</value>
         <object_component_ref idref="oc-30e"/>
      </symbol>
      <symbol id="sm-2f6">
         <name>__mspabi_remul</name>
         <value>0x9f2</value>
         <object_component_ref idref="oc-2c8"/>
      </symbol>
      <symbol id="sm-2f7">
         <name>__mspabi_divul</name>
         <value>0x9f2</value>
         <object_component_ref idref="oc-2c8"/>
      </symbol>
      <symbol id="sm-300">
         <name>__mspabi_slli</name>
         <value>0xf82</value>
         <object_component_ref idref="oc-2db"/>
      </symbol>
      <symbol id="sm-30b">
         <name>__mspabi_mpyi_sw</name>
         <value>0xf2a</value>
         <object_component_ref idref="oc-15d"/>
      </symbol>
      <symbol id="sm-30c">
         <name>__mspabi_mpyi</name>
         <value>0xf2a</value>
         <object_component_ref idref="oc-15d"/>
      </symbol>
      <symbol id="sm-316">
         <name>__mspabi_mpyl_sw</name>
         <value>0xd9e</value>
         <object_component_ref idref="oc-337"/>
      </symbol>
      <symbol id="sm-317">
         <name>__mspabi_mpyl</name>
         <value>0xd9e</value>
         <object_component_ref idref="oc-337"/>
      </symbol>
      <symbol id="sm-327">
         <name>_stack</name>
         <value>0x11c4</value>
         <object_component_ref idref="oc-11"/>
      </symbol>
      <symbol id="sm-328">
         <name>_c_int00_noargs</name>
         <value>0xe00</value>
         <object_component_ref idref="oc-3e"/>
      </symbol>
      <symbol id="sm-329">
         <name>_reset_vector</name>
         <value>0xfffe</value>
         <object_component_ref idref="oc-14"/>
      </symbol>
      <symbol id="sm-34b">
         <name>__TI_auto_init_nobinit_nopinit_hold_wdt</name>
         <value>0x79c</value>
         <object_component_ref idref="oc-ee"/>
      </symbol>
      <symbol id="sm-35b">
         <name>__TI_zero_init_nomemset</name>
         <value>0xbc0</value>
         <object_component_ref idref="oc-2c"/>
      </symbol>
      <symbol id="sm-366">
         <name>_system_pre_init</name>
         <value>0xfd6</value>
         <object_component_ref idref="oc-79"/>
      </symbol>
      <symbol id="sm-36f">
         <name>_system_post_cinit</name>
         <value>0xfda</value>
         <object_component_ref idref="oc-183"/>
      </symbol>
      <symbol id="sm-380">
         <name>__TI_decompress_none</name>
         <value>0xc3c</value>
         <object_component_ref idref="oc-9"/>
      </symbol>
      <symbol id="sm-3a1">
         <name>__TI_decompress_lzss</name>
         <value>0x200</value>
         <object_component_ref idref="oc-3"/>
      </symbol>
      <symbol id="sm-3ab">
         <name>C$$EXIT</name>
         <value>0xfd0</value>
         <object_component_ref idref="oc-ca"/>
      </symbol>
      <symbol id="sm-3ac">
         <name>abort</name>
         <value>0xfd0</value>
         <object_component_ref idref="oc-ca"/>
      </symbol>
      <symbol id="sm-3be">
         <name>memcpy</name>
         <value>0xf3e</value>
         <object_component_ref idref="oc-1d4"/>
      </symbol>
      <symbol id="sm-3ca">
         <name>__memcpy_far</name>
         <value>0xb40</value>
         <object_component_ref idref="oc-20"/>
      </symbol>
      <symbol id="sm-3cd">
         <name>PM5CTL0</name>
         <value>0x0</value>
      </symbol>
      <symbol id="sm-3ce">
         <name>WDTCTL</name>
         <value>0x0</value>
      </symbol>
   </symbol_table>
   <title>Link errors: red sections failed placement</title>
</link_info>
