******************************************************************************
                  MSP430 Linker PC v21.6.1                     
******************************************************************************
>> Linked Tue Aug 29 11:10:09 2023

OUTPUT FILE NAME:   <emptyProject.out>
ENTRY POINT SYMBOL: "_c_int00_noargs"  address: 00000e00


MEMORY CONFIGURATION

         name            origin    length      used     unused   attr    fill
----------------------  --------  ---------  --------  --------  ----  --------
  MEM                   00000200   0000fdfd  0000109a  0000ed63  RWIX
  RESET                 0000fffe   0000ffff  00000002  0000fffd  RWIX


SECTION ALLOCATION MAP

 output                                  attributes/
section   page    origin      length       input sections
--------  ----  ----------  ----------   ----------------
.text      0    00000200    00000ddc     
                  00000200    000000ee     rts430x_lc_sd_eabi.lib : copy_decompress_lzss.c.obj (.text:decompress:lzss:__TI_decompress_lzss)
                  000002ee    000000c4     cs.obj (.text:CS_initFLL)
                  000003b2    000000b8     cs.obj (.text:CS_initClockSignal)
                  0000046a    000000a8     cs.obj (.text:privateCSComputeCLKFrequency)
                  00000512    0000008e     eusci_a_uart.obj (.text:EUSCI_A_UART_init)
                  000005a0    0000008c     cs.obj (.text:privateCSSourceClockFromDCO)
                  0000062c    00000082     main.obj (.text:initHardware)
                  000006ae    0000007e     cs.obj (.text:privateDCORange)
                  0000072c    00000070     main.obj (.text:SPI_masterSendMultipleByte)
                  0000079c    0000006a     rts430x_lc_sd_eabi.lib : autoinit.c.obj (.text:__TI_auto_init_nobinit_nopinit_hold_wdt:__TI_auto_init_nobinit_nopinit_hold_wdt)
                  00000806    0000006a     main.obj (.text:initURAT)
                  00000870    00000064     main.obj (.text:initSPI)
                  000008d4    00000062     timer_a.obj (.text:Timer_A_initUpMode)
                  00000936    00000062     main.obj (.text:initGPIO)
                  00000998    0000005a     main.obj (.text:initADC)
                  000009f2    00000058     rts430x_lc_sd_eabi.lib : div32u.asm.obj (.text)
                  00000a4a    00000054     eusci_a_spi.obj (.text:EUSCI_A_SPI_initMaster)
                  00000a9e    00000052     main.obj (.text:main)
                  00000af0    00000050     main.obj (.text:initTimer)
                  00000b40    00000040     rts430x_lc_sd_eabi.lib : cpy_util.asm.obj (.text:__memcpy_far)
                  00000b80    00000040                            : div32s.asm.obj (.text)
                  00000bc0    0000003e                            : copy_zero_init.c.obj (.text:decompress:ZI:__TI_zero_init_nomemset:__TI_zero_init_nomemset)
                  00000bfe    0000003e     main.obj (.text:sendResponse)
                  00000c3c    0000003c     rts430x_lc_sd_eabi.lib : copy_decompress_none.c.obj (.text:decompress:none:__TI_decompress_none)
                  00000c78    00000034     adc.obj (.text:ADC_init)
                  00000cac    00000034     cs.obj (.text:CS_initFLLSettle)
                  00000ce0    00000034     main.obj (.text:initClockTo16MHz)
                  00000d14    00000030     adc.obj (.text:ADC_configureMemory)
                  00000d44    0000002e     gpio.obj (.text:GPIO_setAsPeripheralModuleFunctionInputPin)
                  00000d72    0000002c     rts430x_lc_sd_eabi.lib : div16s.asm.obj (.text)
                  00000d9e    00000026                            : mult32.asm.obj (.text)
                  00000dc4    00000020     main.obj (.text:send_Buffer)
                  00000de4    0000001c     main.obj (.text:WriteRegisterToDAC)
                  00000e00    0000001c     rts430x_lc_sd_eabi.lib : boot.c.obj (.text:_isr:_c_int00_noargs)
                  00000e1c    0000001a     gpio.obj (.text:GPIO_setAsOutputPin)
                  00000e36    0000001a     main.obj (.text:send_buf)
                  00000e50    00000018     cs.obj (.text:CS_getSMCLK)
                  00000e68    00000018     main.obj (.text:setTimer)
                  00000e80    00000016     eusci_a_uart.obj (.text:EUSCI_A_UART_enableInterrupt)
                  00000e96    00000016     gpio.obj (.text:GPIO_setOutputHighOnPin)
                  00000eac    00000016     gpio.obj (.text:GPIO_setOutputLowOnPin)
                  00000ec2    00000016     rts430x_lc_sd_eabi.lib : div16u.asm.obj (.text)
                  00000ed8    00000016     main.obj (.text:setDAC)
                  00000eee    00000014     adc.obj (.text:ADC_setupSamplingTimer)
                  00000f02    00000014     eusci_a_uart.obj (.text:EUSCI_A_UART_transmitData)
                  00000f16    00000014     wdt_a.obj (.text:WDT_A_hold)
                  00000f2a    00000014     rts430x_lc_sd_eabi.lib : mult16.asm.obj (.text)
                  00000f3e    00000012                            : memcpy.c.obj (.text:memcpy)
                  00000f50    00000010     pmm.obj (.text:PMM_enableInternalReference)
                  00000f60    0000000c     timer_a.obj (.text:Timer_A_startCounter)
                  00000f6c    0000000c     main.obj (.text:initDAC)
                  00000f78    0000000a     pmm.obj (.text:PMM_getVariableReferenceVoltageStatus)
                  00000f82    0000000a     rts430x_lc_sd_eabi.lib : lsl16.asm.obj (.text)
                  00000f8c    00000008     adc.obj (.text:ADC_enable)
                  00000f94    00000008     eusci_a_spi.obj (.text:EUSCI_A_SPI_getInterruptStatus)
                  00000f9c    00000008     eusci_a_spi.obj (.text:EUSCI_A_SPI_transmitData)
                  00000fa4    00000008     timer_a.obj (.text:Timer_A_setCompareValue)
                  00000fac    00000006     adc.obj (.text:ADC_clearInterrupt)
                  00000fb2    00000006     adc.obj (.text:ADC_enableInterrupt)
                  00000fb8    00000006     eusci_a_spi.obj (.text:EUSCI_A_SPI_enable)
                  00000fbe    00000006     eusci_a_uart.obj (.text:EUSCI_A_UART_clearInterrupt)
                  00000fc4    00000006     eusci_a_uart.obj (.text:EUSCI_A_UART_enable)
                  00000fca    00000006     pmm.obj (.text:PMM_unlockLPM5)
                  00000fd0    00000006     rts430x_lc_sd_eabi.lib : exit.c.obj (.text:abort)
                  00000fd6    00000004                            : pre_init.c.obj (.text:_system_pre_init)
                  00000fda    00000002                            : startup.c.obj (.text:_system_post_cinit)

.const     0    00000fdc    00000192     
                  00000fdc    00000146     main.obj (.const:.string)
                  00001122    0000001c     gpio.obj (.const:GPIO_PORT_TO_BASE)
                  0000113e    00000012     main.obj (.const:$P$T2$3)
                  00001150    00000010     main.obj (.const:$P$T0$1)
                  00001160    0000000e     main.obj (.const:$P$T3$4)

.data      0    0000116e    00000042     UNINITIALIZED
                  0000116e    0000003e     main.obj (.data)
                  000011ac    00000004     cs.obj (.data)

.bss       0    000011b0    00000014     UNINITIALIZED
                  000011b0    00000014     (.common:dataTX)

.cinit     0    00001264    00000036     
                  00001264    00000014     (.cinit..data.load) [load image, compression = lzss]
                  00001278    0000000c     (__TI_handler_table)
                  00001284    00000006     (.cinit..bss.load) [load image, compression = zero_init]
                  0000128a    00000010     (__TI_cinit_table)

.reset     0    0000fffe    00000002     
                  0000fffe    00000002     rts430x_lc_sd_eabi.lib : boot.c.obj (.reset)

.init_array 
*          0    00000200    00000000     UNINITIALIZED

.stack     0    000011c4    000000a0     UNINITIALIZED
                  000011c4    00000002     rts430x_lc_sd_eabi.lib : boot.c.obj (.stack)
                  000011c6    0000009e     --HOLE--

MODULE SUMMARY

       Module                       code   ro data   rw data
       ------                       ----   -------   -------
    .\
       main.obj                     1056   374       82     
    +--+----------------------------+------+---------+---------+
       Total:                       1056   374       82     
                                                            
    .\driverlib\MSP430FR2xx_4xx\
       cs.obj                       890    0         4      
       eusci_a_uart.obj             196    0         0      
       gpio.obj                     116    28        0      
       adc.obj                      140    0         0      
       timer_a.obj                  118    0         0      
       eusci_a_spi.obj              106    0         0      
       pmm.obj                      32     0         0      
       wdt_a.obj                    20     0         0      
    +--+----------------------------+------+---------+---------+
       Total:                       1618   28        4      
                                                            
    D:\Program Files\ti\ccs1240\ccs\tools\compiler\ti-cgt-msp430_21.6.1.LTS\lib\rts430x_lc_sd_eabi.lib
       copy_decompress_lzss.c.obj   238    0         0      
       autoinit.c.obj               106    0         0      
       div32u.asm.obj               88     0         0      
       cpy_util.asm.obj             64     0         0      
       div32s.asm.obj               64     0         0      
       copy_zero_init.c.obj         62     0         0      
       copy_decompress_none.c.obj   60     0         0      
       div16s.asm.obj               44     0         0      
       mult32.asm.obj               38     0         0      
       boot.c.obj                   28     2         0      
       div16u.asm.obj               22     0         0      
       mult16.asm.obj               20     0         0      
       memcpy.c.obj                 18     0         0      
       lsl16.asm.obj                10     0         0      
       exit.c.obj                   6      0         0      
       pre_init.c.obj               4      0         0      
       startup.c.obj                2      0         0      
    +--+----------------------------+------+---------+---------+
       Total:                       874    2         0      
                                                            
       Stack:                       0      0         160    
       Linker Generated:            0      54        0      
    +--+----------------------------+------+---------+---------+
       Grand Total:                 3548   458       246    


LINKER GENERATED COPY TABLES

__TI_cinit_table @ 0000128a records: 2, size/record: 8, table size: 16
	.data: load addr=00001264, load size=00000014 bytes, run addr=0000116e, run size=00000042 bytes, compression=lzss
	.bss: load addr=00001284, load size=00000006 bytes, run addr=000011b0, run size=00000014 bytes, compression=zero_init


LINKER GENERATED HANDLER TABLE

__TI_handler_table @ 00001278 records: 3, size/record: 4, table size: 12
	index: 0, handler: __TI_decompress_lzss
	index: 1, handler: __TI_decompress_none
	index: 2, handler: __TI_zero_init


GLOBAL SYMBOLS: SORTED ALPHABETICALLY BY Name 

address   name                                      
-------   ----                                      
00000fac  ADC_clearInterrupt                        
00000d14  ADC_configureMemory                       
00000f8c  ADC_enable                                
00000fb2  ADC_enableInterrupt                       
00000c78  ADC_init                                  
00000eee  ADC_setupSamplingTimer                    
000011a0  ADCsum                                    
00000fd0  C$$EXIT                                   
00000e50  CS_getSMCLK                               
000003b2  CS_initClockSignal                        
000002ee  CS_initFLL                                
00000cac  CS_initFLLSettle                          
00000fb8  EUSCI_A_SPI_enable                        
00000f94  EUSCI_A_SPI_getInterruptStatus            
00000a4a  EUSCI_A_SPI_initMaster                    
00000f9c  EUSCI_A_SPI_transmitData                  
00000fbe  EUSCI_A_UART_clearInterrupt               
00000fc4  EUSCI_A_UART_enable                       
00000e80  EUSCI_A_UART_enableInterrupt              
00000512  EUSCI_A_UART_init                         
00000f02  EUSCI_A_UART_transmitData                 
00000e1c  GPIO_setAsOutputPin                       
00000d44  GPIO_setAsPeripheralModuleFunctionInputPin
00000e96  GPIO_setOutputHighOnPin                   
00000eac  GPIO_setOutputLowOnPin                    
00001186  Nstep                                     
UNDEFED   PM5CTL0                                   
00000f50  PMM_enableInternalReference               
00000f78  PMM_getVariableReferenceVoltageStatus     
00000fca  PMM_unlockLPM5                            
000011a6  RxIndex                                   
0000072c  SPI_masterSendMultipleByte                
000008d4  Timer_A_initUpMode                        
00000fa4  Timer_A_setCompareValue                   
00000f60  Timer_A_startCounter                      
UNDEFED   WDTCTL                                    
00000f16  WDT_A_hold                                
00000de4  WriteRegisterToDAC                        
00001264  __STACK_END                               
000000a0  __STACK_SIZE                              
0000128a  __TI_CINIT_Base                           
0000129a  __TI_CINIT_Limit                          
0000129a  __TI_CINIT_Warm                           
00001278  __TI_Handler_Table_Base                   
00001284  __TI_Handler_Table_Limit                  
0000079c  __TI_auto_init_nobinit_nopinit_hold_wdt   
00000200  __TI_decompress_lzss                      
00000c3c  __TI_decompress_none                      
ffffffff  __TI_pprof_out_hndl                       
ffffffff  __TI_prof_data_size                       
ffffffff  __TI_prof_data_start                      
00000bc0  __TI_zero_init_nomemset                   
ffffffff  __c_args__                                
00000b40  __memcpy_far                              
00000d72  __mspabi_divi                             
00000b80  __mspabi_divli                            
00000ec2  __mspabi_divu                             
000009f2  __mspabi_divul                            
00000f2a  __mspabi_mpyi                             
00000f2a  __mspabi_mpyi_sw                          
00000d9e  __mspabi_mpyl                             
00000d9e  __mspabi_mpyl_sw                          
00000d72  __mspabi_remi                             
00000b80  __mspabi_remli                            
00000ec2  __mspabi_remu                             
000009f2  __mspabi_remul                            
00000f82  __mspabi_slli                             
00000e00  _c_int00_noargs                           
0000fffe  _reset_vector                             
000011c4  _stack                                    
00000fda  _system_post_cinit                        
00000fd6  _system_pre_init                          
00000fd0  abort                                     
0000119d  cycleDone                                 
0000119c  cycleX                                    
000011b0  dataTX                                    
00000998  initADC                                   
00000ce0  initClockTo16MHz                          
00000f6c  initDAC                                   
00000936  initGPIO                                  
0000062c  initHardware                              
00000870  initSPI                                   
00000af0  initTimer                                 
00000806  initURAT                                  
00001172  inpMode                                   
0000118c  last_Inp                                  
0000118e  last_N                                    
00001188  last_refPot                               
0000119b  last_updated                              
0000118a  last_wPot                                 
00000a9e  main                                      
00000f3e  memcpy                                    
00001173  nrEl                                      
00001182  numberOfSteps                             
000011a4  outIndex                                  
00001196  outInp_even                               
00001194  outInp_odd                                
00001198  outN                                      
00001192  outRefPot_even                            
00001190  outRefPot_odd                             
0000119a  outSend                                   
0000119e  readADCNow                                
0000117c  refIncEven                                
0000117a  refIncOdd                                 
0000116e  refPot                                    
00001184  sRunning                                  
00000bfe  sendResponse                              
00000dc4  send_Buffer                               
00000e36  send_buf                                  
00000ed8  setDAC                                    
00000e68  setTimer                                  
00001174  timerBaseStep                             
00001176  timerBaseStep1                            
00001178  timerBaseStep2                            
000011a8  tmp                                       
00001180  wIncEven                                  
0000117e  wIncOdd                                   
00001170  wPot                                      


GLOBAL SYMBOLS: SORTED BY Symbol Address 

address   name                                      
-------   ----                                      
000000a0  __STACK_SIZE                              
00000200  __TI_decompress_lzss                      
000002ee  CS_initFLL                                
000003b2  CS_initClockSignal                        
00000512  EUSCI_A_UART_init                         
0000062c  initHardware                              
0000072c  SPI_masterSendMultipleByte                
0000079c  __TI_auto_init_nobinit_nopinit_hold_wdt   
00000806  initURAT                                  
00000870  initSPI                                   
000008d4  Timer_A_initUpMode                        
00000936  initGPIO                                  
00000998  initADC                                   
000009f2  __mspabi_divul                            
000009f2  __mspabi_remul                            
00000a4a  EUSCI_A_SPI_initMaster                    
00000a9e  main                                      
00000af0  initTimer                                 
00000b40  __memcpy_far                              
00000b80  __mspabi_divli                            
00000b80  __mspabi_remli                            
00000bc0  __TI_zero_init_nomemset                   
00000bfe  sendResponse                              
00000c3c  __TI_decompress_none                      
00000c78  ADC_init                                  
00000cac  CS_initFLLSettle                          
00000ce0  initClockTo16MHz                          
00000d14  ADC_configureMemory                       
00000d44  GPIO_setAsPeripheralModuleFunctionInputPin
00000d72  __mspabi_divi                             
00000d72  __mspabi_remi                             
00000d9e  __mspabi_mpyl                             
00000d9e  __mspabi_mpyl_sw                          
00000dc4  send_Buffer                               
00000de4  WriteRegisterToDAC                        
00000e00  _c_int00_noargs                           
00000e1c  GPIO_setAsOutputPin                       
00000e36  send_buf                                  
00000e50  CS_getSMCLK                               
00000e68  setTimer                                  
00000e80  EUSCI_A_UART_enableInterrupt              
00000e96  GPIO_setOutputHighOnPin                   
00000eac  GPIO_setOutputLowOnPin                    
00000ec2  __mspabi_divu                             
00000ec2  __mspabi_remu                             
00000ed8  setDAC                                    
00000eee  ADC_setupSamplingTimer                    
00000f02  EUSCI_A_UART_transmitData                 
00000f16  WDT_A_hold                                
00000f2a  __mspabi_mpyi                             
00000f2a  __mspabi_mpyi_sw                          
00000f3e  memcpy                                    
00000f50  PMM_enableInternalReference               
00000f60  Timer_A_startCounter                      
00000f6c  initDAC                                   
00000f78  PMM_getVariableReferenceVoltageStatus     
00000f82  __mspabi_slli                             
00000f8c  ADC_enable                                
00000f94  EUSCI_A_SPI_getInterruptStatus            
00000f9c  EUSCI_A_SPI_transmitData                  
00000fa4  Timer_A_setCompareValue                   
00000fac  ADC_clearInterrupt                        
00000fb2  ADC_enableInterrupt                       
00000fb8  EUSCI_A_SPI_enable                        
00000fbe  EUSCI_A_UART_clearInterrupt               
00000fc4  EUSCI_A_UART_enable                       
00000fca  PMM_unlockLPM5                            
00000fd0  C$$EXIT                                   
00000fd0  abort                                     
00000fd6  _system_pre_init                          
00000fda  _system_post_cinit                        
0000116e  refPot                                    
00001170  wPot                                      
00001172  inpMode                                   
00001173  nrEl                                      
00001174  timerBaseStep                             
00001176  timerBaseStep1                            
00001178  timerBaseStep2                            
0000117a  refIncOdd                                 
0000117c  refIncEven                                
0000117e  wIncOdd                                   
00001180  wIncEven                                  
00001182  numberOfSteps                             
00001184  sRunning                                  
00001186  Nstep                                     
00001188  last_refPot                               
0000118a  last_wPot                                 
0000118c  last_Inp                                  
0000118e  last_N                                    
00001190  outRefPot_odd                             
00001192  outRefPot_even                            
00001194  outInp_odd                                
00001196  outInp_even                               
00001198  outN                                      
0000119a  outSend                                   
0000119b  last_updated                              
0000119c  cycleX                                    
0000119d  cycleDone                                 
0000119e  readADCNow                                
000011a0  ADCsum                                    
000011a4  outIndex                                  
000011a6  RxIndex                                   
000011a8  tmp                                       
000011b0  dataTX                                    
000011c4  _stack                                    
00001264  __STACK_END                               
00001278  __TI_Handler_Table_Base                   
00001284  __TI_Handler_Table_Limit                  
0000128a  __TI_CINIT_Base                           
0000129a  __TI_CINIT_Limit                          
0000129a  __TI_CINIT_Warm                           
0000fffe  _reset_vector                             
ffffffff  __TI_pprof_out_hndl                       
ffffffff  __TI_prof_data_size                       
ffffffff  __TI_prof_data_start                      
ffffffff  __c_args__                                
UNDEFED   PM5CTL0                                   
UNDEFED   WDTCTL                                    

[118 symbols]
